WARNING: A restricted method in java.lang.System has been called
WARNING: java.lang.System::loadLibrary has been called by com.google.ortools.Loader in an unnamed module (file:/Users/apete/.m2/repository/com/google/ortools/ortools-java/9.14.6206/ortools-java-9.14.6206.jar)
WARNING: Use --enable-native-access=ALL-UNNAMED to avoid a warning for callers in this module
WARNING: Restricted methods will be blocked in a future release unless native access is enabled


Environment: 8GB/10threads aarch64 [32GB/10threads, 2MB/10threads, 256kB/1thread, 64kB/1thread]


Iteration 1 with 132 model/solver pairs remaining 2026-02-07T15:19:22.319974Z
-----------------------------------------------------------------------------
CVXQP3_M              Hipparchus            FAILED                TIMEOUT               
DUALC1                Hipparchus            WRONG                 6162.39405134238      != 6155.2508          
CVXQP1_M              ojAlgo                FAILED                TIMEOUT               
QPCBOEI2              Hipparchus            WRONG                 7196181.244435853     != 8171962.3          
HS268                 Hipparchus            WRONG                 0.31360218110489807   != 0                  
QPCBOEI1              OSQP                  WRONG                 1.147140103542741E7   != 11503914           
S268                  Hipparchus            WRONG                 0.31360218110489807   != 5.7310705E-7       
QPCBOEI2              OSQP                  WRONG                 7189682.022030117     != 8171962.3          
QPCSTAIR              Hipparchus            FAILED                UNSTABLE              
CVXQP2_M              ojAlgo                FAILED                TIMEOUT               

Iteration 2 with 122 model/solver pairs remaining 2026-02-07T15:47:26.785960Z
-----------------------------------------------------------------------------

Iteration 3 with 122 model/solver pairs remaining 2026-02-07T15:57:49.231138Z
-----------------------------------------------------------------------------
CVXQP1_S              Hipparchus            Time stable           173.753417ms          11590.73439911826     
DUAL1                 Hipparchus            Time stable           62.736ms              0.035017846507731314  
CVXQP2_S              Clarabel4j            Time stable           0.969958ms            8120.940477251413     
DUAL2                 Hipparchus            Time stable           63.090334ms           0.03373517208368592   
DUALC2                Hipparchus            Time stable           0.792834ms            3551.632573074723     
DUAL3                 Hipparchus            Time stable           123.956708ms          0.13576857040037427   
QPCSTAIR              Clarabel4j            Time stable           11.00875ms            6204387.476095343     
CVXQP1_M              Clarabel4j            Time stable           50.803208ms           1087511.5673276726    
CVXQP3_S              Hipparchus            Time stable           125.580208ms          11943.444203298306    
CVXQP3_M              OSQP                  Time stable           523.2215ms            1362828.7415952983    
QPCBLEND              Hipparchus            Time stable           148.688291ms          -0.007844316554338579 
MOSARQP2              OSQP                  Time stable           48.60625ms            -1597.4821175157817   
DUAL2                 Clarabel4j            Time stable           6.020208ms            0.03373368031007675   
QPCSTAIR              OSQP                  Time stable           262.77775ms           6204387.474796432     
MOSARQP2              ojAlgo                Time stable           5096.263625ms         -1597.482117523427    
DUAL4                 OSQP                  Time stable           2.750875ms            0.7460908424950009    
DUALC8                Hipparchus            Time stable           0.706125ms            18312.25866883296     
DUAL1                 Clarabel4j            Time stable           6.050709ms            0.03501298755196928   
CVXQP3_S              ojAlgo                Time stable           3.694375ms            11943.432202309948    
CVXQP1_M              OSQP                  Time stable           76.788125ms           1087511.567321208     
CVXQP3_M              Clarabel4j            Time stable           66.848167ms           1362828.7416041356    
CVXQP1_S              Clarabel4j            Time stable           1.053709ms            11590.7181194325      
DUAL3                 OSQP                  Time stable           7.320042ms            0.1357558386225978    
MOSARQP2              Hipparchus            Time stable           55067.354791ms        -1597.4821975304994   
CVXQP2_M              Hipparchus            Time stable           93954.87925ms         820155.4218256708     
QPCBLEND              Clarabel4j            Time stable           0.893792ms            -0.007842542853565206 
CVXQP2_S              OSQP                  Time stable           0.746584ms            8120.940477251848     
VALUES                Clarabel4j            Time stable           4.501625ms            -1.3966211433271045   
DUAL2                 OSQP                  Time stable           3.746291ms            0.03373367636598945   
HS118                 Hipparchus            Time stable           3.017084ms            664.8215476458131     
CVXQP3_S              Clarabel4j            Time stable           1.329666ms            11943.432202316648    
CVXQP1_M              Hipparchus            Time stable           161527.541083ms       1087511.3646372678    
DUAL1                 ojAlgo                Time stable           3.11325ms             0.0350129657334766    
DUAL1                 OSQP                  Time stable           3.70625ms             0.0350129663367958    
DUAL4                 Hipparchus            Time stable           40.146875ms           0.7461175658281045    
CVXQP2_M              OSQP                  Time stable           39.645708ms           820155.4310162632     
CVXQP2_S              Hipparchus            Time stable           67.960333ms           8120.959865171435     
QPCBOEI1              Hipparchus            Time stable           64120.2945ms          1.1496498319986075E7  
CVXQP2_M              Clarabel4j            Time stable           36.846792ms           820155.4310161149     
VALUES                Hipparchus            Time stable           769.170375ms          -1.39658729172455     

Iteration 4 with 82 model/solver pairs remaining 2026-02-07T16:08:08.837975Z
-----------------------------------------------------------------------------
CVXQP3_S              OSQP                  Time stable           1.083583ms            11943.432202304835    
QPCBOEI2              Clarabel4j            Time stable           2.661541ms            8171962.244347732     
MOSARQP2              Clarabel4j            Time stable           7.853958ms            -1597.4821175167976   
DUAL4                 Clarabel4j            Time stable           3.533166ms            0.7460908637621803    
CVXQP2_S              ojAlgo                Time stable           108.122625ms          8120.940477250763     
DUAL2                 ojAlgo                Time stable           4.056916ms            0.03373367612271745   
QPCBOEI1              Clarabel4j            Time stable           7.954375ms            1.1503914009772103E7  
DUAL3                 Clarabel4j            Time stable           8.176375ms            0.1357558965708443    
CVXQP1_S              ojAlgo                Time stable           8.22175ms             11590.71811942676     
CVXQP1_S              OSQP                  Time stable           1.766917ms            11590.718119895027    
QPCBOEI1              ojAlgo                Time stable           8352.16125ms          1.1503914009768289E7  
VALUES                ojAlgo                Time stable           209.750541ms          -1.3966211447140557   
CVXQP3_M              ojAlgo                Time stable           384.080375ms          1362828.7416028953    
VALUES                OSQP                  Time stable           7.105084ms            -1.3966211345884167   
DUAL4                 ojAlgo                Time stable           2.205959ms            0.7460908418021085    
QPCSTAIR              ojAlgo                Time stable           2623.259ms            6204387.476082277     
QPCBOEI2              ojAlgo                Time stable           483.465167ms          8171962.495059085     
QPCBLEND              OSQP                  Time stable           5.042292ms            -0.007842543083977674 

Iteration 5 with 64 model/solver pairs remaining 2026-02-07T16:08:57.576117Z
-----------------------------------------------------------------------------
QPCBLEND              ojAlgo                Time stable           7.230834ms            -0.007842543074214593 

Iteration 6 with 63 model/solver pairs remaining 2026-02-07T16:08:58.092171Z
-----------------------------------------------------------------------------
DUAL3                 ojAlgo                Time stable           5.434709ms            0.13575583686602102   

Iteration 7 with 62 model/solver pairs remaining 2026-02-07T16:08:58.541959Z
-----------------------------------------------------------------------------

Iteration 8 with 62 model/solver pairs remaining 2026-02-07T16:08:58.639319Z
-----------------------------------------------------------------------------

Iteration 9 with 62 model/solver pairs remaining 2026-02-07T16:08:58.734158Z
-----------------------------------------------------------------------------

Iteration 10 with 62 model/solver pairs remaining 2026-02-07T16:08:58.826399Z
-----------------------------------------------------------------------------

Iteration 11 with 62 model/solver pairs remaining 2026-02-07T16:08:58.917921Z
-----------------------------------------------------------------------------

Iteration 12 with 62 model/solver pairs remaining 2026-02-07T16:08:59.009050Z
-----------------------------------------------------------------------------

Iteration 13 with 62 model/solver pairs remaining 2026-02-07T16:08:59.100879Z
-----------------------------------------------------------------------------

Iteration 14 with 62 model/solver pairs remaining 2026-02-07T16:08:59.191495Z
-----------------------------------------------------------------------------

Iteration 15 with 62 model/solver pairs remaining 2026-02-07T16:08:59.284207Z
-----------------------------------------------------------------------------

Iteration 16 with 62 model/solver pairs remaining 2026-02-07T16:08:59.374950Z
-----------------------------------------------------------------------------

Iteration 17 with 62 model/solver pairs remaining 2026-02-07T16:08:59.466173Z
-----------------------------------------------------------------------------

Iteration 18 with 62 model/solver pairs remaining 2026-02-07T16:08:59.567781Z
-----------------------------------------------------------------------------

Iteration 19 with 62 model/solver pairs remaining 2026-02-07T16:08:59.658075Z
-----------------------------------------------------------------------------

Iteration 20 with 62 model/solver pairs remaining 2026-02-07T16:08:59.748629Z
-----------------------------------------------------------------------------
HS268                 Clarabel4j            Time stable           0.060125ms            1.0827727501628553E-6 
DUALC8                OSQP                  Time stable           0.078708ms            18309.358833243277    
HS21                  Hipparchus            Time stable           0.054167ms            -99.95992668731232    
QPTEST                ojAlgo                Time stable           0.006334ms            4.371875              
HS53                  Clarabel4j            Time stable           0.037917ms            4.093023255813952     
TAME                  Clarabel4j            Time stable           0.021417ms            0.0                   
DUALC5                Clarabel4j            Time stable           0.071583ms            427.23232755418167    
GENHS28               Hipparchus            Time stable           0.158083ms            0.927163573651928     
HS76                  Clarabel4j            Time stable           0.032583ms            -4.681818181738655    
DUALC1                OSQP                  Time stable           0.268875ms            6155.251410982132     
HS52                  Clarabel4j            Time stable           0.020084ms            5.326647564469917     
HS21                  OSQP                  Time stable           0.0095ms              -99.95999999999981    
HS21                  ojAlgo                Time stable           0.0055ms              -99.96                
HS51                  Hipparchus            Time stable           0.077084ms            5.128148427126529E-12 
HS35                  Hipparchus            Time stable           0.0575ms              0.11110889854183209   
DUALC2                OSQP                  Time stable           0.077ms               3551.307842903629     
QPTEST                Hipparchus            Time stable           0.052125ms            4.371795373549981     
DUALC1                ojAlgo                Time stable           0.055834ms            6155.250829463377     
HS52                  Hipparchus            Time stable           0.092541ms            5.326631409728266     
HS76                  Hipparchus            Time stable           0.090625ms            -4.68176033421074     
S268                  ojAlgo                Time stable           0.019625ms            1.9521E-23            
S268                  Clarabel4j            Time stable           0.059333ms            1.0827727501628553E-6 
S268                  OSQP                  Time stable           0.021542ms            7.851681094672648E-10 
DUALC2                ojAlgo                Time stable           0.087209ms            3551.307692670844     
HS35MOD               ojAlgo                Time stable           0.007167ms            0.25                  
TAME                  ojAlgo                Time stable           0.005458ms            0.0                   
HS35MOD               OSQP                  Time stable           0.007458ms            0.25                  
DUALC2                Clarabel4j            Time stable           0.082125ms            3551.307695741058     
TAME                  OSQP                  Time stable           0.005542ms            4.0E-28               
TAME                  Hipparchus            Time stable           0.08725ms             2.10681E-23           
HS53                  Hipparchus            Time stable           0.098792ms            4.093055230874879     
HS21                  Clarabel4j            Time stable           0.029042ms            -99.9599999999964     
DUALC8                ojAlgo                Time stable           0.058834ms            18309.35883273631     
DUALC5                Hipparchus            Time stable           0.215ms               427.2461448375591     
HS76                  OSQP                  Time stable           0.014542ms            -4.681818181945759    
DUALC1                Clarabel4j            Time stable           0.127792ms            6155.250871874518     
GENHS28               Clarabel4j            Time stable           0.035041ms            0.9271736937663944    
HS118                 OSQP                  Time stable           0.307375ms            664.8204500007326     
HS35MOD               Clarabel4j            Time stable           0.035792ms            0.2500000011025886    
HS52                  OSQP                  Time stable           0.010708ms            5.326647564153995     
DUALC5                OSQP                  Time stable           0.03125ms             427.2323275616733     
HS53                  OSQP                  Time stable           0.015458ms            4.093023255652703     
DUALC8                Clarabel4j            Time stable           0.113667ms            18309.359650070946    
HS53                  ojAlgo                Time stable           0.016333ms            4.093023255813954     
HS268                 ojAlgo                Time stable           0.019792ms            1.9521E-23            
DUALC5                ojAlgo                Time stable           0.03275ms             427.23232677639356    
HS35                  Clarabel4j            Time stable           0.027916ms            0.11111111118286      
QPTEST                Clarabel4j            Time stable           0.027625ms            4.371875001924477     
HS51                  Clarabel4j            Time stable           0.017ms               0.0                   
HS76                  ojAlgo                Time stable           0.009ms               -4.681818181818182    
HS52                  ojAlgo                Time stable           0.007375ms            5.326647576871785     
HS35MOD               Hipparchus            Time stable           0.065084ms            0.2500000000000372    
HS118                 ojAlgo                Time stable           0.121125ms            664.8204500000802     
HS268                 OSQP                  Time stable           0.021541ms            7.851644309115595E-10 
QPTEST                OSQP                  Time stable           0.011ms               4.371875              
HS51                  ojAlgo                Time stable           0.0085ms              4.13106175527E-17     
HS35                  OSQP                  Time stable           0.010792ms            0.11111111111906667   
GENHS28               ojAlgo                Time stable           0.019375ms            0.9271736939195341    
HS35                  ojAlgo                Time stable           0.00825ms             0.11111111111111334   
HS118                 Clarabel4j            Time stable           0.118667ms            664.8204500022814     
GENHS28               OSQP                  Time stable           0.02475ms             0.9271736937425615    
HS51                  OSQP                  Time stable           0.006417ms            0.0                   

Final Results
=====================================================================
CVXQP1_M              Clarabel4j            OPTIMAL               50.803208ms           
CVXQP1_M              Hipparchus            OPTIMAL               161527.541083ms       
CVXQP1_M              OSQP                  OPTIMAL               76.788125ms           
CVXQP1_M              ojAlgo                FAILED                TIMEOUT               
CVXQP1_S              Clarabel4j            OPTIMAL               1.053709ms            
CVXQP1_S              Hipparchus            OPTIMAL               173.753417ms          
CVXQP1_S              OSQP                  OPTIMAL               1.766917ms            
CVXQP1_S              ojAlgo                OPTIMAL               8.22175ms             
CVXQP2_M              Clarabel4j            OPTIMAL               36.846792ms           
CVXQP2_M              Hipparchus            OPTIMAL               93954.87925ms         
CVXQP2_M              OSQP                  OPTIMAL               39.645708ms           
CVXQP2_M              ojAlgo                FAILED                TIMEOUT               
CVXQP2_S              Clarabel4j            OPTIMAL               0.969958ms            
CVXQP2_S              Hipparchus            OPTIMAL               67.960333ms           
CVXQP2_S              OSQP                  OPTIMAL               0.746584ms            
CVXQP2_S              ojAlgo                OPTIMAL               108.122625ms          
CVXQP3_M              Clarabel4j            OPTIMAL               66.848167ms           
CVXQP3_M              Hipparchus            FAILED                TIMEOUT               
CVXQP3_M              OSQP                  OPTIMAL               523.2215ms            
CVXQP3_M              ojAlgo                OPTIMAL               384.080375ms          
CVXQP3_S              Clarabel4j            OPTIMAL               1.329666ms            
CVXQP3_S              Hipparchus            OPTIMAL               125.580208ms          
CVXQP3_S              OSQP                  OPTIMAL               1.083583ms            
CVXQP3_S              ojAlgo                OPTIMAL               3.694375ms            
DUAL1                 Clarabel4j            OPTIMAL               6.050709ms            
DUAL1                 Hipparchus            OPTIMAL               62.736ms              
DUAL1                 OSQP                  OPTIMAL               3.70625ms             
DUAL1                 ojAlgo                OPTIMAL               3.11325ms             
DUAL2                 Clarabel4j            OPTIMAL               6.020208ms            
DUAL2                 Hipparchus            OPTIMAL               63.090334ms           
DUAL2                 OSQP                  OPTIMAL               3.746291ms            
DUAL2                 ojAlgo                OPTIMAL               4.056916ms            
DUAL3                 Clarabel4j            OPTIMAL               8.176375ms            
DUAL3                 Hipparchus            OPTIMAL               123.956708ms          
DUAL3                 OSQP                  OPTIMAL               7.320042ms            
DUAL3                 ojAlgo                OPTIMAL               5.434709ms            
DUAL4                 Clarabel4j            OPTIMAL               3.533166ms            
DUAL4                 Hipparchus            OPTIMAL               40.146875ms           
DUAL4                 OSQP                  OPTIMAL               2.750875ms            
DUAL4                 ojAlgo                OPTIMAL               2.205959ms            
DUALC1                Clarabel4j            OPTIMAL               0.127792ms            
DUALC1                Hipparchus            FAILED                WRONG                 
DUALC1                OSQP                  OPTIMAL               0.268875ms            
DUALC1                ojAlgo                OPTIMAL               0.055834ms            
DUALC2                Clarabel4j            OPTIMAL               0.082125ms            
DUALC2                Hipparchus            OPTIMAL               0.792834ms            
DUALC2                OSQP                  OPTIMAL               0.077ms               
DUALC2                ojAlgo                OPTIMAL               0.087209ms            
DUALC5                Clarabel4j            OPTIMAL               0.071583ms            
DUALC5                Hipparchus            OPTIMAL               0.215ms               
DUALC5                OSQP                  OPTIMAL               0.03125ms             
DUALC5                ojAlgo                OPTIMAL               0.03275ms             
DUALC8                Clarabel4j            OPTIMAL               0.113667ms            
DUALC8                Hipparchus            OPTIMAL               0.706125ms            
DUALC8                OSQP                  OPTIMAL               0.078708ms            
DUALC8                ojAlgo                OPTIMAL               0.058834ms            
GENHS28               Clarabel4j            OPTIMAL               0.035041ms            
GENHS28               Hipparchus            OPTIMAL               0.158083ms            
GENHS28               OSQP                  OPTIMAL               0.02475ms             
GENHS28               ojAlgo                OPTIMAL               0.019375ms            
HS118                 Clarabel4j            OPTIMAL               0.118667ms            
HS118                 Hipparchus            OPTIMAL               3.017084ms            
HS118                 OSQP                  OPTIMAL               0.307375ms            
HS118                 ojAlgo                OPTIMAL               0.121125ms            
HS21                  Clarabel4j            OPTIMAL               0.029042ms            
HS21                  Hipparchus            OPTIMAL               0.054167ms            
HS21                  OSQP                  OPTIMAL               0.0095ms              
HS21                  ojAlgo                OPTIMAL               0.0055ms              
HS268                 Clarabel4j            OPTIMAL               0.060125ms            
HS268                 Hipparchus            FAILED                WRONG                 
HS268                 OSQP                  OPTIMAL               0.021541ms            
HS268                 ojAlgo                OPTIMAL               0.019792ms            
HS35                  Clarabel4j            OPTIMAL               0.027916ms            
HS35                  Hipparchus            OPTIMAL               0.0575ms              
HS35                  OSQP                  OPTIMAL               0.010792ms            
HS35                  ojAlgo                OPTIMAL               0.00825ms             
HS35MOD               Clarabel4j            OPTIMAL               0.035792ms            
HS35MOD               Hipparchus            OPTIMAL               0.065084ms            
HS35MOD               OSQP                  OPTIMAL               0.007458ms            
HS35MOD               ojAlgo                OPTIMAL               0.007167ms            
HS51                  Clarabel4j            OPTIMAL               0.017ms               
HS51                  Hipparchus            OPTIMAL               0.077084ms            
HS51                  OSQP                  OPTIMAL               0.006417ms            
HS51                  ojAlgo                OPTIMAL               0.0085ms              
HS52                  Clarabel4j            OPTIMAL               0.020084ms            
HS52                  Hipparchus            OPTIMAL               0.092541ms            
HS52                  OSQP                  OPTIMAL               0.010708ms            
HS52                  ojAlgo                OPTIMAL               0.007375ms            
HS53                  Clarabel4j            OPTIMAL               0.037917ms            
HS53                  Hipparchus            OPTIMAL               0.098792ms            
HS53                  OSQP                  OPTIMAL               0.015458ms            
HS53                  ojAlgo                OPTIMAL               0.016333ms            
HS76                  Clarabel4j            OPTIMAL               0.032583ms            
HS76                  Hipparchus            OPTIMAL               0.090625ms            
HS76                  OSQP                  OPTIMAL               0.014542ms            
HS76                  ojAlgo                OPTIMAL               0.009ms               
MOSARQP2              Clarabel4j            OPTIMAL               7.853958ms            
MOSARQP2              Hipparchus            OPTIMAL               55067.354791ms        
MOSARQP2              OSQP                  OPTIMAL               48.60625ms            
MOSARQP2              ojAlgo                OPTIMAL               5096.263625ms         
QPCBLEND              Clarabel4j            OPTIMAL               0.893792ms            
QPCBLEND              Hipparchus            OPTIMAL               148.688291ms          
QPCBLEND              OSQP                  OPTIMAL               5.042292ms            
QPCBLEND              ojAlgo                OPTIMAL               7.230834ms            
QPCBOEI1              Clarabel4j            OPTIMAL               7.954375ms            
QPCBOEI1              Hipparchus            OPTIMAL               64120.2945ms          
QPCBOEI1              OSQP                  FAILED                WRONG                 
QPCBOEI1              ojAlgo                OPTIMAL               8352.16125ms          
QPCBOEI2              Clarabel4j            OPTIMAL               2.661541ms            
QPCBOEI2              Hipparchus            FAILED                WRONG                 
QPCBOEI2              OSQP                  FAILED                WRONG                 
QPCBOEI2              ojAlgo                OPTIMAL               483.465167ms          
QPCSTAIR              Clarabel4j            OPTIMAL               11.00875ms            
QPCSTAIR              Hipparchus            FAILED                UNSTABLE              
QPCSTAIR              OSQP                  OPTIMAL               262.77775ms           
QPCSTAIR              ojAlgo                OPTIMAL               2623.259ms            
QPTEST                Clarabel4j            OPTIMAL               0.027625ms            
QPTEST                Hipparchus            OPTIMAL               0.052125ms            
QPTEST                OSQP                  OPTIMAL               0.011ms               
QPTEST                ojAlgo                OPTIMAL               0.006334ms            
S268                  Clarabel4j            OPTIMAL               0.059333ms            
S268                  Hipparchus            FAILED                WRONG                 
S268                  OSQP                  OPTIMAL               0.021542ms            
S268                  ojAlgo                OPTIMAL               0.019625ms            
TAME                  Clarabel4j            OPTIMAL               0.021417ms            
TAME                  Hipparchus            OPTIMAL               0.08725ms             
TAME                  OSQP                  OPTIMAL               0.005542ms            
TAME                  ojAlgo                OPTIMAL               0.005458ms            
VALUES                Clarabel4j            OPTIMAL               4.501625ms            
VALUES                Hipparchus            OPTIMAL               769.170375ms          
VALUES                OSQP                  OPTIMAL               7.105084ms            
VALUES                ojAlgo                OPTIMAL               209.750541ms          
