
Environment: 12GB/18threads aarch64 [48GB/18threads, 2MB/18threads, 256kB/1thread, 64kB/1thread]
Workers: 2, threads per worker: 9


Iteration 1 with 376 model/solver pairs remaining 2026-08-09T14:39:13.952910Z
-----------------------------------------------------------------------------
supportcase16         SSC-LP                FAILED                TIMEOUT               
r50x360               ojAlgo-MIP            FAILED                TIMEOUT               
ran16x16              ojAlgo-MIP            FAILED                TIMEOUT               
neos-3610051-istra    ojAlgo-MIP            FAILED                TIMEOUT               
mik-250-1-100-1       ojAlgo-MIP            FAILED                TIMEOUT               
fixnet6               SSC-LP                FAILED                TIMEOUT               
pk1                   SSC-LP                FAILED                TIMEOUT               
sp150x300d            SSC-LP                FAILED                TIMEOUT               
neos-3610051-istra    SSC-LP                FAILED                TIMEOUT               
p0282                 SSC-LP                FAILED                TIMEOUT               
bell3b                SSC-LP                FAILED                TIMEOUT               
ran16x16              SSC-LP                FAILED                TIMEOUT               
22433                 ojAlgo-MIP            INVALID               UNSTABLE              
r50x360               SSC-LP                FAILED                TIMEOUT               
graphdraw-gemcutter   ojAlgo-MIP            FAILED                TIMEOUT               
sp150x300d            ojAlgo-MIP            FAILED                TIMEOUT               
bell3a                SSC-LP                FAILED                TIMEOUT               
pigeon-08             SSC-LP                FAILED                TIMEOUT               
graphdraw-gemcutter   SSC-LP                FAILED                TIMEOUT               
neos17                ojAlgo-MIP            FAILED                TIMEOUT               
fixnet4               SSC-LP                FAILED                TIMEOUT               
fixnet3               SSC-LP                FAILED                TIMEOUT               
neos-2624317-amur     ojAlgo-MIP            FAILED                TIMEOUT               
neos-3611447-jijia    SSC-LP                FAILED                TIMEOUT               
pp08a                 SSC-LP                FAILED                TIMEOUT               
mik-250-20-75-1       SSC-LP                FAILED                TIMEOUT               
set1al                ojAlgo-MIP            FAILED                TIMEOUT               
mik-250-20-75-1       ojAlgo-MIP            FAILED                TIMEOUT               
p0548                 ojAlgo-MIP            FAILED                TIMEOUT               
fixnet3               ojAlgo-MIP            FAILED                TIMEOUT               
vpm1                  SSC-LP                FAILED                TIMEOUT               
modglob               ojAlgo-MIP            FAILED                TIMEOUT               
gen                   SSC-LP                FAILED                TIMEOUT               
neos-3610173-itata    SSC-LP                FAILED                TIMEOUT               
ran12x21              ojAlgo-MIP            FAILED                TIMEOUT               
set1al                SSC-LP                FAILED                TIMEOUT               
aflow30a              ojAlgo-MIP            FAILED                TIMEOUT               
mik-250-20-75-2       SSC-LP                FAILED                TIMEOUT               
bell4                 SSC-LP                FAILED                TIMEOUT               
fixnet4               ojAlgo-MIP            FAILED                TIMEOUT               
vpm2                  SSC-LP                FAILED                TIMEOUT               
ran12x21              SSC-LP                FAILED                TIMEOUT               
ran13x13              SSC-LP                FAILED                TIMEOUT               
neos-3610173-itata    ojAlgo-MIP            FAILED                TIMEOUT               
vpm1                  ojAlgo-MIP            FAILED                TIMEOUT               
modglob               SSC-LP                INFEASIBLE            UNSTABLE              
mik-250-20-75-3       SSC-LP                FAILED                TIMEOUT               
mik-250-20-75-3       ojAlgo-MIP            FAILED                TIMEOUT               
gsvm2rl3              SSC-LP                FAILED                TIMEOUT               
22433                 SSC-LP                FAILED                TIMEOUT               
mik-250-20-75-4       SSC-LP                FAILED                TIMEOUT               
pp08a                 ojAlgo-MIP            FAILED                TIMEOUT               
mik-250-20-75-2       ojAlgo-MIP            FAILED                TIMEOUT               
ic97_tension          SSC-LP                FAILED                TIMEOUT               
fixnet6               ojAlgo-MIP            FAILED                TIMEOUT               
aflow30a              SSC-LP                FAILED                TIMEOUT               
prod2                 SSC-LP                FAILED                TIMEOUT               
gsvm2rl3              ojAlgo-MIP            FAILED                TIMEOUT               
p0548                 SSC-LP                FAILED                TIMEOUT               
neos-3611689-kaihu    SSC-LP                FAILED                TIMEOUT               
stein45               SSC-LP                FAILED                TIMEOUT               
mik-250-20-75-5       SSC-LP                FAILED                TIMEOUT               
blend2                SSC-LP                FAILED                TIMEOUT               
set1cl                ojAlgo-MIP            FAILED                TIMEOUT               
prod2                 ojAlgo-MIP            FAILED                TIMEOUT               
noswot                SSC-LP                FAILED                TIMEOUT               
ic97_tension          ojAlgo-MIP            FAILED                TIMEOUT               
pp08aCUTS             ojAlgo-MIP            FAILED                TIMEOUT               
prod1                 SSC-LP                FAILED                TIMEOUT               
timtab1CUTS           SSC-LP                FAILED                TIMEOUT               
opt1217               SSC-LP                FAILED                TIMEOUT               
set1cl                SSC-LP                FAILED                TIMEOUT               
mik-250-20-75-4       ojAlgo-MIP            FAILED                TIMEOUT               
mik-250-20-75-5       ojAlgo-MIP            FAILED                TIMEOUT               
cracpb1               SSC-LP                FAILED                TIMEOUT               
enlight8              SSC-LP                FAILED                TIMEOUT               
bienst1               SSC-LP                FAILED                TIMEOUT               
pp08aCUTS             SSC-LP                FAILED                TIMEOUT               
timtab1CUTS           ojAlgo-MIP            FAILED                TIMEOUT               
timtab1               SSC-LP                FAILED                TIMEOUT               
timtab1               ojAlgo-MIP            FAILED                TIMEOUT               
23588                 SSC-LP                FAILED                TIMEOUT               
dcmulti               SSC-LP                FAILED                TIMEOUT               
bell4                 ojAlgo-MIP            FAILED                TIMEOUT               
misc03                SSC-LP                FAILED                TIMEOUT               
neos-3610040-iskar    SSC-LP                FAILED                TIMEOUT               
mas76                 SSC-LP                FAILED                TIMEOUT               
noswot                ojAlgo-MIP            FAILED                TIMEOUT               
enlight_hard          SSC-LP                FAILED                TIMEOUT               
nexp-50-20-1-1        ojAlgo-MIP            FAILED                TIMEOUT               
p0291                 SSC-LP                FAILED                TIMEOUT               
exp-1-500-5-5         SSC-LP                FAILED                TIMEOUT               
misc05                SSC-LP                UNBOUNDED             UNSTABLE              
nexp-50-20-1-1        SSC-LP                FAILED                TIMEOUT               
rout                  SSC-LP                FAILED                TIMEOUT               
lseu                  SSC-LP                FAILED                TIMEOUT               
neos-2624317-amur     SSC-LP                FAILED                TIMEOUT               
neos17                SSC-LP                FAILED                TIMEOUT               
set1ch                SSC-LP                FAILED                TIMEOUT               
bppc8-02              SSC-LP                FAILED                TIMEOUT               
rout                  ojAlgo-MIP            FAILED                TIMEOUT               
exp-1-500-5-5         ojAlgo-MIP            FAILED                TIMEOUT               
stein27               SSC-LP                FAILED                TIMEOUT               
misc07                SSC-LP                INFEASIBLE            UNSTABLE              
beavma                ojAlgo-MIP            FAILED                TIMEOUT               
neos-2624317-amur     SCIP                  FAILED                TIMEOUT               
set1ch                ojAlgo-MIP            FAILED                TIMEOUT               
Error working with ModelSolverPair [model=opt1217, solver=ojAlgo-MIP]!
opt1217               ojAlgo-MIP            FAILED                FAILED                
beavma                SSC-LP                FAILED                TIMEOUT               
mik-250-1-100-1       SSC-LP                FAILED                TIMEOUT               

Iteration 2 with 266 model/solver pairs remaining 2026-08-09T19:48:18.334606Z
-----------------------------------------------------------------------------

Iteration 3 with 266 model/solver pairs remaining 2026-08-09T20:31:53.827368Z
-----------------------------------------------------------------------------
gsvm2rl3              HiGHS                 Time stable           5150.575042ms         0.3365275339619642    
mod013                SSC-LP                Time stable           194.148875ms          280.95                
aflow30a              HiGHS                 Time stable           6974.455666ms         1158.0                
pk1                   ojAlgo-MIP            Time stable           2479.660375ms         11.00000000000011     
bell4                 HiGHS                 Time stable           417.510167ms          1.8542042122400157E7  
mod013                SCIP                  Time stable           512.149875ms          280.95                
f2gap40400            HiGHS                 Time stable           5.866375ms            20772.0               
supportcase16         SCIP                  Time stable           54.407833ms           288.0                 
vpm2                  HiGHS                 Time stable           1004.638459ms         13.75                 
pipex                 HiGHS                 Time stable           33.4265ms             788.2629999997624     
r50x360               SCIP                  Time stable           18264.634833ms        1653.0000000000032    
timtab1               HiGHS                 Time stable           28400.357ms           764771.9999998799     
mik-250-20-75-3       HiGHS                 Time stable           1916.231833ms         -52242.00000000003    
gt2                   HiGHS                 Time stable           26.512917ms           21166.0               
sample2               HiGHS                 Time stable           11.479333ms           375.0                 
neos-5192052-neckar   HiGHS                 Time stable           17.354792ms           -1.167E7              
bppc8-02              HiGHS                 Time stable           160.569416ms          507.0                 
neos-3610051-istra    SCIP                  Time stable           669.686208ms          49.0                  
p0040                 SSC-LP                Time stable           6.613083ms            62027.0               
supportcase16         ojAlgo-MIP            Time stable           50.536625ms           288.0                 
enlight8              HiGHS                 Time stable           347.114875ms          27.00000000000374     
22433                 SCIP                  Time stable           771.616917ms          21477.0               
ran16x16              SCIP                  Time stable           28770.101042ms        3823.0                
set1ch                HiGHS                 Time stable           239.01175ms           54537.75              
mik-250-20-75-2       HiGHS                 Time stable           1918.898333ms         -50768.00000000276    
enigma                HiGHS                 Time stable           101.716125ms          0.0                   
bell3a                SCIP                  Time stable           229.954125ms          878430.316            
pk1                   SCIP                  Time stable           52885.936875ms        10.99999999999982     
noswot                HiGHS                 Time stable           42669.176959ms        -41.00000000000001    
pigeon-08             ojAlgo-MIP            Time stable           46787.84575ms         -7000.0               
supportcase14         SCIP                  Time stable           43.043125ms           288.0                 
neos-3611689-kaihu    SCIP                  Time stable           407.499833ms          119.0                 
mik-250-20-75-1       HiGHS                 Time stable           2272.134ms            -49716.00000000193    
stein27               SCIP                  Time stable           78.777959ms           18.0                  
stein15               SCIP                  Time stable           13.41325ms            9.0                   
bell3b                SCIP                  Time stable           1290.525458ms         1.1786160617999999E7  
exp-1-500-5-5         HiGHS                 Time stable           2174.787792ms         65887.00000000013     
timtab1CUTS           HiGHS                 Time stable           33658.598542ms        764771.99999988       
air01                 SCIP                  Time stable           38.060917ms           6796.0                
bell5                 HiGHS                 Time stable           257.641583ms          8966406.49152         
mik-250-1-100-1       SCIP                  Time stable           44299.364375ms        -66729.00000000003    
p0033                 SCIP                  Time stable           5.881708ms            3089.0                
mod008                HiGHS                 Time stable           511.703625ms          306.9999999999855     
nexp-50-20-1-1        HiGHS                 Time stable           26.593625ms           29.0                  
vpm1                  HiGHS                 Time stable           8.566542ms            20.0                  
sentoy                SSC-LP                Time stable           922.525042ms          -7772.0               
dcmulti               HiGHS                 Time stable           567.43675ms           188182.0              
mas76                 HiGHS                 Time stable           89196.736208ms        40005.05414181039     
enlight_hard          HiGHS                 Time stable           4460.846333ms         36.99999999999532     
misc07                SCIP                  Time stable           1624.190959ms         2810.0                
rgn                   HiGHS                 Time stable           110.988792ms          82.19999923999774     
exp-1-500-5-5         SCIP                  Time stable           1207.157708ms         65887.0               
fixnet6               SCIP                  Time stable           3792.833167ms         3983.0                
gen                   ojAlgo-MIP            Time stable           2715.66ms             112313.362718         
neos-3611447-jijia    SCIP                  Time stable           348.352458ms          107.0                 
nexp-50-20-1-1        SCIP                  Time stable           136.737ms             29.0                  
air01                 HiGHS                 Time stable           59.637333ms           6796.0                
dcmulti               ojAlgo-MIP            Time stable           647.894167ms          188182.0              
neos-3610051-istra    HiGHS                 Time stable           1643.960583ms         49.0                  
mik-250-1-100-1       HiGHS                 Time stable           6943.130417ms         -66729.0              
neos-1425699          SCIP                  Time stable           3.1615ms              3.179698977E9         
p0548                 SCIP                  Time stable           45.18325ms            8691.0                
23588                 HiGHS                 Time stable           3950.323917ms         8089.999999999969     
r50x360               HiGHS                 Time stable           20060.730291ms        1653.0000000009047    
gt2                   SCIP                  Time stable           15.90875ms            21166.0               
pp08aCUTS             HiGHS                 Time stable           1003.575416ms         7350.000000017598     
opt1217               HiGHS                 Time stable           92.073666ms           -16.0                 
neos-2624317-amur     HiGHS                 Time stable           7920.079833ms         3.5223968             
pipex                 SCIP                  Time stable           34.62825ms            788.263               
p0033                 SSC-LP                Time stable           67.001667ms           3089.0                
gr4x6                 SCIP                  Time stable           2.52425ms             202.35000000000002    
misc05                SCIP                  Time stable           493.805167ms          2984.5                
neos-3610173-itata    SCIP                  Time stable           362.968ms             148.0                 
set1cl                HiGHS                 Time stable           37.14825ms            6484.25               
bell5                 SCIP                  Time stable           93.854833ms           8966406.49152         
neos-5192052-neckar   ojAlgo-MIP            Time stable           1.281417ms            -1.1670000000000007E7 
egout                 HiGHS                 Time stable           8.127333ms            568.1007              
bell3b                HiGHS                 Time stable           304.322125ms          1.17862305228E7       
bm23                  SSC-LP                Time stable           89.125125ms           34.0                  
ran16x16              HiGHS                 Time stable           32878.435709ms        3823.0000000033283    
p0291                 HiGHS                 Time stable           13.471708ms           5223.749              
pigeon-08             SCIP                  Time stable           300.856375ms          -7000.0               
neos17                HiGHS                 Time stable           3225.858125ms         0.15000257742257742   
sp150x300d            SCIP                  Time stable           133.648084ms          69.0                  
timtab1               SCIP                  Time stable           30791.049958ms        764771.9999998801     
rout                  HiGHS                 Time stable           20332.017167ms        1077.559999999991     
misc02                SCIP                  Time stable           64.458417ms           1690.0                
enlight8              SCIP                  Time stable           2.251583ms            27.0                  
bell4                 SCIP                  Time stable           588.39525ms           1.8541484198E7        
noswot                SCIP                  Time stable           5275.809958ms         -41.0                 
blend2                HiGHS                 Time stable           525.120667ms          7.598985              
stein15               HiGHS                 Time stable           18.769875ms           9.0                   
stein27               HiGHS                 Time stable           377.780792ms          17.99999999999997     
supportcase16         HiGHS                 Time stable           30.030916ms           288.0                 
misc03                SCIP                  Time stable           607.973958ms          3360.0                
neos-3611689-kaihu    ojAlgo-MIP            Time stable           130947.633209ms       119.0                 
beavma                HiGHS                 Time stable           217.203ms             383285.0              
prod1                 ojAlgo-MIP            Time stable           112436.320459ms       -56.0                 
p0201                 HiGHS                 Time stable           474.170916ms          7615.0                
blend2                SCIP                  Time stable           511.508916ms          7.598985              
opt1217               SCIP                  Time stable           56.939167ms           -16.0                 
prod1                 SCIP                  Time stable           7677.281208ms         -56.0                 
cracpb1               SCIP                  Time stable           74.340167ms           22199.0               
pp08aCUTS             SCIP                  Time stable           784.557667ms          7350.000000000002     
mik-250-20-75-5       SCIP                  Time stable           2425.358083ms         -51532.00000000056    
modglob               HiGHS                 Time stable           386.107292ms          2.0740508086308237E7  
neos-3611689-kaihu    HiGHS                 Time stable           895.120709ms          119.0                 
ic97_tension          SCIP                  Time stable           6429.378541ms         3941.9999999999995    
misc01                ojAlgo-MIP            Time stable           11.115083ms           563.4999999999999     
cracpb1               ojAlgo-MIP            Time stable           78.957041ms           22199.0               
egout                 SSC-LP                Time stable           2633.655541ms         568.1007              
gen                   HiGHS                 Time stable           11.033833ms           112313.362718         
fixnet4               HiGHS                 Time stable           188.927917ms          8936.000000000002     
stein45               ojAlgo-MIP            Time stable           5096.249083ms         30.0                  
stein45               SCIP                  Time stable           6821.647208ms         30.0                  
misc05                HiGHS                 Time stable           175.252292ms          2984.499999999992     
bienst1               ojAlgo-MIP            Time stable           74098.008ms           46.74999999999972     
misc07                HiGHS                 Time stable           22391.856292ms        2809.999999999692     
rgn                   SCIP                  Time stable           129.114125ms          82.19999924           
p0282                 HiGHS                 Time stable           87.869208ms           258411.0              
neos-5192052-neckar   SSC-LP                Time stable           3.464208ms            -1.167E7              
bell3a                HiGHS                 Time stable           156.719667ms          878430.3159999811     
mik-250-20-75-4       SCIP                  Time stable           7948.184125ms         -52301.00000000004    
p0040                 HiGHS                 Time stable           2.878916ms            62027.0               
sp150x300d            HiGHS                 Time stable           53.754833ms           68.99999999999999     
flugpl                SCIP                  Time stable           16.250833ms           1201500.0             
misc01                SSC-LP                Time stable           993.3765ms            563.4999999999999     
bm23                  ojAlgo-MIP            Time stable           2.655084ms            34.0                  
mod008                SCIP                  Time stable           112.74675ms           307.0                 
stein9                SSC-LP                Time stable           0.717334ms            5.0                   
supportcase14         HiGHS                 Time stable           37.954792ms           288.0                 
graphdraw-gemcutter   HiGHS                 Time stable           81015.438834ms        7118.499999997938     
neos-1425699          HiGHS                 Time stable           78.611834ms           3.179698977E9         
rgn                   SSC-LP                Time stable           2231.864375ms         82.19999924           
set1al                HiGHS                 Time stable           37.723833ms           15869.75              
misc03                ojAlgo-MIP            Time stable           47.274583ms           3359.999999999997     
mik-250-20-75-3       SCIP                  Time stable           1566.1755ms           -52242.00000000032    
23588                 ojAlgo-MIP            Time stable           192.920333ms          8089.999999999992     
misc02                SSC-LP                Time stable           13.723208ms           1690.0                
pipex                 SSC-LP                Time stable           165.595917ms          788.263               
ran12x21              HiGHS                 Time stable           10432.937334ms        3664.0000000000177    
bm23                  SCIP                  Time stable           101.156209ms          34.0                  
bell5                 SSC-LP                Time stable           168692.658917ms       8966406.49152         
f2gap40400            SSC-LP                Time stable           18451.561917ms        20772.0               
beavma                SCIP                  Time stable           173.689625ms          383285.00000000006    
gr4x6                 SSC-LP                Time stable           5.062417ms            202.35                
misc03                HiGHS                 Time stable           358.205208ms          3359.999999999995     
aflow30a              SCIP                  Time stable           7802.327ms            1158.0                
ran13x13              SCIP                  Time stable           16504.235708ms        3252.0000000000095    
mik-250-20-75-2       SCIP                  Time stable           3363.189458ms         -50768.00000000006    
gsvm2rl3              SCIP                  Time stable           3463.035292ms         0.3365275339619638    
prod2                 SCIP                  Time stable           61652.684708ms        -62.0                 
sentoy                HiGHS                 Time stable           93.98ms               -7772.0               
set1ch                SCIP                  Time stable           131.060917ms          54537.75              
neos-3610040-iskar    HiGHS                 Time stable           745.183083ms          36.99999999999999     
mod008                SSC-LP                Time stable           53843.087916ms        307.0                 
p0291                 SCIP                  Time stable           11.534542ms           5223.749              
fixnet3               HiGHS                 Time stable           49.603833ms           51973.0               
pp08a                 SCIP                  Time stable           592.664292ms          7350.000000000019     
f2gap40400            ojAlgo-MIP            Time stable           794.4225ms            20772.0               
vpm1                  SCIP                  Time stable           14.571625ms           20.0                  
mik-250-20-75-1       SCIP                  Time stable           1600.261875ms         -49716.00000000016    
misc05                ojAlgo-MIP            Time stable           495.400416ms          2984.499999999999     
neos-1425699          ojAlgo-MIP            Time stable           0.717958ms            3.179698977E9         
enigma                SCIP                  Time stable           110.034625ms          0.0                   
dcmulti               SCIP                  Time stable           583.1655ms            188182.0              
sample2               SCIP                  Time stable           32.369166ms           375.0                 
misc01                HiGHS                 Time stable           106.695209ms          563.5000000000003     
set1al                SCIP                  Time stable           39.781542ms           15869.75              
fixnet3               SCIP                  Time stable           15.379625ms           51973.0               
enigma                SSC-LP                Time stable           2142.528833ms         0.0                   
modglob               SCIP                  Time stable           85.818167ms           2.0740508086308237E7  
vpm2                  SCIP                  Time stable           1037.816041ms         13.75                 
p0201                 SCIP                  Time stable           374.142208ms          7615.0                
ran12x21              SCIP                  Time stable           25890.008084ms        3663.9999999999995    
neos-1425699          SSC-LP                Time stable           2.021583ms            3.179698977E9         
pigeon-08             HiGHS                 Time stable           10666.853583ms        -7000.0               
neos17                SCIP                  Time stable           2455.296541ms         0.15000257742257736   
cracpb1               HiGHS                 Time stable           27.150166ms           22199.0               
mod013                HiGHS                 Time stable           142.922334ms          280.95000000000016    
misc02                HiGHS                 Time stable           25.645542ms           1690.0                
gt2                   SSC-LP                Time stable           5634.380333ms         21166.0               
fixnet4               SCIP                  Time stable           249.891375ms          8936.000000000004     
gr4x6                 ojAlgo-MIP            Time stable           0.86075ms             202.35                
rout                  SCIP                  Time stable           4382.442875ms         1077.56               
ran13x13              HiGHS                 Time stable           8468.43125ms          3252.0                
gen                   SCIP                  Time stable           10.604292ms           112313.362718         
stein15               SSC-LP                Time stable           41.683667ms           9.0                   
p0033                 HiGHS                 Time stable           9.795416ms            3089.0                
23588                 SCIP                  Time stable           2142.045416ms         8090.0                
supportcase14         SSC-LP                Time stable           4734.313833ms         288.0                 
stein45               HiGHS                 Time stable           12144.02ms            30.0                  
p0040                 SCIP                  Time stable           1.341ms               62027.0               
p0282                 SCIP                  Time stable           88.762166ms           258411.0              
air01                 SSC-LP                Time stable           328.7245ms            6796.0                
fixnet6               HiGHS                 Time stable           1351.147083ms         3983.0                
neos-3610040-iskar    SCIP                  Time stable           572.654083ms          37.0                  
bell3a                ojAlgo-MIP            Time stable           280.534333ms          878430.316            
stein27               ojAlgo-MIP            Time stable           86.998ms              17.99999999999999     
neos-3610173-itata    HiGHS                 Time stable           1845.887917ms         148.0                 
stein15               ojAlgo-MIP            Time stable           1.360292ms            9.0                   
prod1                 HiGHS                 Time stable           14266.461542ms        -56.0                 
pp08a                 HiGHS                 Time stable           666.687917ms          7350.000000000001     
mik-250-20-75-5       HiGHS                 Time stable           1911.164792ms         -51532.00000000022    
f2gap40400            SCIP                  Time stable           23.585875ms           20772.0               
mas76                 SCIP                  Time stable           23930.368833ms        40005.054142          
set1cl                SCIP                  Time stable           9.207708ms            6484.25               
22433                 HiGHS                 Time stable           1796.029667ms         21476.99999999998     
ic97_tension          HiGHS                 Time stable           12105.037916ms        3942.0000000000014    
lseu                  SCIP                  Time stable           232.108792ms          1120.0                
bppc8-02              SCIP                  Time stable           299.033875ms          507.0                 
flugpl                HiGHS                 Time stable           39.119625ms           1201500.0             
pk1                   HiGHS                 Time stable           121198.283083ms       10.99999999999998     
supportcase14         ojAlgo-MIP            Time stable           19.475875ms           288.0                 
bell3b                ojAlgo-MIP            Time stable           188.650916ms          1.1786160617999999E7  
p0201                 SSC-LP                Time stable           100917.723958ms       7615.0                
bm23                  HiGHS                 Time stable           68.96275ms            34.0                  
mik-250-20-75-4       HiGHS                 Time stable           9229.810125ms         -52301.00000000885    
p0548                 HiGHS                 Time stable           34.945375ms           8691.0                
prod2                 HiGHS                 Time stable           67435.676625ms        -62.0                 

Iteration 4 with 46 model/solver pairs remaining 2026-08-09T21:15:37.327016Z
-----------------------------------------------------------------------------
p0040                 ojAlgo-MIP            Time stable           1.03125ms             62027.0               
p0282                 ojAlgo-MIP            Time stable           33.14325ms            258411.0              
bienst1               HiGHS                 Time stable           20511.970625ms        46.74999999999995     
lseu                  HiGHS                 Time stable           89.604166ms           1120.0                
vpm2                  ojAlgo-MIP            Time stable           130936.024541ms       13.75                 
flugpl                SSC-LP                Time stable           18.678875ms           1201500.0             
ran13x13              ojAlgo-MIP            Time stable           154031.222041ms       3252.0                
egout                 ojAlgo-MIP            Time stable           209.389834ms          568.1007              
misc01                SCIP                  Time stable           100.712083ms          563.5                 
bienst1               SCIP                  Time stable           49861.764958ms        46.74999999999999     
mas76                 ojAlgo-MIP            Time stable           3240.350125ms         40005.05414199999     
neos-3611447-jijia    HiGHS                 Time stable           799.1835ms            107.0                 
neos-3610040-iskar    ojAlgo-MIP            Time stable           247327.552958ms       36.99999999999996     
bppc8-02              ojAlgo-MIP            Time stable           581.337083ms          507.0                 
gt2                   ojAlgo-MIP            Time stable           11.718875ms           21166.0               
p0291                 ojAlgo-MIP            Time stable           10.936583ms           5223.749              
neos-3611447-jijia    ojAlgo-MIP            Time stable           91194.300791ms        107.0                 

Iteration 5 with 29 model/solver pairs remaining 2026-08-09T21:27:43.802871Z
-----------------------------------------------------------------------------
gr4x6                 HiGHS                 Time stable           6.841083ms            202.35                
rgn                   ojAlgo-MIP            Time stable           38.544541ms           82.19999924000923     
graphdraw-gemcutter   SCIP                  Time stable           51236.421375ms        7118.5                
misc02                ojAlgo-MIP            Time stable           1.463708ms            1689.999999999999     
stein9                SCIP                  Time stable           6.011041ms            5.0                   
neos-5192052-neckar   SCIP                  Time stable           9.255208ms            -1.167E7              
p0201                 ojAlgo-MIP            Time stable           91.967083ms           7615.0                
sentoy                SCIP                  Time stable           158.695708ms          -7772.0               

Iteration 6 with 21 model/solver pairs remaining 2026-08-09T21:32:09.051714Z
-----------------------------------------------------------------------------
mod013                ojAlgo-MIP            Time stable           10.827791ms           280.95                
stein9                HiGHS                 Time stable           7.387334ms            5.0                   
enlight_hard          SCIP                  Time stable           2.772708ms            37.0                  
egout                 SCIP                  Time stable           2.870375ms            568.1007              
sample2               SSC-LP                Time stable           30.681416ms           375.0                 
mod008                ojAlgo-MIP            Time stable           41.379417ms           307.0                 
lseu                  ojAlgo-MIP            Time stable           89.355417ms           1120.0                

Iteration 7 with 14 model/solver pairs remaining 2026-08-09T21:35:00.033268Z
-----------------------------------------------------------------------------
blend2                ojAlgo-MIP            Time stable           654.383208ms          7.598985              
enlight8              ojAlgo-MIP            Time stable           341.470084ms          27.0                  
timtab1CUTS           SCIP                  Time stable           63963.158875ms        764771.999999881      

Iteration 8 with 11 model/solver pairs remaining 2026-08-09T21:37:45.524566Z
-----------------------------------------------------------------------------
sentoy                ojAlgo-MIP            Time stable           5.610583ms            -7772.0               
flugpl                ojAlgo-MIP            Time stable           7.007ms               1201500.0             
sample2               ojAlgo-MIP            Time stable           4.38525ms             375.0                 
misc07                ojAlgo-MIP            Time stable           3424.196333ms         2809.999999999958     

Iteration 9 with 7 model/solver pairs remaining 2026-08-09T21:40:10.064841Z
-----------------------------------------------------------------------------
p0033                 ojAlgo-MIP            Time stable           2.3485ms              3089.0                

Iteration 10 with 6 model/solver pairs remaining 2026-08-09T21:42:44.261378Z
-----------------------------------------------------------------------------
pipex                 ojAlgo-MIP            Time stable           10.438167ms           788.263               

Iteration 11 with 5 model/solver pairs remaining 2026-08-09T21:45:09.494116Z
-----------------------------------------------------------------------------
bell5                 ojAlgo-MIP            Time stable           3901.139708ms         8966406.49152         

Iteration 12 with 4 model/solver pairs remaining 2026-08-09T21:47:20.518654Z
-----------------------------------------------------------------------------

Iteration 13 with 4 model/solver pairs remaining 2026-08-09T21:49:39.901640Z
-----------------------------------------------------------------------------
enlight_hard          ojAlgo-MIP            Time stable           14239.26175ms         37.0                  

Iteration 14 with 3 model/solver pairs remaining 2026-08-09T21:51:35.248174Z
-----------------------------------------------------------------------------
air01                 ojAlgo-MIP            Time stable           4.524166ms            6796.0                

Iteration 15 with 2 model/solver pairs remaining 2026-08-09T21:51:35.892405Z
-----------------------------------------------------------------------------
enigma                ojAlgo-MIP            Time stable           5.521125ms            0.0                   

Iteration 16 with 1 model/solver pairs remaining 2026-08-09T21:51:36.028958Z
-----------------------------------------------------------------------------

Iteration 17 with 1 model/solver pairs remaining 2026-08-09T21:51:36.034921Z
-----------------------------------------------------------------------------

Iteration 18 with 1 model/solver pairs remaining 2026-08-09T21:51:36.040207Z
-----------------------------------------------------------------------------

Iteration 19 with 1 model/solver pairs remaining 2026-08-09T21:51:36.045004Z
-----------------------------------------------------------------------------

Iteration 20 with 1 model/solver pairs remaining 2026-08-09T21:51:36.049776Z
-----------------------------------------------------------------------------
stein9                ojAlgo-MIP            Time stable           0.150625ms            5.0                   

Final Results
=====================================================================
22433                 HiGHS                 OPTIMAL               1796.029667ms         
22433                 SCIP                  OPTIMAL               771.616917ms          
22433                 SSC-LP                FAILED                TIMEOUT               
22433                 ojAlgo-MIP            FAILED                UNSTABLE              
23588                 HiGHS                 OPTIMAL               3950.323917ms         
23588                 SCIP                  OPTIMAL               2142.045416ms         
23588                 SSC-LP                FAILED                TIMEOUT               
23588                 ojAlgo-MIP            OPTIMAL               192.920333ms          
aflow30a              HiGHS                 OPTIMAL               6974.455666ms         
aflow30a              SCIP                  OPTIMAL               7802.327ms            
aflow30a              SSC-LP                FAILED                TIMEOUT               
aflow30a              ojAlgo-MIP            FAILED                TIMEOUT               
air01                 HiGHS                 OPTIMAL               59.637333ms           
air01                 SCIP                  OPTIMAL               38.060917ms           
air01                 SSC-LP                OPTIMAL               328.7245ms            
air01                 ojAlgo-MIP            OPTIMAL               4.524166ms            
beavma                HiGHS                 OPTIMAL               217.203ms             
beavma                SCIP                  OPTIMAL               173.689625ms          
beavma                SSC-LP                FAILED                TIMEOUT               
beavma                ojAlgo-MIP            FAILED                TIMEOUT               
bell3a                HiGHS                 OPTIMAL               156.719667ms          
bell3a                SCIP                  OPTIMAL               229.954125ms          
bell3a                SSC-LP                FAILED                TIMEOUT               
bell3a                ojAlgo-MIP            OPTIMAL               280.534333ms          
bell3b                HiGHS                 OPTIMAL               304.322125ms          
bell3b                SCIP                  OPTIMAL               1290.525458ms         
bell3b                SSC-LP                FAILED                TIMEOUT               
bell3b                ojAlgo-MIP            OPTIMAL               188.650916ms          
bell4                 HiGHS                 OPTIMAL               417.510167ms          
bell4                 SCIP                  OPTIMAL               588.39525ms           
bell4                 SSC-LP                FAILED                TIMEOUT               
bell4                 ojAlgo-MIP            FAILED                TIMEOUT               
bell5                 HiGHS                 OPTIMAL               257.641583ms          
bell5                 SCIP                  OPTIMAL               93.854833ms           
bell5                 SSC-LP                OPTIMAL               168692.658917ms       
bell5                 ojAlgo-MIP            OPTIMAL               3901.139708ms         
bienst1               HiGHS                 OPTIMAL               20511.970625ms        
bienst1               SCIP                  OPTIMAL               49861.764958ms        
bienst1               SSC-LP                FAILED                TIMEOUT               
bienst1               ojAlgo-MIP            OPTIMAL               74098.008ms           
blend2                HiGHS                 OPTIMAL               525.120667ms          
blend2                SCIP                  OPTIMAL               511.508916ms          
blend2                SSC-LP                FAILED                TIMEOUT               
blend2                ojAlgo-MIP            OPTIMAL               654.383208ms          
bm23                  HiGHS                 OPTIMAL               68.96275ms            
bm23                  SCIP                  OPTIMAL               101.156209ms          
bm23                  SSC-LP                OPTIMAL               89.125125ms           
bm23                  ojAlgo-MIP            OPTIMAL               2.655084ms            
bppc8-02              HiGHS                 OPTIMAL               160.569416ms          
bppc8-02              SCIP                  OPTIMAL               299.033875ms          
bppc8-02              SSC-LP                FAILED                TIMEOUT               
bppc8-02              ojAlgo-MIP            OPTIMAL               581.337083ms          
cracpb1               HiGHS                 OPTIMAL               27.150166ms           
cracpb1               SCIP                  OPTIMAL               74.340167ms           
cracpb1               SSC-LP                FAILED                TIMEOUT               
cracpb1               ojAlgo-MIP            OPTIMAL               78.957041ms           
dcmulti               HiGHS                 OPTIMAL               567.43675ms           
dcmulti               SCIP                  OPTIMAL               583.1655ms            
dcmulti               SSC-LP                FAILED                TIMEOUT               
dcmulti               ojAlgo-MIP            OPTIMAL               647.894167ms          
egout                 HiGHS                 OPTIMAL               8.127333ms            
egout                 SCIP                  OPTIMAL               2.870375ms            
egout                 SSC-LP                OPTIMAL               2633.655541ms         
egout                 ojAlgo-MIP            OPTIMAL               209.389834ms          
enigma                HiGHS                 OPTIMAL               101.716125ms          
enigma                SCIP                  OPTIMAL               110.034625ms          
enigma                SSC-LP                OPTIMAL               2142.528833ms         
enigma                ojAlgo-MIP            OPTIMAL               5.521125ms            
enlight8              HiGHS                 OPTIMAL               347.114875ms          
enlight8              SCIP                  OPTIMAL               2.251583ms            
enlight8              SSC-LP                FAILED                TIMEOUT               
enlight8              ojAlgo-MIP            OPTIMAL               341.470084ms          
enlight_hard          HiGHS                 OPTIMAL               4460.846333ms         
enlight_hard          SCIP                  OPTIMAL               2.772708ms            
enlight_hard          SSC-LP                FAILED                TIMEOUT               
enlight_hard          ojAlgo-MIP            OPTIMAL               14239.26175ms         
exp-1-500-5-5         HiGHS                 OPTIMAL               2174.787792ms         
exp-1-500-5-5         SCIP                  OPTIMAL               1207.157708ms         
exp-1-500-5-5         SSC-LP                FAILED                TIMEOUT               
exp-1-500-5-5         ojAlgo-MIP            FAILED                TIMEOUT               
f2gap40400            HiGHS                 OPTIMAL               5.866375ms            
f2gap40400            SCIP                  OPTIMAL               23.585875ms           
f2gap40400            SSC-LP                OPTIMAL               18451.561917ms        
f2gap40400            ojAlgo-MIP            OPTIMAL               794.4225ms            
fixnet3               HiGHS                 OPTIMAL               49.603833ms           
fixnet3               SCIP                  OPTIMAL               15.379625ms           
fixnet3               SSC-LP                FAILED                TIMEOUT               
fixnet3               ojAlgo-MIP            FAILED                TIMEOUT               
fixnet4               HiGHS                 OPTIMAL               188.927917ms          
fixnet4               SCIP                  OPTIMAL               249.891375ms          
fixnet4               SSC-LP                FAILED                TIMEOUT               
fixnet4               ojAlgo-MIP            FAILED                TIMEOUT               
fixnet6               HiGHS                 OPTIMAL               1351.147083ms         
fixnet6               SCIP                  OPTIMAL               3792.833167ms         
fixnet6               SSC-LP                FAILED                TIMEOUT               
fixnet6               ojAlgo-MIP            FAILED                TIMEOUT               
flugpl                HiGHS                 OPTIMAL               39.119625ms           
flugpl                SCIP                  OPTIMAL               16.250833ms           
flugpl                SSC-LP                OPTIMAL               18.678875ms           
flugpl                ojAlgo-MIP            OPTIMAL               7.007ms               
gen                   HiGHS                 OPTIMAL               11.033833ms           
gen                   SCIP                  OPTIMAL               10.604292ms           
gen                   SSC-LP                FAILED                TIMEOUT               
gen                   ojAlgo-MIP            OPTIMAL               2715.66ms             
gr4x6                 HiGHS                 OPTIMAL               6.841083ms            
gr4x6                 SCIP                  OPTIMAL               2.52425ms             
gr4x6                 SSC-LP                OPTIMAL               5.062417ms            
gr4x6                 ojAlgo-MIP            OPTIMAL               0.86075ms             
graphdraw-gemcutter   HiGHS                 OPTIMAL               81015.438834ms        
graphdraw-gemcutter   SCIP                  OPTIMAL               51236.421375ms        
graphdraw-gemcutter   SSC-LP                FAILED                TIMEOUT               
graphdraw-gemcutter   ojAlgo-MIP            FAILED                TIMEOUT               
gsvm2rl3              HiGHS                 OPTIMAL               5150.575042ms         
gsvm2rl3              SCIP                  OPTIMAL               3463.035292ms         
gsvm2rl3              SSC-LP                FAILED                TIMEOUT               
gsvm2rl3              ojAlgo-MIP            FAILED                TIMEOUT               
gt2                   HiGHS                 OPTIMAL               26.512917ms           
gt2                   SCIP                  OPTIMAL               15.90875ms            
gt2                   SSC-LP                OPTIMAL               5634.380333ms         
gt2                   ojAlgo-MIP            OPTIMAL               11.718875ms           
ic97_tension          HiGHS                 OPTIMAL               12105.037916ms        
ic97_tension          SCIP                  OPTIMAL               6429.378541ms         
ic97_tension          SSC-LP                FAILED                TIMEOUT               
ic97_tension          ojAlgo-MIP            FAILED                TIMEOUT               
lseu                  HiGHS                 OPTIMAL               89.604166ms           
lseu                  SCIP                  OPTIMAL               232.108792ms          
lseu                  SSC-LP                FAILED                TIMEOUT               
lseu                  ojAlgo-MIP            OPTIMAL               89.355417ms           
mas76                 HiGHS                 OPTIMAL               89196.736208ms        
mas76                 SCIP                  OPTIMAL               23930.368833ms        
mas76                 SSC-LP                FAILED                TIMEOUT               
mas76                 ojAlgo-MIP            OPTIMAL               3240.350125ms         
mik-250-1-100-1       HiGHS                 OPTIMAL               6943.130417ms         
mik-250-1-100-1       SCIP                  OPTIMAL               44299.364375ms        
mik-250-1-100-1       SSC-LP                FAILED                TIMEOUT               
mik-250-1-100-1       ojAlgo-MIP            FAILED                TIMEOUT               
mik-250-20-75-1       HiGHS                 OPTIMAL               2272.134ms            
mik-250-20-75-1       SCIP                  OPTIMAL               1600.261875ms         
mik-250-20-75-1       SSC-LP                FAILED                TIMEOUT               
mik-250-20-75-1       ojAlgo-MIP            FAILED                TIMEOUT               
mik-250-20-75-2       HiGHS                 OPTIMAL               1918.898333ms         
mik-250-20-75-2       SCIP                  OPTIMAL               3363.189458ms         
mik-250-20-75-2       SSC-LP                FAILED                TIMEOUT               
mik-250-20-75-2       ojAlgo-MIP            FAILED                TIMEOUT               
mik-250-20-75-3       HiGHS                 OPTIMAL               1916.231833ms         
mik-250-20-75-3       SCIP                  OPTIMAL               1566.1755ms           
mik-250-20-75-3       SSC-LP                FAILED                TIMEOUT               
mik-250-20-75-3       ojAlgo-MIP            FAILED                TIMEOUT               
mik-250-20-75-4       HiGHS                 OPTIMAL               9229.810125ms         
mik-250-20-75-4       SCIP                  OPTIMAL               7948.184125ms         
mik-250-20-75-4       SSC-LP                FAILED                TIMEOUT               
mik-250-20-75-4       ojAlgo-MIP            FAILED                TIMEOUT               
mik-250-20-75-5       HiGHS                 OPTIMAL               1911.164792ms         
mik-250-20-75-5       SCIP                  OPTIMAL               2425.358083ms         
mik-250-20-75-5       SSC-LP                FAILED                TIMEOUT               
mik-250-20-75-5       ojAlgo-MIP            FAILED                TIMEOUT               
misc01                HiGHS                 OPTIMAL               106.695209ms          
misc01                SCIP                  OPTIMAL               100.712083ms          
misc01                SSC-LP                OPTIMAL               993.3765ms            
misc01                ojAlgo-MIP            OPTIMAL               11.115083ms           
misc02                HiGHS                 OPTIMAL               25.645542ms           
misc02                SCIP                  OPTIMAL               64.458417ms           
misc02                SSC-LP                OPTIMAL               13.723208ms           
misc02                ojAlgo-MIP            OPTIMAL               1.463708ms            
misc03                HiGHS                 OPTIMAL               358.205208ms          
misc03                SCIP                  OPTIMAL               607.973958ms          
misc03                SSC-LP                FAILED                TIMEOUT               
misc03                ojAlgo-MIP            OPTIMAL               47.274583ms           
misc05                HiGHS                 OPTIMAL               175.252292ms          
misc05                SCIP                  OPTIMAL               493.805167ms          
misc05                SSC-LP                FAILED                UNSTABLE              
misc05                ojAlgo-MIP            OPTIMAL               495.400416ms          
misc07                HiGHS                 OPTIMAL               22391.856292ms        
misc07                SCIP                  OPTIMAL               1624.190959ms         
misc07                SSC-LP                FAILED                UNSTABLE              
misc07                ojAlgo-MIP            OPTIMAL               3424.196333ms         
mod008                HiGHS                 OPTIMAL               511.703625ms          
mod008                SCIP                  OPTIMAL               112.74675ms           
mod008                SSC-LP                OPTIMAL               53843.087916ms        
mod008                ojAlgo-MIP            OPTIMAL               41.379417ms           
mod013                HiGHS                 OPTIMAL               142.922334ms          
mod013                SCIP                  OPTIMAL               512.149875ms          
mod013                SSC-LP                OPTIMAL               194.148875ms          
mod013                ojAlgo-MIP            OPTIMAL               10.827791ms           
modglob               HiGHS                 OPTIMAL               386.107292ms          
modglob               SCIP                  OPTIMAL               85.818167ms           
modglob               SSC-LP                FAILED                UNSTABLE              
modglob               ojAlgo-MIP            FAILED                TIMEOUT               
neos-1425699          HiGHS                 OPTIMAL               78.611834ms           
neos-1425699          SCIP                  OPTIMAL               3.1615ms              
neos-1425699          SSC-LP                OPTIMAL               2.021583ms            
neos-1425699          ojAlgo-MIP            OPTIMAL               0.717958ms            
neos-2624317-amur     HiGHS                 OPTIMAL               7920.079833ms         
neos-2624317-amur     SCIP                  FAILED                TIMEOUT               
neos-2624317-amur     SSC-LP                FAILED                TIMEOUT               
neos-2624317-amur     ojAlgo-MIP            FAILED                TIMEOUT               
neos-3610040-iskar    HiGHS                 OPTIMAL               745.183083ms          
neos-3610040-iskar    SCIP                  OPTIMAL               572.654083ms          
neos-3610040-iskar    SSC-LP                FAILED                TIMEOUT               
neos-3610040-iskar    ojAlgo-MIP            OPTIMAL               247327.552958ms       
neos-3610051-istra    HiGHS                 OPTIMAL               1643.960583ms         
neos-3610051-istra    SCIP                  OPTIMAL               669.686208ms          
neos-3610051-istra    SSC-LP                FAILED                TIMEOUT               
neos-3610051-istra    ojAlgo-MIP            FAILED                TIMEOUT               
neos-3610173-itata    HiGHS                 OPTIMAL               1845.887917ms         
neos-3610173-itata    SCIP                  OPTIMAL               362.968ms             
neos-3610173-itata    SSC-LP                FAILED                TIMEOUT               
neos-3610173-itata    ojAlgo-MIP            FAILED                TIMEOUT               
neos-3611447-jijia    HiGHS                 OPTIMAL               799.1835ms            
neos-3611447-jijia    SCIP                  OPTIMAL               348.352458ms          
neos-3611447-jijia    SSC-LP                FAILED                TIMEOUT               
neos-3611447-jijia    ojAlgo-MIP            OPTIMAL               91194.300791ms        
neos-3611689-kaihu    HiGHS                 OPTIMAL               895.120709ms          
neos-3611689-kaihu    SCIP                  OPTIMAL               407.499833ms          
neos-3611689-kaihu    SSC-LP                FAILED                TIMEOUT               
neos-3611689-kaihu    ojAlgo-MIP            OPTIMAL               130947.633209ms       
neos-5192052-neckar   HiGHS                 OPTIMAL               17.354792ms           
neos-5192052-neckar   SCIP                  OPTIMAL               9.255208ms            
neos-5192052-neckar   SSC-LP                OPTIMAL               3.464208ms            
neos-5192052-neckar   ojAlgo-MIP            OPTIMAL               1.281417ms            
neos17                HiGHS                 OPTIMAL               3225.858125ms         
neos17                SCIP                  OPTIMAL               2455.296541ms         
neos17                SSC-LP                FAILED                TIMEOUT               
neos17                ojAlgo-MIP            FAILED                TIMEOUT               
nexp-50-20-1-1        HiGHS                 OPTIMAL               26.593625ms           
nexp-50-20-1-1        SCIP                  OPTIMAL               136.737ms             
nexp-50-20-1-1        SSC-LP                FAILED                TIMEOUT               
nexp-50-20-1-1        ojAlgo-MIP            FAILED                TIMEOUT               
noswot                HiGHS                 OPTIMAL               42669.176959ms        
noswot                SCIP                  OPTIMAL               5275.809958ms         
noswot                SSC-LP                FAILED                TIMEOUT               
noswot                ojAlgo-MIP            FAILED                TIMEOUT               
opt1217               HiGHS                 OPTIMAL               92.073666ms           
opt1217               SCIP                  OPTIMAL               56.939167ms           
opt1217               SSC-LP                FAILED                TIMEOUT               
opt1217               ojAlgo-MIP            FAILED                FAILED                
p0033                 HiGHS                 OPTIMAL               9.795416ms            
p0033                 SCIP                  OPTIMAL               5.881708ms            
p0033                 SSC-LP                OPTIMAL               67.001667ms           
p0033                 ojAlgo-MIP            OPTIMAL               2.3485ms              
p0040                 HiGHS                 OPTIMAL               2.878916ms            
p0040                 SCIP                  OPTIMAL               1.341ms               
p0040                 SSC-LP                OPTIMAL               6.613083ms            
p0040                 ojAlgo-MIP            OPTIMAL               1.03125ms             
p0201                 HiGHS                 OPTIMAL               474.170916ms          
p0201                 SCIP                  OPTIMAL               374.142208ms          
p0201                 SSC-LP                OPTIMAL               100917.723958ms       
p0201                 ojAlgo-MIP            OPTIMAL               91.967083ms           
p0282                 HiGHS                 OPTIMAL               87.869208ms           
p0282                 SCIP                  OPTIMAL               88.762166ms           
p0282                 SSC-LP                FAILED                TIMEOUT               
p0282                 ojAlgo-MIP            OPTIMAL               33.14325ms            
p0291                 HiGHS                 OPTIMAL               13.471708ms           
p0291                 SCIP                  OPTIMAL               11.534542ms           
p0291                 SSC-LP                FAILED                TIMEOUT               
p0291                 ojAlgo-MIP            OPTIMAL               10.936583ms           
p0548                 HiGHS                 OPTIMAL               34.945375ms           
p0548                 SCIP                  OPTIMAL               45.18325ms            
p0548                 SSC-LP                FAILED                TIMEOUT               
p0548                 ojAlgo-MIP            FAILED                TIMEOUT               
pigeon-08             HiGHS                 OPTIMAL               10666.853583ms        
pigeon-08             SCIP                  OPTIMAL               300.856375ms          
pigeon-08             SSC-LP                FAILED                TIMEOUT               
pigeon-08             ojAlgo-MIP            OPTIMAL               46787.84575ms         
pipex                 HiGHS                 OPTIMAL               33.4265ms             
pipex                 SCIP                  OPTIMAL               34.62825ms            
pipex                 SSC-LP                OPTIMAL               165.595917ms          
pipex                 ojAlgo-MIP            OPTIMAL               10.438167ms           
pk1                   HiGHS                 OPTIMAL               121198.283083ms       
pk1                   SCIP                  OPTIMAL               52885.936875ms        
pk1                   SSC-LP                FAILED                TIMEOUT               
pk1                   ojAlgo-MIP            OPTIMAL               2479.660375ms         
pp08a                 HiGHS                 OPTIMAL               666.687917ms          
pp08a                 SCIP                  OPTIMAL               592.664292ms          
pp08a                 SSC-LP                FAILED                TIMEOUT               
pp08a                 ojAlgo-MIP            FAILED                TIMEOUT               
pp08aCUTS             HiGHS                 OPTIMAL               1003.575416ms         
pp08aCUTS             SCIP                  OPTIMAL               784.557667ms          
pp08aCUTS             SSC-LP                FAILED                TIMEOUT               
pp08aCUTS             ojAlgo-MIP            FAILED                TIMEOUT               
prod1                 HiGHS                 OPTIMAL               14266.461542ms        
prod1                 SCIP                  OPTIMAL               7677.281208ms         
prod1                 SSC-LP                FAILED                TIMEOUT               
prod1                 ojAlgo-MIP            OPTIMAL               112436.320459ms       
prod2                 HiGHS                 OPTIMAL               67435.676625ms        
prod2                 SCIP                  OPTIMAL               61652.684708ms        
prod2                 SSC-LP                FAILED                TIMEOUT               
prod2                 ojAlgo-MIP            FAILED                TIMEOUT               
r50x360               HiGHS                 OPTIMAL               20060.730291ms        
r50x360               SCIP                  OPTIMAL               18264.634833ms        
r50x360               SSC-LP                FAILED                TIMEOUT               
r50x360               ojAlgo-MIP            FAILED                TIMEOUT               
ran12x21              HiGHS                 OPTIMAL               10432.937334ms        
ran12x21              SCIP                  OPTIMAL               25890.008084ms        
ran12x21              SSC-LP                FAILED                TIMEOUT               
ran12x21              ojAlgo-MIP            FAILED                TIMEOUT               
ran13x13              HiGHS                 OPTIMAL               8468.43125ms          
ran13x13              SCIP                  OPTIMAL               16504.235708ms        
ran13x13              SSC-LP                FAILED                TIMEOUT               
ran13x13              ojAlgo-MIP            OPTIMAL               154031.222041ms       
ran16x16              HiGHS                 OPTIMAL               32878.435709ms        
ran16x16              SCIP                  OPTIMAL               28770.101042ms        
ran16x16              SSC-LP                FAILED                TIMEOUT               
ran16x16              ojAlgo-MIP            FAILED                TIMEOUT               
rgn                   HiGHS                 OPTIMAL               110.988792ms          
rgn                   SCIP                  OPTIMAL               129.114125ms          
rgn                   SSC-LP                OPTIMAL               2231.864375ms         
rgn                   ojAlgo-MIP            OPTIMAL               38.544541ms           
rout                  HiGHS                 OPTIMAL               20332.017167ms        
rout                  SCIP                  OPTIMAL               4382.442875ms         
rout                  SSC-LP                FAILED                TIMEOUT               
rout                  ojAlgo-MIP            FAILED                TIMEOUT               
sample2               HiGHS                 OPTIMAL               11.479333ms           
sample2               SCIP                  OPTIMAL               32.369166ms           
sample2               SSC-LP                OPTIMAL               30.681416ms           
sample2               ojAlgo-MIP            OPTIMAL               4.38525ms             
sentoy                HiGHS                 OPTIMAL               93.98ms               
sentoy                SCIP                  OPTIMAL               158.695708ms          
sentoy                SSC-LP                OPTIMAL               922.525042ms          
sentoy                ojAlgo-MIP            OPTIMAL               5.610583ms            
set1al                HiGHS                 OPTIMAL               37.723833ms           
set1al                SCIP                  OPTIMAL               39.781542ms           
set1al                SSC-LP                FAILED                TIMEOUT               
set1al                ojAlgo-MIP            FAILED                TIMEOUT               
set1ch                HiGHS                 OPTIMAL               239.01175ms           
set1ch                SCIP                  OPTIMAL               131.060917ms          
set1ch                SSC-LP                FAILED                TIMEOUT               
set1ch                ojAlgo-MIP            FAILED                TIMEOUT               
set1cl                HiGHS                 OPTIMAL               37.14825ms            
set1cl                SCIP                  OPTIMAL               9.207708ms            
set1cl                SSC-LP                FAILED                TIMEOUT               
set1cl                ojAlgo-MIP            FAILED                TIMEOUT               
sp150x300d            HiGHS                 OPTIMAL               53.754833ms           
sp150x300d            SCIP                  OPTIMAL               133.648084ms          
sp150x300d            SSC-LP                FAILED                TIMEOUT               
sp150x300d            ojAlgo-MIP            FAILED                TIMEOUT               
stein15               HiGHS                 OPTIMAL               18.769875ms           
stein15               SCIP                  OPTIMAL               13.41325ms            
stein15               SSC-LP                OPTIMAL               41.683667ms           
stein15               ojAlgo-MIP            OPTIMAL               1.360292ms            
stein27               HiGHS                 OPTIMAL               377.780792ms          
stein27               SCIP                  OPTIMAL               78.777959ms           
stein27               SSC-LP                FAILED                TIMEOUT               
stein27               ojAlgo-MIP            OPTIMAL               86.998ms              
stein45               HiGHS                 OPTIMAL               12144.02ms            
stein45               SCIP                  OPTIMAL               6821.647208ms         
stein45               SSC-LP                FAILED                TIMEOUT               
stein45               ojAlgo-MIP            OPTIMAL               5096.249083ms         
stein9                HiGHS                 OPTIMAL               7.387334ms            
stein9                SCIP                  OPTIMAL               6.011041ms            
stein9                SSC-LP                OPTIMAL               0.717334ms            
stein9                ojAlgo-MIP            OPTIMAL               0.150625ms            
supportcase14         HiGHS                 OPTIMAL               37.954792ms           
supportcase14         SCIP                  OPTIMAL               43.043125ms           
supportcase14         SSC-LP                OPTIMAL               4734.313833ms         
supportcase14         ojAlgo-MIP            OPTIMAL               19.475875ms           
supportcase16         HiGHS                 OPTIMAL               30.030916ms           
supportcase16         SCIP                  OPTIMAL               54.407833ms           
supportcase16         SSC-LP                FAILED                TIMEOUT               
supportcase16         ojAlgo-MIP            OPTIMAL               50.536625ms           
timtab1               HiGHS                 OPTIMAL               28400.357ms           
timtab1               SCIP                  OPTIMAL               30791.049958ms        
timtab1               SSC-LP                FAILED                TIMEOUT               
timtab1               ojAlgo-MIP            FAILED                TIMEOUT               
timtab1CUTS           HiGHS                 OPTIMAL               33658.598542ms        
timtab1CUTS           SCIP                  OPTIMAL               63963.158875ms        
timtab1CUTS           SSC-LP                FAILED                TIMEOUT               
timtab1CUTS           ojAlgo-MIP            FAILED                TIMEOUT               
vpm1                  HiGHS                 OPTIMAL               8.566542ms            
vpm1                  SCIP                  OPTIMAL               14.571625ms           
vpm1                  SSC-LP                FAILED                TIMEOUT               
vpm1                  ojAlgo-MIP            FAILED                TIMEOUT               
vpm2                  HiGHS                 OPTIMAL               1004.638459ms         
vpm2                  SCIP                  OPTIMAL               1037.816041ms         
vpm2                  SSC-LP                FAILED                TIMEOUT               
vpm2                  ojAlgo-MIP            OPTIMAL               130936.024541ms       
