WARNING: Unknown module: ojalgo specified to --patch-module
WARNING: Unknown module: ojalgo specified to --add-reads
WARNING: A restricted method in java.lang.System has been called
WARNING: java.lang.System::loadLibrary has been called by com.google.ortools.Loader in an unnamed module (file:/Users/apete/.m2/repository/com/google/ortools/ortools-java/9.15.6755/ortools-java-9.15.6755.jar)
WARNING: Use --enable-native-access=ALL-UNNAMED to avoid a warning for callers in this module
WARNING: Restricted methods will be blocked in a future release unless native access is enabled


Environment: 8GB/10threads aarch64 [32GB/10threads, 2MB/10threads, 256kB/1thread, 64kB/1thread]


Iteration 1 with 291 model/solver pairs remaining 2026-03-18T05:48:24.589905Z
-----------------------------------------------------------------------------
GREENBEA              ojAlgo-LP-dual-S      UNBOUNDED             UNSTABLE              
GREENBEA              ojAlgo-LP-dual-D      UNBOUNDED             UNSTABLE              
QAP12                 ojAlgo-LP-dual-D      INFEASIBLE            UNSTABLE              
D2Q06C                ojAlgo-LP-dual-D      INFEASIBLE            UNSTABLE              
D2Q06C                ojAlgo-LP-dual-S      INFEASIBLE            UNSTABLE              
MAROS-R7              ojAlgo-LP-dual-S      FAILED                TIMEOUT               
QAP12                 ojAlgo-LP-dual-S      INFEASIBLE            UNSTABLE              
PILOT87               ojAlgo-LP-dual-S      FAILED                TIMEOUT               
PILOT                 ojAlgo-LP-dual-S      UNBOUNDED             UNSTABLE              
PILOT-JA              ojAlgo-LP-dual-D      INFEASIBLE            UNSTABLE              
QAP8                  ojAlgo-LP-dual-S      INFEASIBLE            UNSTABLE              
QAP8                  ojAlgo-LP-dual-D      INFEASIBLE            UNSTABLE              
CRE-A                 ojAlgo-LP-dual-S      INFEASIBLE            UNSTABLE              
WOOD1P                ojAlgo-LP-dual-S      INFEASIBLE            UNSTABLE              
PILOT-JA              ojAlgo-LP-dual-S      INFEASIBLE            UNSTABLE              
CRE-C                 ojAlgo-LP-dual-S      INFEASIBLE            UNSTABLE              
FORPLAN               ojAlgo-LP-dual-S      INFEASIBLE            UNSTABLE              

Iteration 2 with 274 model/solver pairs remaining 2026-03-18T06:33:15.451153Z
-----------------------------------------------------------------------------

Iteration 3 with 274 model/solver pairs remaining 2026-03-18T06:53:45.792025Z
-----------------------------------------------------------------------------
SHIP04S               ojAlgo-LP-dual-S      Time stable           22.843458ms           1798714.7004453917    
SHIP12L               ojAlgo-LP-dual-S      Time stable           222.707958ms          1470187.919329265     
SCSD6                 ojAlgo-LP-dual-S      Time stable           19.675ms              50.5000000771471      
CRE-A                 ORTools               Time stable           121.154791ms          2.359540706097161E7   
SCORPION              ojAlgo-LP-dual-S      Time stable           14.206667ms           1878.1248227381063    
SHARE1B               ojAlgo-LP-dual-S      Time stable           8.813708ms            -76589.31857918586    
MODSZK1               ojAlgo-LP-dual-S      Time stable           261.376875ms          320.6197290659631     
TUFF                  ORTools               Time stable           4.064291ms            0.2921477650936127    
FINNIS                ojAlgo-LP-dual-D      Time stable           20.674417ms           172791.0655956116     
MAROS                 ojAlgo-LP-dual-S      Time stable           676.79325ms           -58063.74370113055    
BOEING1               ojAlgo-LP-dual-D      Time stable           28.616875ms           -335.21356750712533   
STAIR                 ojAlgo-LP-dual-D      Time stable           27.646417ms           -251.2669511929636    
SHIP04S               ojAlgo-LP-dual-D      Time stable           7.131042ms            1798714.7004453917    
SCSD6                 ojAlgo-LP-dual-D      Time stable           18.596167ms           50.50000007714448     
SHIP12L               ojAlgo-LP-dual-D      Time stable           60.233375ms           1470187.9193292651    
KB2                   ojAlgo-LP-dual-S      Time stable           0.571708ms            -1749.9001299062086   
SCFXM1                ojAlgo-LP-dual-D      Time stable           8.506ms               18416.759028348944    
MODSZK1               ojAlgo-LP-dual-D      Time stable           316.505125ms          320.6197290577285     
WOOD1P                ORTools               Time stable           40.870375ms           1.44290241157341      
STAIR                 ojAlgo-LP-dual-S      Time stable           122.714625ms          -251.2669511929631    
PDS-02                ojAlgo-LP-dual-D      Time stable           505.980792ms          2.885786201E10        
SCAGR7                ojAlgo-LP-dual-S      Time stable           3.51225ms             -2331389.8243309865   
BEACONFD              ojAlgo-LP-dual-S      Time stable           3.227958ms            33592.48580719999     
SCRS8                 ojAlgo-LP-dual-D      Time stable           39.577083ms           904.2969538007895     
BRANDY                ojAlgo-LP-dual-D      Time stable           4.663625ms            1518.5098964881292    
PILOT-JA              ORTools               Time stable           111.1875ms            -6113.1364655813495   
SIERRA                ORTools               Time stable           13.965208ms           1.539436218363193E7   
PDS-02                ojAlgo-LP-dual-S      Time stable           4953.1015ms           2.885786201E10        
SCAGR7                ojAlgo-LP-dual-D      Time stable           0.804708ms            -2331389.824330984    
SC105                 ojAlgo-LP-dual-D      Time stable           0.616916ms            -52.20206121170723    
BRANDY                ojAlgo-LP-dual-S      Time stable           22.216ms              1518.509896488134     
FINNIS                ojAlgo-LP-dual-S      Time stable           64.952375ms           172791.06559561155    
D6CUBE                ORTools               Time stable           597.083541ms          315.49166666667315    
BOEING2               ojAlgo-LP-dual-S      Time stable           4.635125ms            -315.01872801520307   
SCFXM2                ojAlgo-LP-dual-S      Time stable           168.778417ms          36660.26156499882     
VTP-BASE              ojAlgo-LP-dual-S      Time stable           1.05775ms             129831.46246136136    
RECIPELP              ojAlgo-LP-dual-S      Time stable           0.572833ms            -266.616              
PILOT-WE              ojAlgo-LP-dual-D      Time stable           1284.542875ms         -2720111.385240721    
SC105                 ojAlgo-LP-dual-S      Time stable           1.216083ms            -52.20206121170723    
DEGEN3                ORTools               Time stable           191.164375ms          -987.2940000000001    
SCSD8                 ojAlgo-LP-dual-S      Time stable           335.205583ms          904.9999999256288     
SHARE2B               ojAlgo-LP-dual-S      Time stable           2.653166ms            -415.7322407414196    
STANDMPS              ORTools               Time stable           5.725666ms            1406.0175             
CAPRI                 ojAlgo-LP-dual-S      Time stable           19.418875ms           2690.0129137681483    
GROW22                ORTools               Time stable           29.138625ms           -1.6083433648256302E8 
SCFXM3                ojAlgo-LP-dual-D      Time stable           125.895958ms          54901.254549751306    
SCSD8                 ojAlgo-LP-dual-D      Time stable           248.351542ms          904.9999999255087     
SHARE2B               ojAlgo-LP-dual-D      Time stable           0.674583ms            -415.73224074141984   
SCRS8                 ojAlgo-LP-dual-S      Time stable           107.888375ms          904.2969538011463     
CYCLE                 ORTools               Time stable           39.66175ms            -5.2263930248941      
STOCFOR2              ORTools               Time stable           25.24125ms            -39024.40853788204    
SCTAP1                ORTools               Time stable           2.885292ms            1412.2499999999995    
BOEING1               ojAlgo-LP-dual-S      Time stable           85.604875ms           -335.21356750712647   
CAPRI                 ojAlgo-LP-dual-D      Time stable           4.874292ms            2690.012913768156     
SCFXM1                ojAlgo-LP-dual-S      Time stable           33.928709ms           18416.759028348937    
SEBA                  ojAlgo-LP-dual-S      Time stable           137.789875ms          15711.600000000006    
KEN-07                ORTools               Time stable           25.220208ms           -6.79520443381687E8   
GROW15                ojAlgo-LP-dual-D      Time stable           15.428ms              -1.0687094129357533E8 
DEGEN2                ORTools               Time stable           17.446292ms           -1435.178             
ETAMACRO              ojAlgo-LP-dual-D      Time stable           24.000541ms           -755.7152333749107    
SCAGR25               ORTools               Time stable           5.109333ms            -1.4753433060768519E7 
BOEING2               ojAlgo-LP-dual-D      Time stable           1.34825ms             -315.0187280152028    
MAROS-R7              ojAlgo-LP-dual-D      Time stable           57274.950125ms        1497185.166441149     
SCFXM2                ojAlgo-LP-dual-D      Time stable           46.913ms              36660.261564998844    
FFFFF800              ORTools               Time stable           7.80175ms             555679.5648174962     
SEBA                  ojAlgo-LP-dual-D      Time stable           33.047709ms           15711.599999999886    
PILOT-WE              ojAlgo-LP-dual-S      Time stable           6920.416875ms         -2720107.532844942    
GROW15                ojAlgo-LP-dual-S      Time stable           49.011333ms           -1.0687094129357532E8 
ETAMACRO              ojAlgo-LP-dual-S      Time stable           62.220834ms           -755.7152333749129    
MAROS                 ojAlgo-LP-dual-D      Time stable           198.321917ms          -58063.74370113237    
SCORPION              ojAlgo-LP-dual-D      Time stable           2.886ms               1878.1248227381075    
SCTAP2                ORTools               Time stable           9.79825ms             1724.807142857143     
FORPLAN               ORTools               Time stable           4.840083ms            -664.2189612722033    
QAP12                 ORTools               Time stable           13904.971375ms        522.8943505591718     
SC205                 ojAlgo-LP-dual-D      Time stable           4.542791ms            -52.20206121170698    
BLEND                 ojAlgo-LP-dual-S      Time stable           1.306833ms            -30.812149845828998   
PILOTNOV              ojAlgo-LP-dual-D      Time stable           2260.271375ms         -4.870909947743083E17 
MAROS-R7              ORTools               Time stable           698.673958ms          1497185.1664800502    
80BAU3B               ojAlgo-LP-dual-S      Time stable           14953.085792ms        987224.1924090902     
WOODW                 ojAlgo-LP-dual-D      Time stable           1866.27275ms          1.30447633308422      
ETAMACRO              ORTools               Time stable           9.700625ms            -755.7152333505863    
SCSD1                 ORTools               Time stable           2.985333ms            8.666666674333346     
BNL2                  ORTools               Time stable           91.08ms               1811.2365403585452    
GANGES                ojAlgo-LP-dual-S      Time stable           665.069208ms          -109585.736129278     
AGG                   ojAlgo-LP-dual-D      Time stable           2.277041ms            -3.599176728657634E7  
SCFXM3                ORTools               Time stable           26.61125ms            54901.254549751444    
PILOTNOV              ojAlgo-LP-dual-S      Time stable           9680.828333ms         -4497.276188218871    
CZPROB                ORTools               Time stable           25.792ms              2185196.6988565777    
AGG                   ojAlgo-LP-dual-S      Time stable           6.819833ms            -3.5991767286576435E7 
STOCFOR1              ojAlgo-LP-dual-S      Time stable           1.089167ms            -41131.9762194364     
SC205                 ojAlgo-LP-dual-S      Time stable           7.296083ms            -52.20206121170726    
80BAU3B               ORTools               Time stable           177.821417ms          987224.1924090903     
WOODW                 ojAlgo-LP-dual-S      Time stable           839.599792ms          1.30447633307657      
PILOT87               ojAlgo-LP-dual-D      Time stable           63272.717959ms        1.5949809506600495E7  
80BAU3B               ojAlgo-LP-dual-D      Time stable           24443.143083ms        987224.1924090802     
BNL2                  ojAlgo-LP-dual-D      Time stable           5597.006292ms         1811.2365403585488    
PILOT87               ORTools               Time stable           2310.127417ms         301.7103473330999     
SCAGR25               ojAlgo-LP-dual-S      Time stable           77.225542ms           -1.4753433060768528E7 
PILOT                 ojAlgo-LP-dual-D      Time stable           19196.195708ms        -2.3013487498634953E20
KEN-07                ojAlgo-LP-dual-S      Time stable           1904.051917ms         -6.79520443381687E8   
BNL2                  ojAlgo-LP-dual-S      Time stable           5425.390333ms         1811.236540358545     
STOCFOR2              ojAlgo-LP-dual-S      Time stable           2104.720625ms         -39024.40853788223    
SCFXM1                ORTools               Time stable           6.231209ms            18416.759028348937    
STOCFOR2              ojAlgo-LP-dual-D      Time stable           3641.681167ms         -39024.40853788098    
BOEING1               ORTools               Time stable           8.254125ms            -335.2135675071269    
SHIP08L               ojAlgo-LP-dual-S      Time stable           101.565292ms          1909055.2113891314    
WOOD1P                ojAlgo-LP-dual-D      Time stable           440.795167ms          0.0                   
BNL1                  ojAlgo-LP-dual-D      Time stable           127.08125ms           1977.6295614993098    
QAP8                  ORTools               Time stable           179.139458ms          203.50000000000878    
RECIPELP              ORTools               Time stable           0.508458ms            -266.616              
FIT1P                 ORTools               Time stable           19.672583ms           9146.378092420928     
GANGES                ojAlgo-LP-dual-D      Time stable           110.554333ms          -109585.73612927813   
KEN-07                ojAlgo-LP-dual-D      Time stable           184.176375ms          -6.79520443381687E8   
FFFFF800              ojAlgo-LP-dual-D      Time stable           40.400625ms           555679.5648175537     
PEROLD                ORTools               Time stable           51.792916ms           -9380.755278235429    
CAPRI                 ORTools               Time stable           4.177875ms            2690.012913768163     
GROW7                 ORTools               Time stable           4.830416ms            -4.7787811814711526E7 
D2Q06C                ORTools               Time stable           602.584917ms          122784.21081418857    
SHIP08L               ojAlgo-LP-dual-D      Time stable           30.124625ms           1909055.2113891311    
STANDMPS              ojAlgo-LP-dual-D      Time stable           5.101125ms            1406.017499999999     
SHELL                 ORTools               Time stable           8.315958ms            1.208825346E9         
FFFFF800              ojAlgo-LP-dual-S      Time stable           148.235709ms          555679.5648174838     
BNL1                  ojAlgo-LP-dual-S      Time stable           423.216666ms          1977.629561522887     
GROW15                ORTools               Time stable           15.27ms               -1.0687094129357532E8 
PILOT4                ORTools               Time stable           22.732292ms           -2581.1392588838853   
BORE3D                ojAlgo-LP-dual-D      Time stable           1.241208ms            1373.0803942084922    
SCFXM2                ORTools               Time stable           16.276875ms           36660.261564998815    
STANDMPS              ojAlgo-LP-dual-S      Time stable           14.682417ms           1406.017499999999     
MAROS                 ORTools               Time stable           25.290792ms           -58063.74370112621    
SCAGR25               ojAlgo-LP-dual-D      Time stable           27.645625ms           -1.475343306076865E7  
ADLITTLE              ojAlgo-LP-dual-S      Time stable           1.124583ms            225494.96316238036    
BOEING2               ORTools               Time stable           1.579542ms            -315.01872801520295   
STANDATA              ojAlgo-LP-dual-D      Time stable           2.291959ms            1257.6994999999997    
GROW22                ojAlgo-LP-dual-D      Time stable           37.689458ms           -1.60834336482563E8   
SHIP08S               ojAlgo-LP-dual-S      Time stable           38.005041ms           1920098.2105346194    
DEGEN3                ojAlgo-LP-dual-D      Time stable           2449.450667ms         -987.294000000005     
STANDATA              ojAlgo-LP-dual-S      Time stable           4.017958ms            1257.6994999999997    
SHARE2B               ORTools               Time stable           0.852583ms            -415.73224074142047   
GROW22                ojAlgo-LP-dual-S      Time stable           112.007042ms          -1.6083433648256296E8 
SHIP08S               ojAlgo-LP-dual-D      Time stable           13.021541ms           1920098.2105346194    
25FV47                ORTools               Time stable           101.871375ms          5501.84588828675      
DEGEN2                ojAlgo-LP-dual-S      Time stable           157.87525ms           -1435.178000000004    
GREENBEA              ORTools               Time stable           377.4215ms            -7.255524812984598E7  
TUFF                  ojAlgo-LP-dual-S      Time stable           57.603458ms           0.29214776509361245   
SCSD6                 ORTools               Time stable           6.980167ms            50.50000007714429     
CYCLE                 ojAlgo-LP-dual-S      Time stable           15884.952041ms        -5.226393024894195    
E226                  ojAlgo-LP-dual-D      Time stable           9.099708ms            -11.638929066378722   
BRANDY                ORTools               Time stable           3.670334ms            1518.509896488128     
CRE-C                 ojAlgo-LP-dual-D      Time stable           521.325958ms          2.527511614088023E7   
GFRD-PNC              ojAlgo-LP-dual-D      Time stable           33.878166ms           6902235.999548807     
LOTFI                 ojAlgo-LP-dual-S      Time stable           7.308542ms            -25.26470606187912    
FINNIS                ORTools               Time stable           6.510667ms            172791.06559561158    
SHIP12S               ojAlgo-LP-dual-S      Time stable           60.760792ms           1489236.1344061291    
SHIP12S               ojAlgo-LP-dual-D      Time stable           17.432708ms           1489236.1344061291    
E226                  ojAlgo-LP-dual-S      Time stable           42.081167ms           -11.638929066370522   
DEGEN3                ojAlgo-LP-dual-S      Time stable           6823.024041ms         -987.2940000000044    
LOTFI                 ojAlgo-LP-dual-D      Time stable           2.586459ms            -25.26470606187985    
GREENBEB              ORTools               Time stable           231.129791ms          -4302260.261206587    
SHELL                 ojAlgo-LP-dual-S      Time stable           58.501875ms           1.208825346E9         
ISRAEL                ojAlgo-LP-dual-D      Time stable           2.128083ms            -896644.8218630458    
TUFF                  ojAlgo-LP-dual-D      Time stable           13.934542ms           0.2921477650935937    
SHELL                 ojAlgo-LP-dual-D      Time stable           14.056334ms           1.208825346E9         
AGG                   ORTools               Time stable           2.530042ms            -3.5991767286576465E7 
SHIP12L               ORTools               Time stable           18.46425ms            1470187.919329265     
SHARE1B               ORTools               Time stable           3.005375ms            -76589.31857918568    
CZPROB                ojAlgo-LP-dual-D      Time stable           114.718083ms          2185196.698856572     
SHIP04S               ORTools               Time stable           4.8425ms              1798714.7004453924    
GROW7                 ojAlgo-LP-dual-S      Time stable           9.2595ms              -4.7787811814711496E7 
STAIR                 ORTools               Time stable           12.597709ms           -251.2669511929625    
GFRD-PNC              ojAlgo-LP-dual-S      Time stable           97.352292ms           6902235.99954881      
SCSD1                 ojAlgo-LP-dual-S      Time stable           5.539042ms            8.666666674333475     
GANGES                ORTools               Time stable           13.745542ms           -109585.7361292784    
STANDGUB              ojAlgo-LP-dual-S      Time stable           3.840083ms            1257.6994999999997    
CZPROB                ojAlgo-LP-dual-S      Time stable           345.5205ms            2185196.6988566434    
FIT1P                 ojAlgo-LP-dual-D      Time stable           569.258125ms          9146.378092420959     
GROW7                 ojAlgo-LP-dual-D      Time stable           3.008ms               -4.7787811814711526E7 
SHIP08L               ORTools               Time stable           16.503667ms           1909055.2113891316    
TRUSS                 ojAlgo-LP-dual-D      Time stable           28311.501542ms        3026347.25918479      
PILOT4                ojAlgo-LP-dual-S      Time stable           718.175292ms          -2581.139258883893    
ADLITTLE              ORTools               Time stable           0.832875ms            225494.96316238036    
NESM                  ORTools               Time stable           64.307125ms           1.4076036487562722E7  
SCSD1                 ojAlgo-LP-dual-D      Time stable           2.132083ms            8.66666667433339      
BORE3D                ORTools               Time stable           1.176416ms            1373.0803942084929    
PEROLD                ojAlgo-LP-dual-D      Time stable           602.475958ms          -9380.7719634293      
FIT1P                 ojAlgo-LP-dual-S      Time stable           374.904125ms          9146.378092420948     
FIT1D                 ORTools               Time stable           20.834417ms           -9146.37809242093     
BNL1                  ORTools               Time stable           36.242042ms           1977.629561522887     
ISRAEL                ojAlgo-LP-dual-S      Time stable           11.621875ms           -896644.8218630453    
PILOT4                ojAlgo-LP-dual-D      Time stable           123.706625ms          -2581.1392589365596   
TRUSS                 ojAlgo-LP-dual-S      Time stable           4734.543041ms         1.1727033852555085E7  
ISRAEL                ORTools               Time stable           2.725584ms            -896644.8218630457    
PEROLD                ojAlgo-LP-dual-S      Time stable           3317.438709ms         -9380.755278235165    
AGG2                  ojAlgo-LP-dual-S      Time stable           16.9275ms             -2.0239252355977155E7 
BANDM                 ojAlgo-LP-dual-S      Time stable           66.865958ms           -158.6280184501125    
FIT1D                 ojAlgo-LP-dual-S      Time stable           49.526125ms           -9146.378092420917    
SCTAP3                ojAlgo-LP-dual-S      Time stable           844.06275ms           1424.0000000000066    
AGG2                  ojAlgo-LP-dual-D      Time stable           4.773833ms            -2.0239252355977103E7 
BANDM                 ojAlgo-LP-dual-D      Time stable           20.104333ms           -158.6280184501261    
PILOT                 ORTools               Time stable           780.068709ms          -557.4897292730852    
D6CUBE                ojAlgo-LP-dual-D      Time stable           505.250416ms          315.49166666668094    
SCTAP3                ORTools               Time stable           17.271292ms           1424.0000000000002    
AGG3                  ojAlgo-LP-dual-S      Time stable           16.784458ms           1.0312115935089227E7  
SCFXM3                ojAlgo-LP-dual-S      Time stable           729.268542ms          54901.25454975146     
SC105                 ORTools               Time stable           0.714542ms            -52.20206121170721    
VTP-BASE              ORTools               Time stable           0.6145ms              129831.46246136136    
SIERRA                ojAlgo-LP-dual-S      Time stable           246.017875ms          1.5394362183631929E7  
D6CUBE                ojAlgo-LP-dual-S      Time stable           397.603459ms          315.491666668072      
PILOTNOV              ORTools               Time stable           61.174958ms           -4497.27618821887     
WOODW                 ORTools               Time stable           49.07775ms            1.30447633308422      
FORPLAN               ojAlgo-LP-dual-D      Time stable           8.602125ms            -664.2189612720674    
AGG3                  ojAlgo-LP-dual-D      Time stable           5.025208ms            1.031211593508921E7   
E226                  ORTools               Time stable           5.014125ms            -11.638929066370544   
PDS-02                ORTools               Time stable           40.9525ms             2.885786201E10        
LOTFI                 ORTools               Time stable           1.235ms               -25.26470606188001    
SIERRA                ojAlgo-LP-dual-D      Time stable           34.757875ms           1.539436218363193E7   
STOCFOR1              ORTools               Time stable           0.621084ms            -41131.97621943641    
SCTAP2                ojAlgo-LP-dual-D      Time stable           82.9635ms             1724.8071428571448    
SCAGR7                ORTools               Time stable           1.025833ms            -2331389.824330984    
AGG3                  ORTools               Time stable           5.248167ms            1.0312115935089221E7  
SC205                 ORTools               Time stable           2.187125ms            -52.2020612117072     
25FV47                ojAlgo-LP-dual-S      Time stable           3415.156334ms         5501.8458882867635    
CRE-C                 ORTools               Time stable           108.364333ms          2.5275116140880212E7  
SCTAP1                ojAlgo-LP-dual-S      Time stable           15.829958ms           1412.2500000000118    
GFRD-PNC              ORTools               Time stable           9.387625ms            6902235.9995488105    
MODSZK1               ORTools               Time stable           18.947417ms           320.6197290631776     
BLEND                 ORTools               Time stable           0.666292ms            -30.812149845828223   
SCRS8                 ORTools               Time stable           11.397916ms           904.2969538007912     
25FV47                ojAlgo-LP-dual-D      Time stable           1603.27975ms          5501.845888301332     
SHIP04L               ojAlgo-LP-dual-S      Time stable           38.013417ms           1793324.5379703557    
SCTAP1                ojAlgo-LP-dual-D      Time stable           5.529208ms            1412.250000000003     
SCTAP3                ojAlgo-LP-dual-D      Time stable           276.787958ms          1423.999999999987     
SCORPION              ORTools               Time stable           3.080875ms            1878.1248227381063    
BANDM                 ORTools               Time stable           6.302417ms            -158.62801845012066   
SCSD8                 ORTools               Time stable           24.861208ms           904.9999999254643     
GREENBEB              ojAlgo-LP-dual-S      Time stable           117890.445958ms       -4302260.261206788    
CRE-A                 ojAlgo-LP-dual-D      Time stable           1015.379416ms         2.3595407060970798E7  
SHIP04L               ojAlgo-LP-dual-D      Time stable           12.798917ms           1793324.5379703555    
DEGEN2                ojAlgo-LP-dual-D      Time stable           42.809042ms           -1435.1779999999997   
NESM                  ojAlgo-LP-dual-S      Time stable           1517.295209ms         1.407603648756269E7   
SCTAP2                ojAlgo-LP-dual-S      Time stable           326.540417ms          1724.807142857151     
TRUSS                 ORTools               Time stable           277.295334ms          458815.84718561685    
PILOT-WE              ORTools               Time stable           62.507042ms           -2720107.532844969    
SEBA                  ORTools               Time stable           2.67875ms             15711.6               
FIT1D                 ojAlgo-LP-dual-D      Time stable           28.566166ms           -9146.378092420955    
NESM                  ojAlgo-LP-dual-D      Time stable           1247.5ms              1.4076036487562696E7  

Iteration 4 with 29 model/solver pairs remaining 2026-03-18T07:13:40.379618Z
-----------------------------------------------------------------------------
SHARE1B               ojAlgo-LP-dual-D      Time stable           2.380708ms            -76589.31857918578    
BEACONFD              ojAlgo-LP-dual-D      Time stable           1.426292ms            33592.48580719999     
SHIP08S               ORTools               Time stable           8.484166ms            1920098.2105346196    
STANDATA              ORTools               Time stable           3.302ms               1257.6995             
BORE3D                ojAlgo-LP-dual-S      Time stable           4.408292ms            1373.0803942084929    
CYCLE                 ojAlgo-LP-dual-D      Time stable           6002.326291ms         13507.162244116309    
STANDGUB              ojAlgo-LP-dual-D      Time stable           2.246542ms            1257.6994999999997    

Iteration 5 with 22 model/solver pairs remaining 2026-03-18T07:15:58.571729Z
-----------------------------------------------------------------------------
SHIP12S               ORTools               Time stable           9.187833ms            1489236.1344061291    
SHIP04L               ORTools               Time stable           7.101959ms            1793324.5379703557    
STANDGUB              ORTools               Time stable           3.417625ms            1257.6995             
AGG2                  ORTools               Time stable           5.255166ms            -2.0239252355977107E7 
BEACONFD              ORTools               Time stable           1.388833ms            33592.4858072         

Iteration 6 with 17 model/solver pairs remaining 2026-03-18T07:17:32.604196Z
-----------------------------------------------------------------------------
GREENBEB              ojAlgo-LP-dual-D      Time stable           29443.600792ms        5.102516122950886E25  

Iteration 7 with 16 model/solver pairs remaining 2026-03-18T07:19:52.739664Z
-----------------------------------------------------------------------------

Iteration 8 with 16 model/solver pairs remaining 2026-03-18T07:19:52.840810Z
-----------------------------------------------------------------------------

Iteration 9 with 16 model/solver pairs remaining 2026-03-18T07:19:52.934095Z
-----------------------------------------------------------------------------

Iteration 10 with 16 model/solver pairs remaining 2026-03-18T07:19:53.023635Z
-----------------------------------------------------------------------------

Iteration 11 with 16 model/solver pairs remaining 2026-03-18T07:19:53.113195Z
-----------------------------------------------------------------------------

Iteration 12 with 16 model/solver pairs remaining 2026-03-18T07:19:53.206574Z
-----------------------------------------------------------------------------

Iteration 13 with 16 model/solver pairs remaining 2026-03-18T07:19:53.295621Z
-----------------------------------------------------------------------------

Iteration 14 with 16 model/solver pairs remaining 2026-03-18T07:19:53.385183Z
-----------------------------------------------------------------------------

Iteration 15 with 16 model/solver pairs remaining 2026-03-18T07:19:53.474757Z
-----------------------------------------------------------------------------

Iteration 16 with 16 model/solver pairs remaining 2026-03-18T07:19:53.564295Z
-----------------------------------------------------------------------------

Iteration 17 with 16 model/solver pairs remaining 2026-03-18T07:19:53.657298Z
-----------------------------------------------------------------------------

Iteration 18 with 16 model/solver pairs remaining 2026-03-18T07:19:53.750028Z
-----------------------------------------------------------------------------

Iteration 19 with 16 model/solver pairs remaining 2026-03-18T07:19:53.840043Z
-----------------------------------------------------------------------------

Iteration 20 with 16 model/solver pairs remaining 2026-03-18T07:19:53.930974Z
-----------------------------------------------------------------------------
KB2                   ojAlgo-LP-dual-D      Time stable           0.153584ms            -1749.9001299062054   
VTP-BASE              ojAlgo-LP-dual-D      Time stable           0.310333ms            129831.46246136136    
RECIPELP              ojAlgo-LP-dual-D      Time stable           0.220583ms            -266.616              
BLEND                 ojAlgo-LP-dual-D      Time stable           0.355708ms            -30.81214984581304    
SC50B                 ORTools               Time stable           0.216083ms            -69.99999999999997    
AFIRO                 ojAlgo-LP-dual-D      Time stable           0.037041ms            -464.75314285714285   
STOCFOR1              ojAlgo-LP-dual-D      Time stable           0.393417ms            -41131.9762194364     
SC50A                 ORTools               Time stable           0.22725ms             -64.5750770585645     
AFIRO                 ojAlgo-LP-dual-S      Time stable           0.06475ms             -464.75314285714285   
ADLITTLE              ojAlgo-LP-dual-D      Time stable           0.298416ms            225494.9631623808     
KB2                   ORTools               Time stable           0.307084ms            -1749.9001299062054   
SC50A                 ojAlgo-LP-dual-S      Time stable           0.259083ms            -64.57507705856449    
AFIRO                 ORTools               Time stable           0.121083ms            -464.7531428571429    
SC50A                 ojAlgo-LP-dual-D      Time stable           0.104667ms            -64.57507705856452    
SC50B                 ojAlgo-LP-dual-S      Time stable           0.282833ms            -69.99999999999999    
SC50B                 ojAlgo-LP-dual-D      Time stable           0.113084ms            -70.0                 

Final Results
=====================================================================
25FV47                ORTools               OPTIMAL               101.871375ms          
25FV47                ojAlgo-LP-dual-D      OPTIMAL               1603.27975ms          
25FV47                ojAlgo-LP-dual-S      OPTIMAL               3415.156334ms         
80BAU3B               ORTools               OPTIMAL               177.821417ms          
80BAU3B               ojAlgo-LP-dual-D      OPTIMAL               24443.143083ms        
80BAU3B               ojAlgo-LP-dual-S      OPTIMAL               14953.085792ms        
ADLITTLE              ORTools               OPTIMAL               0.832875ms            
ADLITTLE              ojAlgo-LP-dual-D      OPTIMAL               0.298416ms            
ADLITTLE              ojAlgo-LP-dual-S      OPTIMAL               1.124583ms            
AFIRO                 ORTools               OPTIMAL               0.121083ms            
AFIRO                 ojAlgo-LP-dual-D      OPTIMAL               0.037041ms            
AFIRO                 ojAlgo-LP-dual-S      OPTIMAL               0.06475ms             
AGG                   ORTools               OPTIMAL               2.530042ms            
AGG                   ojAlgo-LP-dual-D      OPTIMAL               2.277041ms            
AGG                   ojAlgo-LP-dual-S      OPTIMAL               6.819833ms            
AGG2                  ORTools               OPTIMAL               5.255166ms            
AGG2                  ojAlgo-LP-dual-D      OPTIMAL               4.773833ms            
AGG2                  ojAlgo-LP-dual-S      OPTIMAL               16.9275ms             
AGG3                  ORTools               OPTIMAL               5.248167ms            
AGG3                  ojAlgo-LP-dual-D      OPTIMAL               5.025208ms            
AGG3                  ojAlgo-LP-dual-S      OPTIMAL               16.784458ms           
BANDM                 ORTools               OPTIMAL               6.302417ms            
BANDM                 ojAlgo-LP-dual-D      OPTIMAL               20.104333ms           
BANDM                 ojAlgo-LP-dual-S      OPTIMAL               66.865958ms           
BEACONFD              ORTools               OPTIMAL               1.388833ms            
BEACONFD              ojAlgo-LP-dual-D      OPTIMAL               1.426292ms            
BEACONFD              ojAlgo-LP-dual-S      OPTIMAL               3.227958ms            
BLEND                 ORTools               OPTIMAL               0.666292ms            
BLEND                 ojAlgo-LP-dual-D      OPTIMAL               0.355708ms            
BLEND                 ojAlgo-LP-dual-S      OPTIMAL               1.306833ms            
BNL1                  ORTools               OPTIMAL               36.242042ms           
BNL1                  ojAlgo-LP-dual-D      OPTIMAL               127.08125ms           
BNL1                  ojAlgo-LP-dual-S      OPTIMAL               423.216666ms          
BNL2                  ORTools               OPTIMAL               91.08ms               
BNL2                  ojAlgo-LP-dual-D      OPTIMAL               5597.006292ms         
BNL2                  ojAlgo-LP-dual-S      OPTIMAL               5425.390333ms         
BOEING1               ORTools               OPTIMAL               8.254125ms            
BOEING1               ojAlgo-LP-dual-D      OPTIMAL               28.616875ms           
BOEING1               ojAlgo-LP-dual-S      OPTIMAL               85.604875ms           
BOEING2               ORTools               OPTIMAL               1.579542ms            
BOEING2               ojAlgo-LP-dual-D      OPTIMAL               1.34825ms             
BOEING2               ojAlgo-LP-dual-S      OPTIMAL               4.635125ms            
BORE3D                ORTools               OPTIMAL               1.176416ms            
BORE3D                ojAlgo-LP-dual-D      OPTIMAL               1.241208ms            
BORE3D                ojAlgo-LP-dual-S      OPTIMAL               4.408292ms            
BRANDY                ORTools               OPTIMAL               3.670334ms            
BRANDY                ojAlgo-LP-dual-D      OPTIMAL               4.663625ms            
BRANDY                ojAlgo-LP-dual-S      OPTIMAL               22.216ms              
CAPRI                 ORTools               OPTIMAL               4.177875ms            
CAPRI                 ojAlgo-LP-dual-D      OPTIMAL               4.874292ms            
CAPRI                 ojAlgo-LP-dual-S      OPTIMAL               19.418875ms           
CRE-A                 ORTools               OPTIMAL               121.154791ms          
CRE-A                 ojAlgo-LP-dual-D      OPTIMAL               1015.379416ms         
CRE-A                 ojAlgo-LP-dual-S      FAILED                UNSTABLE              
CRE-C                 ORTools               OPTIMAL               108.364333ms          
CRE-C                 ojAlgo-LP-dual-D      OPTIMAL               521.325958ms          
CRE-C                 ojAlgo-LP-dual-S      FAILED                UNSTABLE              
CYCLE                 ORTools               OPTIMAL               39.66175ms            
CYCLE                 ojAlgo-LP-dual-D      FAILED                WRONG                 
CYCLE                 ojAlgo-LP-dual-S      OPTIMAL               15884.952041ms        
CZPROB                ORTools               OPTIMAL               25.792ms              
CZPROB                ojAlgo-LP-dual-D      OPTIMAL               114.718083ms          
CZPROB                ojAlgo-LP-dual-S      OPTIMAL               345.5205ms            
D2Q06C                ORTools               OPTIMAL               602.584917ms          
D2Q06C                ojAlgo-LP-dual-D      FAILED                UNSTABLE              
D2Q06C                ojAlgo-LP-dual-S      FAILED                UNSTABLE              
D6CUBE                ORTools               OPTIMAL               597.083541ms          
D6CUBE                ojAlgo-LP-dual-D      OPTIMAL               505.250416ms          
D6CUBE                ojAlgo-LP-dual-S      OPTIMAL               397.603459ms          
DEGEN2                ORTools               OPTIMAL               17.446292ms           
DEGEN2                ojAlgo-LP-dual-D      OPTIMAL               42.809042ms           
DEGEN2                ojAlgo-LP-dual-S      OPTIMAL               157.87525ms           
DEGEN3                ORTools               OPTIMAL               191.164375ms          
DEGEN3                ojAlgo-LP-dual-D      OPTIMAL               2449.450667ms         
DEGEN3                ojAlgo-LP-dual-S      OPTIMAL               6823.024041ms         
E226                  ORTools               OPTIMAL               5.014125ms            
E226                  ojAlgo-LP-dual-D      OPTIMAL               9.099708ms            
E226                  ojAlgo-LP-dual-S      OPTIMAL               42.081167ms           
ETAMACRO              ORTools               OPTIMAL               9.700625ms            
ETAMACRO              ojAlgo-LP-dual-D      OPTIMAL               24.000541ms           
ETAMACRO              ojAlgo-LP-dual-S      OPTIMAL               62.220834ms           
FFFFF800              ORTools               OPTIMAL               7.80175ms             
FFFFF800              ojAlgo-LP-dual-D      OPTIMAL               40.400625ms           
FFFFF800              ojAlgo-LP-dual-S      OPTIMAL               148.235709ms          
FINNIS                ORTools               OPTIMAL               6.510667ms            
FINNIS                ojAlgo-LP-dual-D      OPTIMAL               20.674417ms           
FINNIS                ojAlgo-LP-dual-S      OPTIMAL               64.952375ms           
FIT1D                 ORTools               OPTIMAL               20.834417ms           
FIT1D                 ojAlgo-LP-dual-D      OPTIMAL               28.566166ms           
FIT1D                 ojAlgo-LP-dual-S      OPTIMAL               49.526125ms           
FIT1P                 ORTools               OPTIMAL               19.672583ms           
FIT1P                 ojAlgo-LP-dual-D      OPTIMAL               569.258125ms          
FIT1P                 ojAlgo-LP-dual-S      OPTIMAL               374.904125ms          
FORPLAN               ORTools               OPTIMAL               4.840083ms            
FORPLAN               ojAlgo-LP-dual-D      OPTIMAL               8.602125ms            
FORPLAN               ojAlgo-LP-dual-S      FAILED                UNSTABLE              
GANGES                ORTools               OPTIMAL               13.745542ms           
GANGES                ojAlgo-LP-dual-D      OPTIMAL               110.554333ms          
GANGES                ojAlgo-LP-dual-S      OPTIMAL               665.069208ms          
GFRD-PNC              ORTools               OPTIMAL               9.387625ms            
GFRD-PNC              ojAlgo-LP-dual-D      OPTIMAL               33.878166ms           
GFRD-PNC              ojAlgo-LP-dual-S      OPTIMAL               97.352292ms           
GREENBEA              ORTools               OPTIMAL               377.4215ms            
GREENBEA              ojAlgo-LP-dual-D      FAILED                UNSTABLE              
GREENBEA              ojAlgo-LP-dual-S      FAILED                UNSTABLE              
GREENBEB              ORTools               OPTIMAL               231.129791ms          
GREENBEB              ojAlgo-LP-dual-D      FAILED                WRONG                 
GREENBEB              ojAlgo-LP-dual-S      OPTIMAL               117890.445958ms       
GROW15                ORTools               OPTIMAL               15.27ms               
GROW15                ojAlgo-LP-dual-D      OPTIMAL               15.428ms              
GROW15                ojAlgo-LP-dual-S      OPTIMAL               49.011333ms           
GROW22                ORTools               OPTIMAL               29.138625ms           
GROW22                ojAlgo-LP-dual-D      OPTIMAL               37.689458ms           
GROW22                ojAlgo-LP-dual-S      OPTIMAL               112.007042ms          
GROW7                 ORTools               OPTIMAL               4.830416ms            
GROW7                 ojAlgo-LP-dual-D      OPTIMAL               3.008ms               
GROW7                 ojAlgo-LP-dual-S      OPTIMAL               9.2595ms              
ISRAEL                ORTools               OPTIMAL               2.725584ms            
ISRAEL                ojAlgo-LP-dual-D      OPTIMAL               2.128083ms            
ISRAEL                ojAlgo-LP-dual-S      OPTIMAL               11.621875ms           
KB2                   ORTools               OPTIMAL               0.307084ms            
KB2                   ojAlgo-LP-dual-D      OPTIMAL               0.153584ms            
KB2                   ojAlgo-LP-dual-S      OPTIMAL               0.571708ms            
KEN-07                ORTools               OPTIMAL               25.220208ms           
KEN-07                ojAlgo-LP-dual-D      OPTIMAL               184.176375ms          
KEN-07                ojAlgo-LP-dual-S      OPTIMAL               1904.051917ms         
LOTFI                 ORTools               OPTIMAL               1.235ms               
LOTFI                 ojAlgo-LP-dual-D      OPTIMAL               2.586459ms            
LOTFI                 ojAlgo-LP-dual-S      OPTIMAL               7.308542ms            
MAROS                 ORTools               OPTIMAL               25.290792ms           
MAROS                 ojAlgo-LP-dual-D      OPTIMAL               198.321917ms          
MAROS                 ojAlgo-LP-dual-S      OPTIMAL               676.79325ms           
MAROS-R7              ORTools               OPTIMAL               698.673958ms          
MAROS-R7              ojAlgo-LP-dual-D      OPTIMAL               57274.950125ms        
MAROS-R7              ojAlgo-LP-dual-S      FAILED                TIMEOUT               
MODSZK1               ORTools               OPTIMAL               18.947417ms           
MODSZK1               ojAlgo-LP-dual-D      OPTIMAL               316.505125ms          
MODSZK1               ojAlgo-LP-dual-S      OPTIMAL               261.376875ms          
NESM                  ORTools               OPTIMAL               64.307125ms           
NESM                  ojAlgo-LP-dual-D      OPTIMAL               1247.5ms              
NESM                  ojAlgo-LP-dual-S      OPTIMAL               1517.295209ms         
PDS-02                ORTools               OPTIMAL               40.9525ms             
PDS-02                ojAlgo-LP-dual-D      OPTIMAL               505.980792ms          
PDS-02                ojAlgo-LP-dual-S      OPTIMAL               4953.1015ms           
PEROLD                ORTools               OPTIMAL               51.792916ms           
PEROLD                ojAlgo-LP-dual-D      OPTIMAL               602.475958ms          
PEROLD                ojAlgo-LP-dual-S      OPTIMAL               3317.438709ms         
PILOT                 ORTools               OPTIMAL               780.068709ms          
PILOT                 ojAlgo-LP-dual-D      FAILED                WRONG                 
PILOT                 ojAlgo-LP-dual-S      FAILED                UNSTABLE              
PILOT-JA              ORTools               OPTIMAL               111.1875ms            
PILOT-JA              ojAlgo-LP-dual-D      FAILED                UNSTABLE              
PILOT-JA              ojAlgo-LP-dual-S      FAILED                UNSTABLE              
PILOT-WE              ORTools               OPTIMAL               62.507042ms           
PILOT-WE              ojAlgo-LP-dual-D      OPTIMAL               1284.542875ms         
PILOT-WE              ojAlgo-LP-dual-S      OPTIMAL               6920.416875ms         
PILOT4                ORTools               OPTIMAL               22.732292ms           
PILOT4                ojAlgo-LP-dual-D      OPTIMAL               123.706625ms          
PILOT4                ojAlgo-LP-dual-S      OPTIMAL               718.175292ms          
PILOT87               ORTools               OPTIMAL               2310.127417ms         
PILOT87               ojAlgo-LP-dual-D      FAILED                WRONG                 
PILOT87               ojAlgo-LP-dual-S      FAILED                TIMEOUT               
PILOTNOV              ORTools               OPTIMAL               61.174958ms           
PILOTNOV              ojAlgo-LP-dual-D      FAILED                WRONG                 
PILOTNOV              ojAlgo-LP-dual-S      OPTIMAL               9680.828333ms         
QAP12                 ORTools               OPTIMAL               13904.971375ms        
QAP12                 ojAlgo-LP-dual-D      FAILED                UNSTABLE              
QAP12                 ojAlgo-LP-dual-S      FAILED                UNSTABLE              
QAP8                  ORTools               OPTIMAL               179.139458ms          
QAP8                  ojAlgo-LP-dual-D      FAILED                UNSTABLE              
QAP8                  ojAlgo-LP-dual-S      FAILED                UNSTABLE              
RECIPELP              ORTools               OPTIMAL               0.508458ms            
RECIPELP              ojAlgo-LP-dual-D      OPTIMAL               0.220583ms            
RECIPELP              ojAlgo-LP-dual-S      OPTIMAL               0.572833ms            
SC105                 ORTools               OPTIMAL               0.714542ms            
SC105                 ojAlgo-LP-dual-D      OPTIMAL               0.616916ms            
SC105                 ojAlgo-LP-dual-S      OPTIMAL               1.216083ms            
SC205                 ORTools               OPTIMAL               2.187125ms            
SC205                 ojAlgo-LP-dual-D      OPTIMAL               4.542791ms            
SC205                 ojAlgo-LP-dual-S      OPTIMAL               7.296083ms            
SC50A                 ORTools               OPTIMAL               0.22725ms             
SC50A                 ojAlgo-LP-dual-D      OPTIMAL               0.104667ms            
SC50A                 ojAlgo-LP-dual-S      OPTIMAL               0.259083ms            
SC50B                 ORTools               OPTIMAL               0.216083ms            
SC50B                 ojAlgo-LP-dual-D      OPTIMAL               0.113084ms            
SC50B                 ojAlgo-LP-dual-S      OPTIMAL               0.282833ms            
SCAGR25               ORTools               OPTIMAL               5.109333ms            
SCAGR25               ojAlgo-LP-dual-D      OPTIMAL               27.645625ms           
SCAGR25               ojAlgo-LP-dual-S      OPTIMAL               77.225542ms           
SCAGR7                ORTools               OPTIMAL               1.025833ms            
SCAGR7                ojAlgo-LP-dual-D      OPTIMAL               0.804708ms            
SCAGR7                ojAlgo-LP-dual-S      OPTIMAL               3.51225ms             
SCFXM1                ORTools               OPTIMAL               6.231209ms            
SCFXM1                ojAlgo-LP-dual-D      OPTIMAL               8.506ms               
SCFXM1                ojAlgo-LP-dual-S      OPTIMAL               33.928709ms           
SCFXM2                ORTools               OPTIMAL               16.276875ms           
SCFXM2                ojAlgo-LP-dual-D      OPTIMAL               46.913ms              
SCFXM2                ojAlgo-LP-dual-S      OPTIMAL               168.778417ms          
SCFXM3                ORTools               OPTIMAL               26.61125ms            
SCFXM3                ojAlgo-LP-dual-D      OPTIMAL               125.895958ms          
SCFXM3                ojAlgo-LP-dual-S      OPTIMAL               729.268542ms          
SCORPION              ORTools               OPTIMAL               3.080875ms            
SCORPION              ojAlgo-LP-dual-D      OPTIMAL               2.886ms               
SCORPION              ojAlgo-LP-dual-S      OPTIMAL               14.206667ms           
SCRS8                 ORTools               OPTIMAL               11.397916ms           
SCRS8                 ojAlgo-LP-dual-D      OPTIMAL               39.577083ms           
SCRS8                 ojAlgo-LP-dual-S      OPTIMAL               107.888375ms          
SCSD1                 ORTools               OPTIMAL               2.985333ms            
SCSD1                 ojAlgo-LP-dual-D      OPTIMAL               2.132083ms            
SCSD1                 ojAlgo-LP-dual-S      OPTIMAL               5.539042ms            
SCSD6                 ORTools               OPTIMAL               6.980167ms            
SCSD6                 ojAlgo-LP-dual-D      OPTIMAL               18.596167ms           
SCSD6                 ojAlgo-LP-dual-S      OPTIMAL               19.675ms              
SCSD8                 ORTools               OPTIMAL               24.861208ms           
SCSD8                 ojAlgo-LP-dual-D      OPTIMAL               248.351542ms          
SCSD8                 ojAlgo-LP-dual-S      OPTIMAL               335.205583ms          
SCTAP1                ORTools               OPTIMAL               2.885292ms            
SCTAP1                ojAlgo-LP-dual-D      OPTIMAL               5.529208ms            
SCTAP1                ojAlgo-LP-dual-S      OPTIMAL               15.829958ms           
SCTAP2                ORTools               OPTIMAL               9.79825ms             
SCTAP2                ojAlgo-LP-dual-D      OPTIMAL               82.9635ms             
SCTAP2                ojAlgo-LP-dual-S      OPTIMAL               326.540417ms          
SCTAP3                ORTools               OPTIMAL               17.271292ms           
SCTAP3                ojAlgo-LP-dual-D      OPTIMAL               276.787958ms          
SCTAP3                ojAlgo-LP-dual-S      OPTIMAL               844.06275ms           
SEBA                  ORTools               OPTIMAL               2.67875ms             
SEBA                  ojAlgo-LP-dual-D      OPTIMAL               33.047709ms           
SEBA                  ojAlgo-LP-dual-S      OPTIMAL               137.789875ms          
SHARE1B               ORTools               OPTIMAL               3.005375ms            
SHARE1B               ojAlgo-LP-dual-D      OPTIMAL               2.380708ms            
SHARE1B               ojAlgo-LP-dual-S      OPTIMAL               8.813708ms            
SHARE2B               ORTools               OPTIMAL               0.852583ms            
SHARE2B               ojAlgo-LP-dual-D      OPTIMAL               0.674583ms            
SHARE2B               ojAlgo-LP-dual-S      OPTIMAL               2.653166ms            
SHELL                 ORTools               OPTIMAL               8.315958ms            
SHELL                 ojAlgo-LP-dual-D      OPTIMAL               14.056334ms           
SHELL                 ojAlgo-LP-dual-S      OPTIMAL               58.501875ms           
SHIP04L               ORTools               OPTIMAL               7.101959ms            
SHIP04L               ojAlgo-LP-dual-D      OPTIMAL               12.798917ms           
SHIP04L               ojAlgo-LP-dual-S      OPTIMAL               38.013417ms           
SHIP04S               ORTools               OPTIMAL               4.8425ms              
SHIP04S               ojAlgo-LP-dual-D      OPTIMAL               7.131042ms            
SHIP04S               ojAlgo-LP-dual-S      OPTIMAL               22.843458ms           
SHIP08L               ORTools               OPTIMAL               16.503667ms           
SHIP08L               ojAlgo-LP-dual-D      OPTIMAL               30.124625ms           
SHIP08L               ojAlgo-LP-dual-S      OPTIMAL               101.565292ms          
SHIP08S               ORTools               OPTIMAL               8.484166ms            
SHIP08S               ojAlgo-LP-dual-D      OPTIMAL               13.021541ms           
SHIP08S               ojAlgo-LP-dual-S      OPTIMAL               38.005041ms           
SHIP12L               ORTools               OPTIMAL               18.46425ms            
SHIP12L               ojAlgo-LP-dual-D      OPTIMAL               60.233375ms           
SHIP12L               ojAlgo-LP-dual-S      OPTIMAL               222.707958ms          
SHIP12S               ORTools               OPTIMAL               9.187833ms            
SHIP12S               ojAlgo-LP-dual-D      OPTIMAL               17.432708ms           
SHIP12S               ojAlgo-LP-dual-S      OPTIMAL               60.760792ms           
SIERRA                ORTools               OPTIMAL               13.965208ms           
SIERRA                ojAlgo-LP-dual-D      OPTIMAL               34.757875ms           
SIERRA                ojAlgo-LP-dual-S      OPTIMAL               246.017875ms          
STAIR                 ORTools               OPTIMAL               12.597709ms           
STAIR                 ojAlgo-LP-dual-D      OPTIMAL               27.646417ms           
STAIR                 ojAlgo-LP-dual-S      OPTIMAL               122.714625ms          
STANDATA              ORTools               OPTIMAL               3.302ms               
STANDATA              ojAlgo-LP-dual-D      OPTIMAL               2.291959ms            
STANDATA              ojAlgo-LP-dual-S      OPTIMAL               4.017958ms            
STANDGUB              ORTools               OPTIMAL               3.417625ms            
STANDGUB              ojAlgo-LP-dual-D      OPTIMAL               2.246542ms            
STANDGUB              ojAlgo-LP-dual-S      OPTIMAL               3.840083ms            
STANDMPS              ORTools               OPTIMAL               5.725666ms            
STANDMPS              ojAlgo-LP-dual-D      OPTIMAL               5.101125ms            
STANDMPS              ojAlgo-LP-dual-S      OPTIMAL               14.682417ms           
STOCFOR1              ORTools               OPTIMAL               0.621084ms            
STOCFOR1              ojAlgo-LP-dual-D      OPTIMAL               0.393417ms            
STOCFOR1              ojAlgo-LP-dual-S      OPTIMAL               1.089167ms            
STOCFOR2              ORTools               OPTIMAL               25.24125ms            
STOCFOR2              ojAlgo-LP-dual-D      OPTIMAL               3641.681167ms         
STOCFOR2              ojAlgo-LP-dual-S      OPTIMAL               2104.720625ms         
TRUSS                 ORTools               OPTIMAL               277.295334ms          
TRUSS                 ojAlgo-LP-dual-D      FAILED                WRONG                 
TRUSS                 ojAlgo-LP-dual-S      FAILED                WRONG                 
TUFF                  ORTools               OPTIMAL               4.064291ms            
TUFF                  ojAlgo-LP-dual-D      OPTIMAL               13.934542ms           
TUFF                  ojAlgo-LP-dual-S      OPTIMAL               57.603458ms           
VTP-BASE              ORTools               OPTIMAL               0.6145ms              
VTP-BASE              ojAlgo-LP-dual-D      OPTIMAL               0.310333ms            
VTP-BASE              ojAlgo-LP-dual-S      OPTIMAL               1.05775ms             
WOOD1P                ORTools               OPTIMAL               40.870375ms           
WOOD1P                ojAlgo-LP-dual-D      FAILED                WRONG                 
WOOD1P                ojAlgo-LP-dual-S      FAILED                UNSTABLE              
WOODW                 ORTools               OPTIMAL               49.07775ms            
WOODW                 ojAlgo-LP-dual-D      OPTIMAL               1866.27275ms          
WOODW                 ojAlgo-LP-dual-S      OPTIMAL               839.599792ms          
