WARNING: Unknown module: ojalgo specified to --patch-module
WARNING: Unknown module: ojalgo specified to --add-reads
WARNING: A restricted method in java.lang.System has been called
WARNING: java.lang.System::loadLibrary has been called by com.google.ortools.Loader in an unnamed module (file:/Users/apete/.m2/repository/com/google/ortools/ortools-java/9.15.6755/ortools-java-9.15.6755.jar)
WARNING: Use --enable-native-access=ALL-UNNAMED to avoid a warning for callers in this module
WARNING: Restricted methods will be blocked in a future release unless native access is enabled


Environment: 8GB/10threads aarch64 [32GB/10threads, 2MB/10threads, 256kB/1thread, 64kB/1thread]


Iteration 1 with 392 model/solver pairs remaining 2026-06-11T07:07:11.623886Z
-----------------------------------------------------------------------------
TRUSS                 Hipparchus            FAILED                TIMEOUT               
CYCLE                 Hipparchus            FAILED                TIMEOUT               
PILOT-JA              Hipparchus            UNBOUNDED             UNSTABLE              
GANGES                Hipparchus            INFEASIBLE            UNSTABLE              
GROW15                Hipparchus            FAILED                TIMEOUT               
GROW7                 Hipparchus            FAILED                TIMEOUT               
80BAU3B               Hipparchus            FAILED                TIMEOUT               
PILOT87               Hipparchus            FAILED                TIMEOUT               
SCFXM3                Hipparchus            FAILED                TIMEOUT               
TUFF                  Hipparchus            FAILED                TIMEOUT               
MAROS-R7              Hipparchus            FAILED                TIMEOUT               
SCFXM2                Hipparchus            FAILED                TIMEOUT               
MAROS                 Hipparchus            FAILED                TIMEOUT               
QAP12                 Hipparchus            INFEASIBLE            UNSTABLE              
BOEING1               Hipparchus            UNBOUNDED             UNSTABLE              
FINNIS                Hipparchus            FAILED                TIMEOUT               
GREENBEA              Hipparchus            FAILED                TIMEOUT               
25FV47                Hipparchus            FAILED                TIMEOUT               
BNL2                  Hipparchus            FAILED                TIMEOUT               
FFFFF800              Hipparchus            FAILED                TIMEOUT               
GREENBEB              Hipparchus            FAILED                TIMEOUT               
BORE3D                Hipparchus            FAILED                TIMEOUT               
BNL1                  Hipparchus            INFEASIBLE            UNSTABLE              
D6CUBE                Hipparchus            FAILED                TIMEOUT               
STOCFOR2              Hipparchus            FAILED                TIMEOUT               
WOODW                 Hipparchus            FAILED                TIMEOUT               
PILOTNOV              Hipparchus            FAILED                TIMEOUT               
BANDM                 Hipparchus            INFEASIBLE            UNSTABLE              
PILOT-WE              Hipparchus            FAILED                TIMEOUT               
Error working with ModelSolverPair [model=FIT2D, solver=Hipparchus]!
FIT2D                 Hipparchus            FAILED                FAILED                
SCTAP3                Hipparchus            FAILED                TIMEOUT               
WOOD1P                Hipparchus            FAILED                TIMEOUT               
SCAGR25               Hipparchus            FAILED                TIMEOUT               
SCTAP2                Hipparchus            FAILED                TIMEOUT               
QAP8                  Hipparchus            FAILED                TIMEOUT               
D2Q06C                Hipparchus            FAILED                TIMEOUT               
PEROLD                Hipparchus            FAILED                TIMEOUT               
PILOT4                Hipparchus            UNBOUNDED             UNSTABLE              
MODSZK1               Hipparchus            UNBOUNDED             UNSTABLE              
SCFXM1                Hipparchus            FAILED                TIMEOUT               
STAIR                 Hipparchus            FAILED                TIMEOUT               
PILOT                 Hipparchus            FAILED                TIMEOUT               
SCSD6                 Hipparchus            UNBOUNDED             UNSTABLE              
NESM                  Hipparchus            FAILED                TIMEOUT               
GREENBEA              ojAlgo-LP             UNBOUNDED             UNSTABLE              
SEBA                  Hipparchus            FAILED                TIMEOUT               

Iteration 2 with 346 model/solver pairs remaining 2026-06-11T11:03:51.502625Z
-----------------------------------------------------------------------------

Iteration 3 with 346 model/solver pairs remaining 2026-06-11T11:40:07.030896Z
-----------------------------------------------------------------------------
CRE-C                 Hipparchus            Time stable           166705.854667ms       2.527511614088045E7   
LOTFI                 Hipparchus            Time stable           43.796ms              -25.26470606187983    
BOEING1               HiGHS                 Time stable           11.153792ms           -335.2135675071267    
GFRD-PNC              Hipparchus            Time stable           1957.935875ms         6902235.999548814     
BEACONFD              HiGHS                 Time stable           2.564041ms            33592.4858072         
ISRAEL                ojAlgo-LP             Time stable           2.027541ms            -896644.8218630457    
ISRAEL                OR-Tools              Time stable           2.352584ms            -896644.8218630457    
SHARE1B               HiGHS                 Time stable           2.6775ms              -76589.31857918581    
SCSD8                 HiGHS                 Time stable           39.311292ms           904.9999999254644     
SC50B                 Hipparchus            Time stable           0.651042ms            -69.99999999999999    
VTP-BASE              HiGHS                 Time stable           1.018541ms            129831.46246136136    
BRANDY                HiGHS                 Time stable           4.524334ms            1518.5098964881272    
STANDATA              Hipparchus            Time stable           309.309375ms          1257.6994999999995    
SCSD1                 OR-Tools              Time stable           2.853333ms            8.666666674333346     
CYCLE                 OR-Tools              Time stable           39.110541ms           -5.2263930248941      
GANGES                OR-Tools              Time stable           13.277125ms           -109585.7361292784    
SC105                 HiGHS                 Time stable           1.092375ms            -52.20206121170722    
SC50A                 Hipparchus            Time stable           0.73975ms             -64.57507705856452    
STANDATA              OR-Tools              Time stable           3.684042ms            1257.6995             
SHIP12S               Hipparchus            Time stable           1419.31075ms          1489236.1344061294    
CRE-A                 Hipparchus            Time stable           209345.297625ms       2.359540706097186E7   
GFRD-PNC              ojAlgo-LP             Time stable           34.476459ms           6902235.999548808     
PILOT-JA              OR-Tools              Time stable           108.719625ms          -6113.1364655813495   
PILOT87               ojAlgo-LP             Time stable           63439.135375ms        2.0805406915068815E15 
PILOT-WE              HiGHS                 Time stable           134.494667ms          -2720107.5328449635   
PILOT87               OR-Tools              Time stable           2312.070584ms         301.7103473330999     
GROW15                OR-Tools              Time stable           13.88ms               -1.0687094129357532E8 
FIT1P                 OR-Tools              Time stable           18.416375ms           9146.378092420928     
SHARE2B               HiGHS                 Time stable           1.840666ms            -415.7322407414194    
PILOT-JA              ojAlgo-LP             Time stable           1681.946ms            -6113.13697841436     
GFRD-PNC              OR-Tools              Time stable           8.831375ms            6902235.9995488105    
TRUSS                 OR-Tools              Time stable           274.122333ms          458815.84718561685    
CRE-C                 OR-Tools              Time stable           107.227ms             2.5275116140880212E7  
D2Q06C                HiGHS                 Time stable           692.020625ms          122784.2108141895     
MAROS                 HiGHS                 Time stable           36.999541ms           -58063.743701125895   
GANGES                ojAlgo-LP             Time stable           117.699209ms          -109585.73612927801   
CAPRI                 HiGHS                 Time stable           4.06325ms             2690.0129137681606    
CYCLE                 ojAlgo-LP             Time stable           1310.93225ms          -5.226393024894798    
KB2                   HiGHS                 Time stable           0.731542ms            -1749.9001299062054   
SHARE2B               OR-Tools              Time stable           0.791083ms            -415.73224074142047   
SCSD6                 ojAlgo-LP             Time stable           15.468584ms           50.500000078262424    
TUFF                  OR-Tools              Time stable           3.613959ms            0.2921477650936127    
GROW22                ojAlgo-LP             Time stable           36.302417ms           -1.60834336482563E8   
GROW7                 OR-Tools              Time stable           4.21475ms             -4.7787811814711526E7 
BANDM                 HiGHS                 Time stable           8.871083ms            -158.62801845012035   
SHARE2B               Hipparchus            Time stable           3.817291ms            -415.7322407414181    
D6CUBE                OR-Tools              Time stable           595.326416ms          315.49166666667315    
CRE-C                 ojAlgo-LP             Time stable           498.983875ms          2.5275116140880365E7  
CRE-A                 OR-Tools              Time stable           118.360875ms          2.359540706097161E7   
SCRS8                 ojAlgo-LP             Time stable           39.99175ms            904.2969538007895     
STOCFOR2              ojAlgo-LP             Time stable           2643.479042ms         -39024.408537882024   
BEACONFD              ojAlgo-LP             Time stable           1.376917ms            33592.48580719999     
TRUSS                 ojAlgo-LP             Time stable           4996.466875ms         6084219.028746713     
ETAMACRO              Hipparchus            Time stable           678.966375ms          -755.7152322722827    
SHARE1B               OR-Tools              Time stable           2.842834ms            -76589.31857918568    
SCSD1                 Hipparchus            Time stable           242.176ms             8.666666674333563     
SCSD8                 ojAlgo-LP             Time stable           222.591166ms          904.9999999254686     
WOODW                 ojAlgo-LP             Time stable           610.692334ms          1.30447633308422      
KB2                   Hipparchus            Time stable           1.185834ms            -1749.9001299061822   
FORPLAN               OR-Tools              Time stable           4.286917ms            -664.2189612722015    
FIT1P                 Hipparchus            Time stable           29190.549417ms        9146.400446359658     
DEGEN2                HiGHS                 Time stable           17.7155ms             -1435.178             
BNL2                  OR-Tools              Time stable           89.442375ms           1811.2365403585452    
ETAMACRO              ojAlgo-LP             Time stable           22.8435ms             -755.7152330760083    
D2Q06C                OR-Tools              Time stable           599.615791ms          122784.21081418857    
MAROS-R7              ojAlgo-LP             Time stable           11234.704959ms        1497185.1664796437    
CAPRI                 Hipparchus            Time stable           698.240834ms          2690.01291376841      
CYCLE                 HiGHS                 Time stable           144.819917ms          -5.226393024894101    
QAP12                 ojAlgo-LP             Time stable           11232.0655ms          0.0                   
QAP12                 OR-Tools              Time stable           13917.75725ms         522.8943505591718     
BEACONFD              Hipparchus            Time stable           19.630041ms           33592.485807199955    
FFFFF800              ojAlgo-LP             Time stable           46.784042ms           555679.5648174965     
PILOT-WE              OR-Tools              Time stable           61.739875ms           -2720107.532844969    
BNL1                  OR-Tools              Time stable           35.271125ms           1977.629561522887     
QAP8                  HiGHS                 Time stable           707.097375ms          203.5000000000163     
BEACONFD              OR-Tools              Time stable           1.236ms               33592.4858072         
BORE3D                OR-Tools              Time stable           1.105416ms            1373.0803942084929    
SC50B                 HiGHS                 Time stable           0.693208ms            -70.00000000000001    
E226                  HiGHS                 Time stable           7.253083ms            -11.63892906637049    
PILOTNOV              ojAlgo-LP             Time stable           1251.505458ms         -4497.535897453836    
MAROS-R7              OR-Tools              Time stable           681.624167ms          1497185.1664800502    
BRANDY                Hipparchus            Time stable           67.461458ms           1518.5098964878891    
CRE-C                 HiGHS                 Time stable           59.689709ms           2.5275116140880216E7  
STANDATA              HiGHS                 Time stable           5.073ms               1257.6994999999997    
STANDMPS              ojAlgo-LP             Time stable           5.779459ms            1406.017499999999     
SCSD1                 HiGHS                 Time stable           2.265958ms            8.666666674333346     
PILOT4                OR-Tools              Time stable           21.672417ms           -2581.1392588838853   
SHIP12S               HiGHS                 Time stable           10.221917ms           1489236.1344061291    
BORE3D                ojAlgo-LP             Time stable           1.221083ms            1373.0803942084924    
MAROS                 OR-Tools              Time stable           24.009959ms           -58063.74370112621    
FINNIS                OR-Tools              Time stable           5.853792ms            172791.06559561158    
CZPROB                HiGHS                 Time stable           35.702709ms           2185196.6988565773    
FORPLAN               Hipparchus            Time stable           135.362834ms          -664.2189612721944    
SC105                 ojAlgo-LP             Time stable           0.642375ms            -52.20206121170723    
SCORPION              OR-Tools              Time stable           2.750125ms            1878.1248227381063    
BNL1                  ojAlgo-LP             Time stable           128.884083ms          1977.6295615175254    
SHIP04S               Hipparchus            Time stable           359.987583ms          1798714.7004453922    
SHIP12L               Hipparchus            Time stable           6070.590042ms         1470187.919329265     
SIERRA                OR-Tools              Time stable           12.787958ms           1.539436218363193E7   
ETAMACRO              OR-Tools              Time stable           9.112375ms            -755.7152333505863    
FIT1P                 HiGHS                 Time stable           35.258291ms           9146.378092420926     
SHARE1B               Hipparchus            Time stable           31.442208ms           -76589.31857918517    
BANDM                 OR-Tools              Time stable           5.579ms               -158.62801845012066   
PEROLD                HiGHS                 Time stable           46.007208ms           -9380.75527823519     
FINNIS                ojAlgo-LP             Time stable           19.973667ms           172791.06559561152    
BOEING1               OR-Tools              Time stable           7.834125ms            -335.2135675071269    
STAIR                 ojAlgo-LP             Time stable           27.17525ms            -251.2669511929636    
GROW7                 HiGHS                 Time stable           8.152875ms            -4.7787811814711496E7 
BNL2                  ojAlgo-LP             Time stable           4989.164ms            1811.2365403585347    
NESM                  ojAlgo-LP             Time stable           1433.934958ms         1.4076036487562725E7  
AGG3                  Hipparchus            Time stable           46.916583ms           1.0312115935089234E7  
PILOT4                HiGHS                 Time stable           35.58225ms            -2581.139258883881    
STANDMPS              Hipparchus            Time stable           768.788542ms          1406.0174999999986    
STOCFOR1              HiGHS                 Time stable           1.094333ms            -41131.9762194364     
FIT1P                 ojAlgo-LP             Time stable           603.498459ms          9146.378092421093     
STANDMPS              HiGHS                 Time stable           6.612958ms            1406.0175             
WOODW                 HiGHS                 Time stable           71.924791ms           1.30447633308422      
SHIP12S               ojAlgo-LP             Time stable           16.892959ms           1489236.1344061291    
AGG                   HiGHS                 Time stable           2.853208ms            -3.599176728657651E7  
BLEND                 HiGHS                 Time stable           1.222667ms            -30.81214984582824    
BRANDY                ojAlgo-LP             Time stable           5.0835ms              1518.5098964881272    
AGG2                  Hipparchus            Time stable           43.381958ms           -2.0239252355977103E7 
BLEND                 Hipparchus            Time stable           4.407958ms            -30.812149845828362   
AGG                   OR-Tools              Time stable           2.138167ms            -3.5991767286576465E7 
STANDATA              ojAlgo-LP             Time stable           2.576333ms            1257.6994999999997    
STOCFOR2              HiGHS                 Time stable           26.323167ms           -39024.40853788203    
BOEING1               ojAlgo-LP             Time stable           24.322292ms           -335.2135675071275    
QAP8                  ojAlgo-LP             Time stable           2987.454375ms         319.7135448055865     
PILOTNOV              HiGHS                 Time stable           74.095292ms           -4497.276188218871    
STOCFOR1              Hipparchus            Time stable           4.196709ms            -41131.976219436525   
SIERRA                Hipparchus            Time stable           14499.3395ms          1.5394362183631983E7  
WOODW                 OR-Tools              Time stable           52.230583ms           1.30447633308422      
BLEND                 OR-Tools              Time stable           0.68025ms             -30.812149845828223   
PILOTNOV              OR-Tools              Time stable           58.73125ms            -4497.27618821887     
BNL2                  HiGHS                 Time stable           49.009583ms           1811.2365403585452    
SHIP12L               OR-Tools              Time stable           17.056292ms           1470187.919329265     
BOEING2               ojAlgo-LP             Time stable           1.186875ms            -315.0187280152027    
STOCFOR1              OR-Tools              Time stable           0.565292ms            -41131.97621943641    
FFFFF800              OR-Tools              Time stable           6.70375ms             555679.5648174962     
MAROS                 ojAlgo-LP             Time stable           169.514417ms          -58063.74370112706    
STANDMPS              OR-Tools              Time stable           5.685042ms            1406.0175             
GANGES                HiGHS                 Time stable           13.8735ms             -109585.73612927798   
PILOT4                ojAlgo-LP             Time stable           133.238917ms          -2581.139258937271    
FFFFF800              HiGHS                 Time stable           12.164125ms           555679.5648174962     
BNL1                  HiGHS                 Time stable           25.727042ms           1977.6295615228855    
BORE3D                HiGHS                 Time stable           1.84275ms             1373.0803942084929    
SCSD1                 ojAlgo-LP             Time stable           1.799875ms            8.666666674333346     
SHIP04S               OR-Tools              Time stable           4.592834ms            1798714.7004453924    
GROW7                 ojAlgo-LP             Time stable           2.604375ms            -4.7787811814711526E7 
STOCFOR2              OR-Tools              Time stable           23.685208ms           -39024.40853788204    
SCORPION              Hipparchus            Time stable           69.470292ms           1878.1248227381047    
SCAGR7                HiGHS                 Time stable           1.168417ms            -2331389.8243309837   
SCTAP2                OR-Tools              Time stable           8.910625ms            1724.807142857143     
STAIR                 HiGHS                 Time stable           13.9725ms             -251.2669511929635    
SCTAP3                ojAlgo-LP             Time stable           196.450959ms          1424.0000000000048    
SCAGR25               OR-Tools              Time stable           4.796792ms            -1.4753433060768519E7 
SCFXM1                HiGHS                 Time stable           7.047792ms            18416.759028348944    
STANDGUB              Hipparchus            Time stable           359.582333ms          1257.6994999999995    
GREENBEB              HiGHS                 Time stable           359.6ms               -4302260.261206587    
MODSZK1               HiGHS                 Time stable           14.689833ms           320.61972906463194    
SCTAP1                Hipparchus            Time stable           203.548291ms          1412.2499999875893    
FIT2D                 OR-Tools              Time stable           1483.500875ms         -68464.29329383196    
FINNIS                HiGHS                 Time stable           4.084792ms            172791.06559561158    
SHIP12L               HiGHS                 Time stable           22.873958ms           1470187.919329265     
PEROLD                ojAlgo-LP             Time stable           573.552792ms          -9380.755278628843    
E226                  OR-Tools              Time stable           4.643375ms            -11.638929066370544   
SCTAP3                OR-Tools              Time stable           15.988333ms           1424.0000000000002    
SHIP04S               HiGHS                 Time stable           4.986833ms            1798714.700445392     
FIT2D                 ojAlgo-LP             Time stable           2227.901291ms         -68464.29329383209    
PDS-02                HiGHS                 Time stable           73.872208ms           2.885786201E10        
PILOT                 HiGHS                 Time stable           868.220875ms          -557.4897292840628    
SHIP04L               OR-Tools              Time stable           6.184708ms            1793324.5379703557    
GREENBEA              HiGHS                 Time stable           230.863166ms          -7.255524812984602E7  
E226                  Hipparchus            Time stable           63.174ms              -11.6389290663644     
CZPROB                ojAlgo-LP             Time stable           108.1465ms            2185196.698856594     
DEGEN3                Hipparchus            Time stable           129537.240708ms       -987.294000000004     
SHIP04L               ojAlgo-LP             Time stable           12.552375ms           1793324.5379703555    
DEGEN3                OR-Tools              Time stable           188.647208ms          -987.2940000000001    
QAP12                 HiGHS                 FAILED                TIMEOUT               
DEGEN3                ojAlgo-LP             Time stable           1873.518042ms         -987.2940000000044    
PEROLD                OR-Tools              Time stable           50.838292ms           -9380.755278235429    
SCAGR25               ojAlgo-LP             Time stable           27.453375ms           -1.4753433060768535E7 
FIT1D                 Hipparchus            Time stable           1496.712625ms         -9146.378092420824    
SCTAP2                ojAlgo-LP             Time stable           86.960417ms           1724.8071428571445    
SCFXM2                HiGHS                 Time stable           17.136041ms           36660.261564998815    
STANDGUB              OR-Tools              Time stable           3.625458ms            1257.6995             
DEGEN2                ojAlgo-LP             Time stable           45.664416ms           -1435.178000000002    
QAP8                  OR-Tools              Time stable           178.680083ms          203.50000000000878    
SEBA                  HiGHS                 Time stable           3.768083ms            15711.6               
MAROS-R7              HiGHS                 Time stable           678.200125ms          1497185.166479644     
D6CUBE                HiGHS                 Time stable           138.336708ms          315.4916666666715     
SEBA                  ojAlgo-LP             Time stable           33.808375ms           15711.599999999908    
SCORPION              ojAlgo-LP             Time stable           2.920542ms            1878.1248227381075    
KEN-07                Hipparchus            Time stable           70413.769375ms        -6.795204433816868E8  
AGG2                  HiGHS                 Time stable           5.556792ms            -2.0239252355977114E7 
NESM                  OR-Tools              Time stable           62.498708ms           1.4076036487562722E7  
MODSZK1               ojAlgo-LP             Time stable           305.627875ms          320.61972906276804    
DEGEN2                OR-Tools              Time stable           16.549917ms           -1435.178             
SHIP04S               ojAlgo-LP             Time stable           7.07025ms             1798714.7004453917    
25FV47                HiGHS                 Time stable           109.327667ms          5501.845888286739     
FORPLAN               HiGHS                 Time stable           7.737125ms            -664.2189612722043    
SCTAP2                HiGHS                 Time stable           11.66525ms            1724.8071428571432    
FIT1D                 OR-Tools              Time stable           19.277125ms           -9146.37809242093     
GREENBEB              OR-Tools              Time stable           232.904125ms          -4302260.261206587    
SCAGR7                ojAlgo-LP             Time stable           0.773042ms            -2331389.824330984    
CZPROB                Hipparchus            Time stable           8752.027834ms         2185196.6988565763    
SCTAP1                OR-Tools              Time stable           2.706292ms            1412.2499999999995    
FIT1D                 HiGHS                 Time stable           10.657959ms           -9146.37809242092     
SC205                 ojAlgo-LP             Time stable           4.505333ms            -52.20206121170699    
SCTAP3                HiGHS                 Time stable           15.167625ms           1424.0000000000005    
SHELL                 Hipparchus            Time stable           1027.026542ms         1.208825346E9         
NESM                  HiGHS                 Time stable           200.896041ms          1.4076036487562735E7  
CRE-A                 HiGHS                 Time stable           62.873125ms           2.3595407060971607E7  
25FV47                OR-Tools              Time stable           99.604333ms           5501.84588828675      
GREENBEA              OR-Tools              Time stable           380.15325ms           -7.255524812984598E7  
BOEING2               Hipparchus            Time stable           85.985916ms           -315.0187280153995    
SHIP04L               HiGHS                 Time stable           6.910959ms            1793324.5379703555    
SCRS8                 Hipparchus            Time stable           631.005667ms          904.2969538007914     
LOTFI                 HiGHS                 Time stable           2.373792ms            -25.26470606187999    
SHIP08L               Hipparchus            Time stable           3358.479459ms         1909055.2113891307    
BANDM                 ojAlgo-LP             Time stable           19.39175ms            -158.6280184501143    
FORPLAN               ojAlgo-LP             Time stable           8.143833ms            -664.2189612721251    
VTP-BASE              OR-Tools              Time stable           0.571083ms            129831.46246136136    
TRUSS                 HiGHS                 Time stable           2770.746541ms         458815.8471856168     
SCSD8                 Hipparchus            Time stable           13988.39225ms         904.9999999255086     
DEGEN3                HiGHS                 Time stable           160.500875ms          -987.294              
SHIP08S               HiGHS                 Time stable           8.506417ms            1920098.2105346196    
PILOT-JA              HiGHS                 Time stable           85.593708ms           -6113.136465581353    
SCFXM2                OR-Tools              Time stable           15.165167ms           36660.261564998815    
STANDGUB              HiGHS                 Time stable           4.875041ms            1257.6994999999997    
PDS-02                OR-Tools              Time stable           41.390375ms           2.885786201E10        
PILOT-WE              ojAlgo-LP             Time stable           1346.679458ms         -2720107.5323666423   
CAPRI                 OR-Tools              Time stable           3.572541ms            2690.012913768163     
SHIP08L               OR-Tools              Time stable           15.379875ms           1909055.2113891316    
VTP-BASE              Hipparchus            Time stable           35.547708ms           129831.46246136018    
FIT2D                 HiGHS                 Time stable           141.47225ms           -68464.29329383207    
SC105                 Hipparchus            Time stable           3.652458ms            -52.2020612117072     
SCTAP1                HiGHS                 Time stable           5.799167ms            1412.2499999999998    
GROW22                HiGHS                 Time stable           67.925625ms           -1.6083433648256296E8 
PDS-02                Hipparchus            Time stable           53162.384875ms        2.885786201E10        
STAIR                 OR-Tools              Time stable           11.921792ms           -251.2669511929625    
SCAGR7                Hipparchus            Time stable           14.640542ms           -2331389.8243309823   
SCFXM3                OR-Tools              Time stable           25.231167ms           54901.254549751444    
PILOT                 ojAlgo-LP             Time stable           17559.569042ms        -555.3426753446098    
ISRAEL                HiGHS                 Time stable           2.77275ms             -896644.8218630456    
SIERRA                ojAlgo-LP             Time stable           33.723625ms           1.539436218363193E7   
SHIP08L               ojAlgo-LP             Time stable           30.46425ms            1909055.2113891311    
MODSZK1               OR-Tools              Time stable           18.274959ms           320.6197290631776     
ADLITTLE              Hipparchus            Time stable           2.771875ms            225494.96316238042    
GREENBEB              ojAlgo-LP             Time stable           28681.106667ms        9.980848266191272E24  
TUFF                  HiGHS                 Time stable           8.2635ms              0.2921477650936128    
SHELL                 HiGHS                 Time stable           12.44775ms            1.208825346E9         
80BAU3B               OR-Tools              Time stable           174.642292ms          987224.1924090903     
SCSD8                 OR-Tools              Time stable           24.138667ms           904.9999999254643     
SC105                 OR-Tools              Time stable           0.660125ms            -52.20206121170721    
SCRS8                 OR-Tools              Time stable           10.73975ms            904.2969538007912     
CRE-A                 ojAlgo-LP             Time stable           1297.112084ms         2.3595407064427786E7  
SCFXM1                OR-Tools              Time stable           5.726958ms            18416.759028348937    
KEN-07                ojAlgo-LP             Time stable           151.30325ms           -6.79520443381687E8   
PILOT87               HiGHS                 Time stable           3292.805416ms         301.71034733310984    
GROW15                HiGHS                 Time stable           34.06225ms            -1.0687094129357532E8 
TUFF                  ojAlgo-LP             Time stable           14.941958ms           0.2921477650935935    
SC205                 Hipparchus            Time stable           18.747708ms           -52.20206121170723    
SC205                 HiGHS                 Time stable           1.981ms               -52.20206121170724    
80BAU3B               HiGHS                 Time stable           129.680208ms          987224.1924090901     
SEBA                  OR-Tools              Time stable           2.060583ms            15711.6               
SHARE1B               ojAlgo-LP             Time stable           2.232625ms            -76589.31857918581    
SHIP08S               ojAlgo-LP             Time stable           11.999459ms           1920098.210534619     
KEN-07                OR-Tools              Time stable           23.543792ms           -6.79520443381687E8   
SCFXM1                ojAlgo-LP             Time stable           7.982167ms            18416.75902834894     
25FV47                ojAlgo-LP             Time stable           1391.791417ms         5501.84588828774      
AFIRO                 HiGHS                 Time stable           0.561ms               -464.7531428571429    
SC205                 OR-Tools              Time stable           2.123ms               -52.2020612117072     
ISRAEL                Hipparchus            Time stable           12.656291ms           -896644.8218630459    
WOOD1P                HiGHS                 Time stable           80.905625ms           1.44290241157341      
ADLITTLE              HiGHS                 Time stable           1.175792ms            225494.96316238042    
LOTFI                 OR-Tools              Time stable           1.180792ms            -25.26470606188001    
SHELL                 ojAlgo-LP             Time stable           14.348167ms           1.208825346E9         
SCFXM2                ojAlgo-LP             Time stable           39.802042ms           36660.261564998815    
GROW15                ojAlgo-LP             Time stable           14.445208ms           -1.0687094129357533E8 
SCAGR7                OR-Tools              Time stable           0.982167ms            -2331389.824330984    
ADLITTLE              OR-Tools              Time stable           0.725333ms            225494.96316238036    
KEN-07                HiGHS                 Time stable           23.899625ms           -6.79520443381687E8   
SHARE2B               ojAlgo-LP             Time stable           0.578708ms            -415.73224074141984   
SHIP08L               HiGHS                 Time stable           16.218ms              1909055.2113891314    
SCAGR25               HiGHS                 Time stable           6.78925ms             -1.4753433060768522E7 
SCFXM3                ojAlgo-LP             Time stable           149.491792ms          54901.25454975111     
GROW22                OR-Tools              Time stable           26.797584ms           -1.6083433648256302E8 
PILOT                 OR-Tools              Time stable           778.121625ms          -557.4897292730852    

Iteration 4 with 57 model/solver pairs remaining 2026-06-11T12:14:33.322045Z
-----------------------------------------------------------------------------
SCRS8                 HiGHS                 Time stable           8.470292ms            904.2969538007912     
GROW22                Hipparchus            Time stable           3463.358542ms         0.0                   
BOEING2               HiGHS                 Time stable           2.123084ms            -315.0187280152029    
SHIP12S               OR-Tools              Time stable           8.11525ms             1489236.1344061291    
LOTFI                 ojAlgo-LP             Time stable           2.242917ms            -25.26470606188001    
SCSD6                 HiGHS                 Time stable           5.890792ms            50.50000007826231     
BOEING2               OR-Tools              Time stable           1.350375ms            -315.01872801520295   
BRANDY                OR-Tools              Time stable           3.4065ms              1518.509896488128     
D2Q06C                ojAlgo-LP             Time stable           23394.811292ms        1.6862886247114576E29 
SHIP04L               Hipparchus            Time stable           754.819833ms          1793324.5379703552    
AGG                   ojAlgo-LP             Time stable           2.192959ms            -3.599176728657634E7  
SCTAP1                ojAlgo-LP             Time stable           5.190125ms            1412.2499999999998    
E226                  ojAlgo-LP             Time stable           8.313167ms            -11.638929066371311   
AGG                   Hipparchus            Time stable           18.294958ms           -3.599176728657652E7  
SHIP12L               ojAlgo-LP             Time stable           178.445ms             1470187.9193292647    
SIERRA                HiGHS                 Time stable           13.457125ms           1.5394362183631929E7  
AGG3                  HiGHS                 Time stable           5.427375ms            1.0312115935089221E7  
SHIP08S               OR-Tools              Time stable           7.49825ms             1920098.2105346196    
PDS-02                ojAlgo-LP             Time stable           2580.39025ms          2.885786201E10        
80BAU3B               ojAlgo-LP             Time stable           6059.5365ms           987224.1924090902     
D6CUBE                ojAlgo-LP             Time stable           240.651209ms          315.4916666666686     
WOOD1P                ojAlgo-LP             Time stable           129.145291ms          1.44290241157341      
WOOD1P                OR-Tools              Time stable           35.871ms              1.44290241157341      
CAPRI                 ojAlgo-LP             Time stable           4.1495ms              2690.0129137681556    
STANDGUB              ojAlgo-LP             Time stable           2.301333ms            1257.6994999999997    

Iteration 5 with 32 model/solver pairs remaining 2026-06-11T12:16:48.731216Z
-----------------------------------------------------------------------------
SC50A                 HiGHS                 Time stable           0.49925ms             -64.57507705856449    
AGG2                  OR-Tools              Time stable           4.130167ms            -2.0239252355977107E7 
SCFXM3                HiGHS                 Time stable           29.426292ms           54901.25454975145     
AGG3                  ojAlgo-LP             Time stable           4.570833ms            1.0312115935089208E7  
ETAMACRO              HiGHS                 Time stable           11.138125ms           -755.7152333005275    
DEGEN2                Hipparchus            Time stable           1179.64175ms          -1435.1779999999978   
RECIPELP              HiGHS                 Time stable           1.1205ms              -266.616              
SHIP08S               Hipparchus            Time stable           961.314792ms          1920098.2105346203    
AGG2                  ojAlgo-LP             Time stable           4.144625ms            -2.0239252355977103E7 
AGG3                  OR-Tools              Time stable           4.223125ms            1.0312115935089221E7  
CZPROB                OR-Tools              Time stable           24.914917ms           2185196.6988565777    
SHELL                 OR-Tools              Time stable           7.998667ms            1.208825346E9         

Iteration 6 with 20 model/solver pairs remaining 2026-06-11T12:16:56.086845Z
-----------------------------------------------------------------------------
GFRD-PNC              HiGHS                 Time stable           6.20675ms             6902235.99954881      
FIT1D                 ojAlgo-LP             Time stable           16.453584ms           -9146.378092420924    
SCORPION              HiGHS                 Time stable           2.267208ms            1878.1248227381063    

Iteration 7 with 17 model/solver pairs remaining 2026-06-11T12:16:56.325369Z
-----------------------------------------------------------------------------
SCSD6                 OR-Tools              Time stable           6.297416ms            50.50000007714429     
RECIPELP              Hipparchus            Time stable           7.23ms                -266.616              

Iteration 8 with 15 model/solver pairs remaining 2026-06-11T12:16:56.464890Z
-----------------------------------------------------------------------------

Iteration 9 with 15 model/solver pairs remaining 2026-06-11T12:16:56.550188Z
-----------------------------------------------------------------------------

Iteration 10 with 15 model/solver pairs remaining 2026-06-11T12:16:56.634944Z
-----------------------------------------------------------------------------

Iteration 11 with 15 model/solver pairs remaining 2026-06-11T12:16:56.729183Z
-----------------------------------------------------------------------------

Iteration 12 with 15 model/solver pairs remaining 2026-06-11T12:16:56.808802Z
-----------------------------------------------------------------------------

Iteration 13 with 15 model/solver pairs remaining 2026-06-11T12:16:56.887766Z
-----------------------------------------------------------------------------

Iteration 14 with 15 model/solver pairs remaining 2026-06-11T12:16:56.967329Z
-----------------------------------------------------------------------------

Iteration 15 with 15 model/solver pairs remaining 2026-06-11T12:16:57.046377Z
-----------------------------------------------------------------------------

Iteration 16 with 15 model/solver pairs remaining 2026-06-11T12:16:57.125026Z
-----------------------------------------------------------------------------

Iteration 17 with 15 model/solver pairs remaining 2026-06-11T12:16:57.202593Z
-----------------------------------------------------------------------------

Iteration 18 with 15 model/solver pairs remaining 2026-06-11T12:16:57.280241Z
-----------------------------------------------------------------------------

Iteration 19 with 15 model/solver pairs remaining 2026-06-11T12:16:57.359757Z
-----------------------------------------------------------------------------

Iteration 20 with 15 model/solver pairs remaining 2026-06-11T12:16:57.438109Z
-----------------------------------------------------------------------------
SC50B                 ojAlgo-LP             Time stable           0.102875ms            -70.0                 
SC50A                 OR-Tools              Time stable           0.216416ms            -64.5750770585645     
SC50A                 ojAlgo-LP             Time stable           0.093125ms            -64.57507705856452    
SC50B                 OR-Tools              Time stable           0.206834ms            -69.99999999999997    
STOCFOR1              ojAlgo-LP             Time stable           0.333417ms            -41131.976219436394   
BLEND                 ojAlgo-LP             Time stable           0.312667ms            -30.812149845813178   
VTP-BASE              ojAlgo-LP             Time stable           0.253334ms            129831.46246136136    
ADLITTLE              ojAlgo-LP             Time stable           0.251834ms            225494.9631623808     
AFIRO                 ojAlgo-LP             Time stable           0.032209ms            -464.75314285714285   
RECIPELP              OR-Tools              Time stable           0.387375ms            -266.616              
RECIPELP              ojAlgo-LP             Time stable           0.169792ms            -266.616              
KB2                   OR-Tools              Time stable           0.271708ms            -1749.9001299062054   
AFIRO                 Hipparchus            Time stable           0.228042ms            -464.7531428571428    
KB2                   ojAlgo-LP             Time stable           0.111541ms            -1749.9001299062072   
AFIRO                 OR-Tools              Time stable           0.118833ms            -464.75314285714285   

Final Results
=====================================================================
25FV47                HiGHS                 OPTIMAL               109.327667ms          
25FV47                Hipparchus            FAILED                TIMEOUT               
25FV47                OR-Tools              OPTIMAL               99.604333ms           
25FV47                ojAlgo-LP             OPTIMAL               1391.791417ms         
80BAU3B               HiGHS                 OPTIMAL               129.680208ms          
80BAU3B               Hipparchus            FAILED                TIMEOUT               
80BAU3B               OR-Tools              OPTIMAL               174.642292ms          
80BAU3B               ojAlgo-LP             OPTIMAL               6059.5365ms           
ADLITTLE              HiGHS                 OPTIMAL               1.175792ms            
ADLITTLE              Hipparchus            OPTIMAL               2.771875ms            
ADLITTLE              OR-Tools              OPTIMAL               0.725333ms            
ADLITTLE              ojAlgo-LP             OPTIMAL               0.251834ms            
AFIRO                 HiGHS                 OPTIMAL               0.561ms               
AFIRO                 Hipparchus            OPTIMAL               0.228042ms            
AFIRO                 OR-Tools              OPTIMAL               0.118833ms            
AFIRO                 ojAlgo-LP             OPTIMAL               0.032209ms            
AGG                   HiGHS                 OPTIMAL               2.853208ms            
AGG                   Hipparchus            OPTIMAL               18.294958ms           
AGG                   OR-Tools              OPTIMAL               2.138167ms            
AGG                   ojAlgo-LP             OPTIMAL               2.192959ms            
AGG2                  HiGHS                 OPTIMAL               5.556792ms            
AGG2                  Hipparchus            OPTIMAL               43.381958ms           
AGG2                  OR-Tools              OPTIMAL               4.130167ms            
AGG2                  ojAlgo-LP             OPTIMAL               4.144625ms            
AGG3                  HiGHS                 OPTIMAL               5.427375ms            
AGG3                  Hipparchus            OPTIMAL               46.916583ms           
AGG3                  OR-Tools              OPTIMAL               4.223125ms            
AGG3                  ojAlgo-LP             OPTIMAL               4.570833ms            
BANDM                 HiGHS                 OPTIMAL               8.871083ms            
BANDM                 Hipparchus            FAILED                UNSTABLE              
BANDM                 OR-Tools              OPTIMAL               5.579ms               
BANDM                 ojAlgo-LP             OPTIMAL               19.39175ms            
BEACONFD              HiGHS                 OPTIMAL               2.564041ms            
BEACONFD              Hipparchus            OPTIMAL               19.630041ms           
BEACONFD              OR-Tools              OPTIMAL               1.236ms               
BEACONFD              ojAlgo-LP             OPTIMAL               1.376917ms            
BLEND                 HiGHS                 OPTIMAL               1.222667ms            
BLEND                 Hipparchus            OPTIMAL               4.407958ms            
BLEND                 OR-Tools              OPTIMAL               0.68025ms             
BLEND                 ojAlgo-LP             OPTIMAL               0.312667ms            
BNL1                  HiGHS                 OPTIMAL               25.727042ms           
BNL1                  Hipparchus            FAILED                UNSTABLE              
BNL1                  OR-Tools              OPTIMAL               35.271125ms           
BNL1                  ojAlgo-LP             OPTIMAL               128.884083ms          
BNL2                  HiGHS                 OPTIMAL               49.009583ms           
BNL2                  Hipparchus            FAILED                TIMEOUT               
BNL2                  OR-Tools              OPTIMAL               89.442375ms           
BNL2                  ojAlgo-LP             OPTIMAL               4989.164ms            
BOEING1               HiGHS                 OPTIMAL               11.153792ms           
BOEING1               Hipparchus            FAILED                UNSTABLE              
BOEING1               OR-Tools              OPTIMAL               7.834125ms            
BOEING1               ojAlgo-LP             OPTIMAL               24.322292ms           
BOEING2               HiGHS                 OPTIMAL               2.123084ms            
BOEING2               Hipparchus            OPTIMAL               85.985916ms           
BOEING2               OR-Tools              OPTIMAL               1.350375ms            
BOEING2               ojAlgo-LP             OPTIMAL               1.186875ms            
BORE3D                HiGHS                 OPTIMAL               1.84275ms             
BORE3D                Hipparchus            FAILED                TIMEOUT               
BORE3D                OR-Tools              OPTIMAL               1.105416ms            
BORE3D                ojAlgo-LP             OPTIMAL               1.221083ms            
BRANDY                HiGHS                 OPTIMAL               4.524334ms            
BRANDY                Hipparchus            OPTIMAL               67.461458ms           
BRANDY                OR-Tools              OPTIMAL               3.4065ms              
BRANDY                ojAlgo-LP             OPTIMAL               5.0835ms              
CAPRI                 HiGHS                 OPTIMAL               4.06325ms             
CAPRI                 Hipparchus            OPTIMAL               698.240834ms          
CAPRI                 OR-Tools              OPTIMAL               3.572541ms            
CAPRI                 ojAlgo-LP             OPTIMAL               4.1495ms              
CRE-A                 HiGHS                 OPTIMAL               62.873125ms           
CRE-A                 Hipparchus            OPTIMAL               209345.297625ms       
CRE-A                 OR-Tools              OPTIMAL               118.360875ms          
CRE-A                 ojAlgo-LP             OPTIMAL               1297.112084ms         
CRE-C                 HiGHS                 OPTIMAL               59.689709ms           
CRE-C                 Hipparchus            OPTIMAL               166705.854667ms       
CRE-C                 OR-Tools              OPTIMAL               107.227ms             
CRE-C                 ojAlgo-LP             OPTIMAL               498.983875ms          
CYCLE                 HiGHS                 OPTIMAL               144.819917ms          
CYCLE                 Hipparchus            FAILED                TIMEOUT               
CYCLE                 OR-Tools              OPTIMAL               39.110541ms           
CYCLE                 ojAlgo-LP             OPTIMAL               1310.93225ms          
CZPROB                HiGHS                 OPTIMAL               35.702709ms           
CZPROB                Hipparchus            OPTIMAL               8752.027834ms         
CZPROB                OR-Tools              OPTIMAL               24.914917ms           
CZPROB                ojAlgo-LP             OPTIMAL               108.1465ms            
D2Q06C                HiGHS                 OPTIMAL               692.020625ms          
D2Q06C                Hipparchus            FAILED                TIMEOUT               
D2Q06C                OR-Tools              OPTIMAL               599.615791ms          
D2Q06C                ojAlgo-LP             OPTIMAL               23394.811292ms        
D6CUBE                HiGHS                 OPTIMAL               138.336708ms          
D6CUBE                Hipparchus            FAILED                TIMEOUT               
D6CUBE                OR-Tools              OPTIMAL               595.326416ms          
D6CUBE                ojAlgo-LP             OPTIMAL               240.651209ms          
DEGEN2                HiGHS                 OPTIMAL               17.7155ms             
DEGEN2                Hipparchus            OPTIMAL               1179.64175ms          
DEGEN2                OR-Tools              OPTIMAL               16.549917ms           
DEGEN2                ojAlgo-LP             OPTIMAL               45.664416ms           
DEGEN3                HiGHS                 OPTIMAL               160.500875ms          
DEGEN3                Hipparchus            OPTIMAL               129537.240708ms       
DEGEN3                OR-Tools              OPTIMAL               188.647208ms          
DEGEN3                ojAlgo-LP             OPTIMAL               1873.518042ms         
E226                  HiGHS                 OPTIMAL               7.253083ms            
E226                  Hipparchus            OPTIMAL               63.174ms              
E226                  OR-Tools              OPTIMAL               4.643375ms            
E226                  ojAlgo-LP             OPTIMAL               8.313167ms            
ETAMACRO              HiGHS                 OPTIMAL               11.138125ms           
ETAMACRO              Hipparchus            OPTIMAL               678.966375ms          
ETAMACRO              OR-Tools              OPTIMAL               9.112375ms            
ETAMACRO              ojAlgo-LP             OPTIMAL               22.8435ms             
FFFFF800              HiGHS                 OPTIMAL               12.164125ms           
FFFFF800              Hipparchus            FAILED                TIMEOUT               
FFFFF800              OR-Tools              OPTIMAL               6.70375ms             
FFFFF800              ojAlgo-LP             OPTIMAL               46.784042ms           
FINNIS                HiGHS                 OPTIMAL               4.084792ms            
FINNIS                Hipparchus            FAILED                TIMEOUT               
FINNIS                OR-Tools              OPTIMAL               5.853792ms            
FINNIS                ojAlgo-LP             OPTIMAL               19.973667ms           
FIT1D                 HiGHS                 OPTIMAL               10.657959ms           
FIT1D                 Hipparchus            OPTIMAL               1496.712625ms         
FIT1D                 OR-Tools              OPTIMAL               19.277125ms           
FIT1D                 ojAlgo-LP             OPTIMAL               16.453584ms           
FIT1P                 HiGHS                 OPTIMAL               35.258291ms           
FIT1P                 Hipparchus            OPTIMAL               29190.549417ms        
FIT1P                 OR-Tools              OPTIMAL               18.416375ms           
FIT1P                 ojAlgo-LP             OPTIMAL               603.498459ms          
FIT2D                 HiGHS                 OPTIMAL               141.47225ms           
FIT2D                 Hipparchus            FAILED                FAILED                
FIT2D                 OR-Tools              OPTIMAL               1483.500875ms         
FIT2D                 ojAlgo-LP             OPTIMAL               2227.901291ms         
FORPLAN               HiGHS                 OPTIMAL               7.737125ms            
FORPLAN               Hipparchus            OPTIMAL               135.362834ms          
FORPLAN               OR-Tools              OPTIMAL               4.286917ms            
FORPLAN               ojAlgo-LP             OPTIMAL               8.143833ms            
GANGES                HiGHS                 OPTIMAL               13.8735ms             
GANGES                Hipparchus            FAILED                UNSTABLE              
GANGES                OR-Tools              OPTIMAL               13.277125ms           
GANGES                ojAlgo-LP             OPTIMAL               117.699209ms          
GFRD-PNC              HiGHS                 OPTIMAL               6.20675ms             
GFRD-PNC              Hipparchus            OPTIMAL               1957.935875ms         
GFRD-PNC              OR-Tools              OPTIMAL               8.831375ms            
GFRD-PNC              ojAlgo-LP             OPTIMAL               34.476459ms           
GREENBEA              HiGHS                 OPTIMAL               230.863166ms          
GREENBEA              Hipparchus            FAILED                TIMEOUT               
GREENBEA              OR-Tools              OPTIMAL               380.15325ms           
GREENBEA              ojAlgo-LP             FAILED                UNSTABLE              
GREENBEB              HiGHS                 OPTIMAL               359.6ms               
GREENBEB              Hipparchus            FAILED                TIMEOUT               
GREENBEB              OR-Tools              OPTIMAL               232.904125ms          
GREENBEB              ojAlgo-LP             OPTIMAL               28681.106667ms        
GROW15                HiGHS                 OPTIMAL               34.06225ms            
GROW15                Hipparchus            FAILED                TIMEOUT               
GROW15                OR-Tools              OPTIMAL               13.88ms               
GROW15                ojAlgo-LP             OPTIMAL               14.445208ms           
GROW22                HiGHS                 OPTIMAL               67.925625ms           
GROW22                Hipparchus            OPTIMAL               3463.358542ms         
GROW22                OR-Tools              OPTIMAL               26.797584ms           
GROW22                ojAlgo-LP             OPTIMAL               36.302417ms           
GROW7                 HiGHS                 OPTIMAL               8.152875ms            
GROW7                 Hipparchus            FAILED                TIMEOUT               
GROW7                 OR-Tools              OPTIMAL               4.21475ms             
GROW7                 ojAlgo-LP             OPTIMAL               2.604375ms            
ISRAEL                HiGHS                 OPTIMAL               2.77275ms             
ISRAEL                Hipparchus            OPTIMAL               12.656291ms           
ISRAEL                OR-Tools              OPTIMAL               2.352584ms            
ISRAEL                ojAlgo-LP             OPTIMAL               2.027541ms            
KB2                   HiGHS                 OPTIMAL               0.731542ms            
KB2                   Hipparchus            OPTIMAL               1.185834ms            
KB2                   OR-Tools              OPTIMAL               0.271708ms            
KB2                   ojAlgo-LP             OPTIMAL               0.111541ms            
KEN-07                HiGHS                 OPTIMAL               23.899625ms           
KEN-07                Hipparchus            OPTIMAL               70413.769375ms        
KEN-07                OR-Tools              OPTIMAL               23.543792ms           
KEN-07                ojAlgo-LP             OPTIMAL               151.30325ms           
LOTFI                 HiGHS                 OPTIMAL               2.373792ms            
LOTFI                 Hipparchus            OPTIMAL               43.796ms              
LOTFI                 OR-Tools              OPTIMAL               1.180792ms            
LOTFI                 ojAlgo-LP             OPTIMAL               2.242917ms            
MAROS                 HiGHS                 OPTIMAL               36.999541ms           
MAROS                 Hipparchus            FAILED                TIMEOUT               
MAROS                 OR-Tools              OPTIMAL               24.009959ms           
MAROS                 ojAlgo-LP             OPTIMAL               169.514417ms          
MAROS-R7              HiGHS                 OPTIMAL               678.200125ms          
MAROS-R7              Hipparchus            FAILED                TIMEOUT               
MAROS-R7              OR-Tools              OPTIMAL               681.624167ms          
MAROS-R7              ojAlgo-LP             OPTIMAL               11234.704959ms        
MODSZK1               HiGHS                 OPTIMAL               14.689833ms           
MODSZK1               Hipparchus            FAILED                UNSTABLE              
MODSZK1               OR-Tools              OPTIMAL               18.274959ms           
MODSZK1               ojAlgo-LP             OPTIMAL               305.627875ms          
NESM                  HiGHS                 OPTIMAL               200.896041ms          
NESM                  Hipparchus            FAILED                TIMEOUT               
NESM                  OR-Tools              OPTIMAL               62.498708ms           
NESM                  ojAlgo-LP             OPTIMAL               1433.934958ms         
PDS-02                HiGHS                 OPTIMAL               73.872208ms           
PDS-02                Hipparchus            OPTIMAL               53162.384875ms        
PDS-02                OR-Tools              OPTIMAL               41.390375ms           
PDS-02                ojAlgo-LP             OPTIMAL               2580.39025ms          
PEROLD                HiGHS                 OPTIMAL               46.007208ms           
PEROLD                Hipparchus            FAILED                TIMEOUT               
PEROLD                OR-Tools              OPTIMAL               50.838292ms           
PEROLD                ojAlgo-LP             OPTIMAL               573.552792ms          
PILOT                 HiGHS                 OPTIMAL               868.220875ms          
PILOT                 Hipparchus            FAILED                TIMEOUT               
PILOT                 OR-Tools              OPTIMAL               778.121625ms          
PILOT                 ojAlgo-LP             OPTIMAL               17559.569042ms        
PILOT-JA              HiGHS                 OPTIMAL               85.593708ms           
PILOT-JA              Hipparchus            FAILED                UNSTABLE              
PILOT-JA              OR-Tools              OPTIMAL               108.719625ms          
PILOT-JA              ojAlgo-LP             OPTIMAL               1681.946ms            
PILOT-WE              HiGHS                 OPTIMAL               134.494667ms          
PILOT-WE              Hipparchus            FAILED                TIMEOUT               
PILOT-WE              OR-Tools              OPTIMAL               61.739875ms           
PILOT-WE              ojAlgo-LP             OPTIMAL               1346.679458ms         
PILOT4                HiGHS                 OPTIMAL               35.58225ms            
PILOT4                Hipparchus            FAILED                UNSTABLE              
PILOT4                OR-Tools              OPTIMAL               21.672417ms           
PILOT4                ojAlgo-LP             OPTIMAL               133.238917ms          
PILOT87               HiGHS                 OPTIMAL               3292.805416ms         
PILOT87               Hipparchus            FAILED                TIMEOUT               
PILOT87               OR-Tools              OPTIMAL               2312.070584ms         
PILOT87               ojAlgo-LP             OPTIMAL               63439.135375ms        
PILOTNOV              HiGHS                 OPTIMAL               74.095292ms           
PILOTNOV              Hipparchus            FAILED                TIMEOUT               
PILOTNOV              OR-Tools              OPTIMAL               58.73125ms            
PILOTNOV              ojAlgo-LP             OPTIMAL               1251.505458ms         
QAP12                 HiGHS                 FAILED                TIMEOUT               
QAP12                 Hipparchus            FAILED                UNSTABLE              
QAP12                 OR-Tools              OPTIMAL               13917.75725ms         
QAP12                 ojAlgo-LP             OPTIMAL               11232.0655ms          
QAP8                  HiGHS                 OPTIMAL               707.097375ms          
QAP8                  Hipparchus            FAILED                TIMEOUT               
QAP8                  OR-Tools              OPTIMAL               178.680083ms          
QAP8                  ojAlgo-LP             OPTIMAL               2987.454375ms         
RECIPELP              HiGHS                 OPTIMAL               1.1205ms              
RECIPELP              Hipparchus            OPTIMAL               7.23ms                
RECIPELP              OR-Tools              OPTIMAL               0.387375ms            
RECIPELP              ojAlgo-LP             OPTIMAL               0.169792ms            
SC105                 HiGHS                 OPTIMAL               1.092375ms            
SC105                 Hipparchus            OPTIMAL               3.652458ms            
SC105                 OR-Tools              OPTIMAL               0.660125ms            
SC105                 ojAlgo-LP             OPTIMAL               0.642375ms            
SC205                 HiGHS                 OPTIMAL               1.981ms               
SC205                 Hipparchus            OPTIMAL               18.747708ms           
SC205                 OR-Tools              OPTIMAL               2.123ms               
SC205                 ojAlgo-LP             OPTIMAL               4.505333ms            
SC50A                 HiGHS                 OPTIMAL               0.49925ms             
SC50A                 Hipparchus            OPTIMAL               0.73975ms             
SC50A                 OR-Tools              OPTIMAL               0.216416ms            
SC50A                 ojAlgo-LP             OPTIMAL               0.093125ms            
SC50B                 HiGHS                 OPTIMAL               0.693208ms            
SC50B                 Hipparchus            OPTIMAL               0.651042ms            
SC50B                 OR-Tools              OPTIMAL               0.206834ms            
SC50B                 ojAlgo-LP             OPTIMAL               0.102875ms            
SCAGR25               HiGHS                 OPTIMAL               6.78925ms             
SCAGR25               Hipparchus            FAILED                TIMEOUT               
SCAGR25               OR-Tools              OPTIMAL               4.796792ms            
SCAGR25               ojAlgo-LP             OPTIMAL               27.453375ms           
SCAGR7                HiGHS                 OPTIMAL               1.168417ms            
SCAGR7                Hipparchus            OPTIMAL               14.640542ms           
SCAGR7                OR-Tools              OPTIMAL               0.982167ms            
SCAGR7                ojAlgo-LP             OPTIMAL               0.773042ms            
SCFXM1                HiGHS                 OPTIMAL               7.047792ms            
SCFXM1                Hipparchus            FAILED                TIMEOUT               
SCFXM1                OR-Tools              OPTIMAL               5.726958ms            
SCFXM1                ojAlgo-LP             OPTIMAL               7.982167ms            
SCFXM2                HiGHS                 OPTIMAL               17.136041ms           
SCFXM2                Hipparchus            FAILED                TIMEOUT               
SCFXM2                OR-Tools              OPTIMAL               15.165167ms           
SCFXM2                ojAlgo-LP             OPTIMAL               39.802042ms           
SCFXM3                HiGHS                 OPTIMAL               29.426292ms           
SCFXM3                Hipparchus            FAILED                TIMEOUT               
SCFXM3                OR-Tools              OPTIMAL               25.231167ms           
SCFXM3                ojAlgo-LP             OPTIMAL               149.491792ms          
SCORPION              HiGHS                 OPTIMAL               2.267208ms            
SCORPION              Hipparchus            OPTIMAL               69.470292ms           
SCORPION              OR-Tools              OPTIMAL               2.750125ms            
SCORPION              ojAlgo-LP             OPTIMAL               2.920542ms            
SCRS8                 HiGHS                 OPTIMAL               8.470292ms            
SCRS8                 Hipparchus            OPTIMAL               631.005667ms          
SCRS8                 OR-Tools              OPTIMAL               10.73975ms            
SCRS8                 ojAlgo-LP             OPTIMAL               39.99175ms            
SCSD1                 HiGHS                 OPTIMAL               2.265958ms            
SCSD1                 Hipparchus            OPTIMAL               242.176ms             
SCSD1                 OR-Tools              OPTIMAL               2.853333ms            
SCSD1                 ojAlgo-LP             OPTIMAL               1.799875ms            
SCSD6                 HiGHS                 OPTIMAL               5.890792ms            
SCSD6                 Hipparchus            FAILED                UNSTABLE              
SCSD6                 OR-Tools              OPTIMAL               6.297416ms            
SCSD6                 ojAlgo-LP             OPTIMAL               15.468584ms           
SCSD8                 HiGHS                 OPTIMAL               39.311292ms           
SCSD8                 Hipparchus            OPTIMAL               13988.39225ms         
SCSD8                 OR-Tools              OPTIMAL               24.138667ms           
SCSD8                 ojAlgo-LP             OPTIMAL               222.591166ms          
SCTAP1                HiGHS                 OPTIMAL               5.799167ms            
SCTAP1                Hipparchus            OPTIMAL               203.548291ms          
SCTAP1                OR-Tools              OPTIMAL               2.706292ms            
SCTAP1                ojAlgo-LP             OPTIMAL               5.190125ms            
SCTAP2                HiGHS                 OPTIMAL               11.66525ms            
SCTAP2                Hipparchus            FAILED                TIMEOUT               
SCTAP2                OR-Tools              OPTIMAL               8.910625ms            
SCTAP2                ojAlgo-LP             OPTIMAL               86.960417ms           
SCTAP3                HiGHS                 OPTIMAL               15.167625ms           
SCTAP3                Hipparchus            FAILED                TIMEOUT               
SCTAP3                OR-Tools              OPTIMAL               15.988333ms           
SCTAP3                ojAlgo-LP             OPTIMAL               196.450959ms          
SEBA                  HiGHS                 OPTIMAL               3.768083ms            
SEBA                  Hipparchus            FAILED                TIMEOUT               
SEBA                  OR-Tools              OPTIMAL               2.060583ms            
SEBA                  ojAlgo-LP             OPTIMAL               33.808375ms           
SHARE1B               HiGHS                 OPTIMAL               2.6775ms              
SHARE1B               Hipparchus            OPTIMAL               31.442208ms           
SHARE1B               OR-Tools              OPTIMAL               2.842834ms            
SHARE1B               ojAlgo-LP             OPTIMAL               2.232625ms            
SHARE2B               HiGHS                 OPTIMAL               1.840666ms            
SHARE2B               Hipparchus            OPTIMAL               3.817291ms            
SHARE2B               OR-Tools              OPTIMAL               0.791083ms            
SHARE2B               ojAlgo-LP             OPTIMAL               0.578708ms            
SHELL                 HiGHS                 OPTIMAL               12.44775ms            
SHELL                 Hipparchus            OPTIMAL               1027.026542ms         
SHELL                 OR-Tools              OPTIMAL               7.998667ms            
SHELL                 ojAlgo-LP             OPTIMAL               14.348167ms           
SHIP04L               HiGHS                 OPTIMAL               6.910959ms            
SHIP04L               Hipparchus            OPTIMAL               754.819833ms          
SHIP04L               OR-Tools              OPTIMAL               6.184708ms            
SHIP04L               ojAlgo-LP             OPTIMAL               12.552375ms           
SHIP04S               HiGHS                 OPTIMAL               4.986833ms            
SHIP04S               Hipparchus            OPTIMAL               359.987583ms          
SHIP04S               OR-Tools              OPTIMAL               4.592834ms            
SHIP04S               ojAlgo-LP             OPTIMAL               7.07025ms             
SHIP08L               HiGHS                 OPTIMAL               16.218ms              
SHIP08L               Hipparchus            OPTIMAL               3358.479459ms         
SHIP08L               OR-Tools              OPTIMAL               15.379875ms           
SHIP08L               ojAlgo-LP             OPTIMAL               30.46425ms            
SHIP08S               HiGHS                 OPTIMAL               8.506417ms            
SHIP08S               Hipparchus            OPTIMAL               961.314792ms          
SHIP08S               OR-Tools              OPTIMAL               7.49825ms             
SHIP08S               ojAlgo-LP             OPTIMAL               11.999459ms           
SHIP12L               HiGHS                 OPTIMAL               22.873958ms           
SHIP12L               Hipparchus            OPTIMAL               6070.590042ms         
SHIP12L               OR-Tools              OPTIMAL               17.056292ms           
SHIP12L               ojAlgo-LP             OPTIMAL               178.445ms             
SHIP12S               HiGHS                 OPTIMAL               10.221917ms           
SHIP12S               Hipparchus            OPTIMAL               1419.31075ms          
SHIP12S               OR-Tools              OPTIMAL               8.11525ms             
SHIP12S               ojAlgo-LP             OPTIMAL               16.892959ms           
SIERRA                HiGHS                 OPTIMAL               13.457125ms           
SIERRA                Hipparchus            OPTIMAL               14499.3395ms          
SIERRA                OR-Tools              OPTIMAL               12.787958ms           
SIERRA                ojAlgo-LP             OPTIMAL               33.723625ms           
STAIR                 HiGHS                 OPTIMAL               13.9725ms             
STAIR                 Hipparchus            FAILED                TIMEOUT               
STAIR                 OR-Tools              OPTIMAL               11.921792ms           
STAIR                 ojAlgo-LP             OPTIMAL               27.17525ms            
STANDATA              HiGHS                 OPTIMAL               5.073ms               
STANDATA              Hipparchus            OPTIMAL               309.309375ms          
STANDATA              OR-Tools              OPTIMAL               3.684042ms            
STANDATA              ojAlgo-LP             OPTIMAL               2.576333ms            
STANDGUB              HiGHS                 OPTIMAL               4.875041ms            
STANDGUB              Hipparchus            OPTIMAL               359.582333ms          
STANDGUB              OR-Tools              OPTIMAL               3.625458ms            
STANDGUB              ojAlgo-LP             OPTIMAL               2.301333ms            
STANDMPS              HiGHS                 OPTIMAL               6.612958ms            
STANDMPS              Hipparchus            OPTIMAL               768.788542ms          
STANDMPS              OR-Tools              OPTIMAL               5.685042ms            
STANDMPS              ojAlgo-LP             OPTIMAL               5.779459ms            
STOCFOR1              HiGHS                 OPTIMAL               1.094333ms            
STOCFOR1              Hipparchus            OPTIMAL               4.196709ms            
STOCFOR1              OR-Tools              OPTIMAL               0.565292ms            
STOCFOR1              ojAlgo-LP             OPTIMAL               0.333417ms            
STOCFOR2              HiGHS                 OPTIMAL               26.323167ms           
STOCFOR2              Hipparchus            FAILED                TIMEOUT               
STOCFOR2              OR-Tools              OPTIMAL               23.685208ms           
STOCFOR2              ojAlgo-LP             OPTIMAL               2643.479042ms         
TRUSS                 HiGHS                 OPTIMAL               2770.746541ms         
TRUSS                 Hipparchus            FAILED                TIMEOUT               
TRUSS                 OR-Tools              OPTIMAL               274.122333ms          
TRUSS                 ojAlgo-LP             OPTIMAL               4996.466875ms         
TUFF                  HiGHS                 OPTIMAL               8.2635ms              
TUFF                  Hipparchus            FAILED                TIMEOUT               
TUFF                  OR-Tools              OPTIMAL               3.613959ms            
TUFF                  ojAlgo-LP             OPTIMAL               14.941958ms           
VTP-BASE              HiGHS                 OPTIMAL               1.018541ms            
VTP-BASE              Hipparchus            OPTIMAL               35.547708ms           
VTP-BASE              OR-Tools              OPTIMAL               0.571083ms            
VTP-BASE              ojAlgo-LP             OPTIMAL               0.253334ms            
WOOD1P                HiGHS                 OPTIMAL               80.905625ms           
WOOD1P                Hipparchus            FAILED                TIMEOUT               
WOOD1P                OR-Tools              OPTIMAL               35.871ms              
WOOD1P                ojAlgo-LP             OPTIMAL               129.145291ms          
WOODW                 HiGHS                 OPTIMAL               71.924791ms           
WOODW                 Hipparchus            FAILED                TIMEOUT               
WOODW                 OR-Tools              OPTIMAL               52.230583ms           
WOODW                 ojAlgo-LP             OPTIMAL               610.692334ms          
