WARNING: Unknown module: ojalgo specified to --patch-module
WARNING: Unknown module: ojalgo specified to --add-reads
WARNING: A restricted method in java.lang.System has been called
WARNING: java.lang.System::loadLibrary has been called by com.google.ortools.Loader in an unnamed module (file:/Users/apete/.m2/repository/com/google/ortools/ortools-java/9.15.6755/ortools-java-9.15.6755.jar)
WARNING: Use --enable-native-access=ALL-UNNAMED to avoid a warning for callers in this module
WARNING: Restricted methods will be blocked in a future release unless native access is enabled


Environment: 8GB/10threads aarch64 [32GB/10threads, 2MB/10threads, 256kB/1thread, 64kB/1thread]


Iteration 1 with 21 model/solver pairs remaining 2026-03-29T16:34:08.319951Z
-----------------------------------------------------------------------------

Iteration 2 with 21 model/solver pairs remaining 2026-03-29T16:35:21.111544Z
-----------------------------------------------------------------------------

Iteration 3 with 21 model/solver pairs remaining 2026-03-29T16:36:12.074664Z
-----------------------------------------------------------------------------
PEROLD                ojAlgo-LP-dual-S      Time stable           3304.329958ms         -9380.755278234234    
BANDM                 ORTools               Time stable           6.285583ms            -158.62801845012066   
SCSD8                 ORTools               Time stable           25.335083ms           904.9999999254643     
GANGES                ojAlgo-LP-dual-D      Time stable           112.361417ms          -109585.73612927813   
25FV47                ojAlgo-LP-dual-S      Time stable           2039.990667ms         5501.845888286962     
GANGES                ORTools               Time stable           13.918958ms           -109585.7361292784    
PDS-02                ojAlgo-LP-dual-D      Time stable           470.122167ms          2.885786201E10        
PEROLD                ORTools               Time stable           52.0505ms             -9380.755278235429    
SCSD8                 ojAlgo-LP-dual-S      Time stable           149.675209ms          904.9999999261814     
BANDM                 ojAlgo-LP-dual-S      Time stable           45.128917ms           -158.6280184501176    
CZPROB                ojAlgo-LP-dual-S      Time stable           392.396208ms          2185196.698856629     
GANGES                ojAlgo-LP-dual-S      Time stable           830.35825ms           -109585.73612927798   
PDS-02                ojAlgo-LP-dual-S      Time stable           6046.587042ms         2.885786201E10        
PEROLD                ojAlgo-LP-dual-D      Time stable           600.910375ms          -9380.7719634293      
BANDM                 ojAlgo-LP-dual-D      Time stable           20.037375ms           -158.6280184501261    
CZPROB                ojAlgo-LP-dual-D      Time stable           112.052125ms          2185196.698856572     
SCSD8                 ojAlgo-LP-dual-D      Time stable           243.528667ms          904.9999999255087     
25FV47                ojAlgo-LP-dual-D      Time stable           1594.193125ms         5501.845888301332     
PDS-02                ORTools               Time stable           42.394917ms           2.885786201E10        
25FV47                ORTools               Time stable           101.346459ms          5501.84588828675      
CZPROB                ORTools               Time stable           25.964458ms           2185196.6988565777    

Final Results
=====================================================================
25FV47                ORTools               OPTIMAL               101.346459ms          
25FV47                ojAlgo-LP-dual-D      OPTIMAL               1594.193125ms         
25FV47                ojAlgo-LP-dual-S      OPTIMAL               2039.990667ms         
BANDM                 ORTools               OPTIMAL               6.285583ms            
BANDM                 ojAlgo-LP-dual-D      OPTIMAL               20.037375ms           
BANDM                 ojAlgo-LP-dual-S      OPTIMAL               45.128917ms           
CZPROB                ORTools               OPTIMAL               25.964458ms           
CZPROB                ojAlgo-LP-dual-D      OPTIMAL               112.052125ms          
CZPROB                ojAlgo-LP-dual-S      OPTIMAL               392.396208ms          
GANGES                ORTools               OPTIMAL               13.918958ms           
GANGES                ojAlgo-LP-dual-D      OPTIMAL               112.361417ms          
GANGES                ojAlgo-LP-dual-S      OPTIMAL               830.35825ms           
PDS-02                ORTools               OPTIMAL               42.394917ms           
PDS-02                ojAlgo-LP-dual-D      OPTIMAL               470.122167ms          
PDS-02                ojAlgo-LP-dual-S      OPTIMAL               6046.587042ms         
PEROLD                ORTools               OPTIMAL               52.0505ms             
PEROLD                ojAlgo-LP-dual-D      OPTIMAL               600.910375ms          
PEROLD                ojAlgo-LP-dual-S      OPTIMAL               3304.329958ms         
SCSD8                 ORTools               OPTIMAL               25.335083ms           
SCSD8                 ojAlgo-LP-dual-D      OPTIMAL               243.528667ms          
SCSD8                 ojAlgo-LP-dual-S      OPTIMAL               149.675209ms          
