WARNING: Unknown module: ojalgo specified to --patch-module
WARNING: Unknown module: ojalgo specified to --add-reads

Environment: 12GB/18threads aarch64 [48GB/18threads, 2MB/18threads, 256kB/1thread, 64kB/1thread]
Workers: 2, threads per worker: 9


Iteration 1 with 192 model/solver pairs remaining 2026-09-30T06:54:37.554148Z
-----------------------------------------------------------------------------
HS118                 COPT                  Solved                1.726ms               664.8204500001063     
QPCBLEND              Gurobi                Solved                2.035166ms            -0.007842542774396959 
CVXQP2_S              COPT                  Solved                4.829417ms            8120.940477251733     
LASER                 ojAlgo-QP             Solved                10.816917ms           2409601.3445665766    
POWELL20              COPT                  Solved                49.961708ms           5.208958281242757E10  
MOSARQP1              COPT                  Solved                21.091833ms           -952.8754430312603    
DUAL4                 COPT                  Solved                6.767125ms            0.746090841813025     
LASER                 Clarabel              Solved                13.47075ms            2409601.3455973454    
CVXQP3_S              ojAlgo-QP             Solved                5.089417ms            11943.432202309972    
QPCSTAIR              Clarabel              Solved                12.522ms              6204387.476095291     
AUG3DCQP              COPT                  Solved                17.004875ms           993.3621465257148     
CVXQP2_M              ojAlgo-QP             Solved                29.629125ms           820155.4310868877     
DUALC2                Gurobi                Solved                0.142708ms            3551.3076928595256    
S268                  Clarabel              Solved                0.179375ms            1.0827727501628553E-6 
CONT-050              COPT                  Solved                14.929459ms           -4.563850904340323    
CVXQP2_M              Clarabel              Solved                26.938334ms           820155.4310161147     
QPCSTAIR              ojAlgo-QP             Solved                256.813917ms          6204387.476082535     
HS51                  COPT                  Solved                0.799583ms            0.0                   
DUAL3                 Gurobi                Solved                7.453416ms            0.13575584229390808   
HS35                  COPT                  Solved                1.917291ms            0.11111111111356      
QPTEST                COPT                  Solved                1.860667ms            4.371875000000043     
CONT-050              Gurobi                Solved                22.95325ms            -4.563850904321097    
HS21                  Gurobi                Solved                0.096166ms            -99.95999999993074    
STCQP2                Gurobi                Solved                72.696292ms           22327.31329314305     
AUG3DC                Gurobi                Solved                13.565083ms           771.2624386889588     
CVXQP1_L              Gurobi                Solved                1077.295333ms         1.0870489466073301E8  
DUALC5                COPT                  Solved                2.197417ms            427.23232677646814    
CVXQP1_S              Gurobi                Solved                2.158125ms            11590.718120011501    
QPCBOEI2              Clarabel              Solved                4.448167ms            8171962.244346138     
S268                  ojAlgo-QP             Solved                0.512875ms            4.3151E-24            
QPCBOEI2              ojAlgo-QP             Solved                44.278666ms           8171962.244330393     
DUAL3                 COPT                  Solved                9.108167ms            0.13575583687665527   
DUALC1                Gurobi                Solved                0.189292ms            6155.25082955423      
AUG3DC                COPT                  Solved                9.318583ms            771.2624386889589     
HUESTIS               COPT                  Solved                29.164833ms           3.482446385499014E11  
CVXQP3_M              Gurobi                Solved                90.712ms              1362828.7870555902    
DUAL2                 Gurobi                Solved                5.048875ms            0.033733676122793724  
CVXQP2_L              Clarabel              Solved                8361.071333ms         8.18424582629042E7    
CVXQP2_L              COPT                  Solved                680.331709ms          8.184245826284124E7   
DUALC5                Clarabel              Solved                0.196792ms            427.23232755418167    
HS35MOD               Gurobi                Solved                0.094291ms            0.2500000067466616    
VALUES                Clarabel              Solved                3.689ms               -1.3966211433271045   
DUALC5                ojAlgo-QP             Solved                0.960542ms            427.23232677638896    
AUG3DCQP              Gurobi                Solved                23.045834ms           993.3621471456556     
QPCBOEI1              ojAlgo-QP             Solved                495.579333ms          1.1503914009825118E7  
KSIP                  Clarabel              Solved                12.281625ms           0.5757979412419589    
HUESTIS               Clarabel              INFEASIBLE            UNSTABLE              
MOSARQP2              Clarabel              Solved                7.302542ms            -1597.4821175167976   
AUG3DCQP              Clarabel              Solved                26.286083ms           993.3621465254229     
GENHS28               COPT                  Solved                0.657ms               0.9271736937663944    
CVXQP2_S              Gurobi                Solved                0.921291ms            8120.940477270524     
AUG3DCQP              ojAlgo-QP             Solved                67.119167ms           993.3621465050519     
QPCBOEI1              Clarabel              Solved                7.303875ms            1.1503914009770427E7  
DUAL2                 COPT                  Solved                4.889375ms            0.03373367612271657   
HS21                  ojAlgo-QP             Solved                0.048208ms            -99.96                
STCQP2                COPT                  Solved                47.275042ms           22327.31327242951     
DUAL4                 Clarabel              Solved                2.115416ms            0.7460908637621803    
HS53                  COPT                  Solved                1.103417ms            4.0930232558139314    
CVXQP2_S              Clarabel              Solved                0.905125ms            8120.940477251413     
TAME                  Clarabel              Solved                0.074ms               0.0                   
CVXQP2_L              ojAlgo-QP             Solved                11156.386208ms        8.184245826451105E7   
HS35MOD               Clarabel              Solved                0.132375ms            0.25000000119037485   
MOSARQP1              Gurobi                Solved                9.969166ms            -952.8754425226556    
QPCBOEI1              Gurobi                Solved                4.813166ms            1.150391400976825E7   
DUAL4                 ojAlgo-QP             Solved                3.537625ms            0.7460908418021085    
HUESTIS               Gurobi                Solved                18.251875ms           3.4824463873345074E11 
YAO                   Gurobi                Solved                15.20625ms            197.70425593574183    
TAME                  ojAlgo-QP             Solved                0.044708ms            0.0                   
HS35MOD               ojAlgo-QP             Solved                0.047ms               0.25                  
MOSARQP2              ojAlgo-QP             Solved                41.912084ms           -1597.4821174957456   
CVXQP2_M              COPT                  Solved                33.821958ms           820155.4310207053     
HS21                  Clarabel              Solved                0.087542ms            -99.95999999999633    
KSIP                  ojAlgo-QP             Solved                25.56175ms            0.5757979412401084    
CVXQP1_M              Gurobi                Solved                49.750667ms           1087511.5684757375    
TAME                  Gurobi                Solved                0.065791ms            0.0                   
CVXQP3_S              COPT                  Solved                4.453958ms            11943.432202307842    
HUES-MOD              Clarabel              INFEASIBLE            UNSTABLE              
DUAL1                 COPT                  Solved                5.39875ms             0.03501296573658537   
YAO                   ojAlgo-QP             APPROXIMATE           UNSTABLE              
LASER                 COPT                  Solved                26.196458ms           2409601.345596795     
HS268                 COPT                  Solved                4.061625ms            1.5113906332890895E-10
CONT-050              Clarabel              Solved                50.523916ms           -4.563850904324673    
CVXQP2_S              ojAlgo-QP             Solved                6.05525ms             8120.940477250699     
YAO                   Clarabel              APPROXIMATE           UNSTABLE              
QPCBLEND              COPT                  Solved                3.076209ms            -0.007842542877205832 
KSIP                  Gurobi                Solved                12.647917ms           0.5757979412405373    
STCQP1                COPT                  Solved                35.102ms              155143.55470395705    
CONT-050              ojAlgo-QP             Solved                1448.12425ms          -4.563850903450709    
CVXQP1_M              ojAlgo-QP             Solved                57.186667ms           1087511.56731044      
HS52                  COPT                  Solved                0.566958ms            5.326647564469917     
HUES-MOD              ojAlgo-QP             Solved                70.258292ms           3.482444393273373E7   
MOSARQP2              Gurobi                Solved                8.211667ms            -1597.4821173216978   
CVXQP1_M              Clarabel              Solved                41.980208ms           1087511.5673276735    
HS76                  COPT                  Solved                1.889042ms            -4.681818181679441    
QPCSTAIR              Gurobi                Solved                8.632084ms            6204387.476086542     
VALUES                ojAlgo-QP             Solved                9.44875ms             -1.3966211447135068   
DUAL4                 Gurobi                Solved                2.631917ms            0.7460908477143318    
YAO                   COPT                  Solved                15.729125ms           197.7042559402473     
S268                  Gurobi                Solved                0.078375ms            7.921358603821931E-6  
QPCBLEND              Clarabel              Solved                0.856583ms            -0.007842542798814777 
DUALC8                COPT                  Solved                1.550292ms            18309.358832735277    
QPTEST                ojAlgo-QP             Solved                0.021125ms            4.371875              
CVXQP2_M              Gurobi                Solved                27.708833ms           820155.4310147046     
QPCBLEND              ojAlgo-QP             Solved                5.319209ms            -0.007842543074190106 
HS35                  Clarabel              Solved                0.058291ms            0.11111111118286      
DUAL2                 Clarabel              Solved                3.659792ms            0.03373368031007675   
HS35MOD               COPT                  Solved                3.213916ms            0.250000000000537     
CVXQP1_L              ojAlgo-QP             Solved                34470.423834ms        1.0870479976878767E8  
DUAL2                 ojAlgo-QP             Solved                5.200333ms            0.03373367612271817   
QPTEST                Clarabel              Solved                0.070292ms            4.371875001943586     
HS35                  ojAlgo-QP             Solved                0.026042ms            0.11111111111111334   
CVXQP1_L              Clarabel              Solved                13324.713125ms        1.0870479991559933E8  
HS51                  Clarabel              Solved                0.072541ms            0.0                   
HS51                  ojAlgo-QP             Solved                0.033791ms            4.13106175527E-17     
HUES-MOD              Gurobi                Solved                19.308459ms           3.48244638733452E7    
CVXQP3_L              COPT                  Solved                2179.526958ms         1.1571110449769558E8  
CVXQP2_L              Gurobi                Solved                729.22075ms           8.184245827771086E7   
HS53                  Gurobi                Solved                0.091041ms            4.093023255813933     
DUALC2                ojAlgo-QP             Solved                0.180583ms            3551.307692670851     
MOSARQP1              Clarabel              Solved                15.117542ms           -952.8754430307338    
AUG3DC                ojAlgo-QP             Solved                32.319667ms           771.2624386889596     
DUALC1                COPT                  Solved                2.1795ms              6155.2508300025265    
DUALC2                Clarabel              Solved                0.138542ms            3551.307695741058     
AUG3DC                Clarabel              Solved                6.838209ms            771.2624386889584     
CVXQP3_M              ojAlgo-QP             Solved                492.950417ms          1362828.7415021106    
CVXQP1_S              Clarabel              Solved                1.12375ms             11590.7181194325      
CVXQP3_M              Clarabel              Solved                65.111583ms           1362828.7416041286    
DUAL3                 Clarabel              Solved                6.051ms               0.1357558965708443    
DUAL3                 ojAlgo-QP             Solved                8.683834ms            0.13575583686602247   
QPCBOEI2              Gurobi                Solved                2.285125ms            8171962.244330432     
CVXQP1_S              COPT                  Solved                3.4275ms              11590.71811942291     
HS118                 Clarabel              Solved                0.16475ms             664.8204500023853     
HUESTIS               ojAlgo-QP             Solved                79.624458ms           3.482444393273373E11  
DUALC5                Gurobi                Solved                0.104208ms            427.2323284666975     
MOSARQP1              ojAlgo-QP             Solved                272.735292ms          -952.8754427805984    
CVXQP3_M              COPT                  Solved                59.144333ms           1362828.7416045454    
HS118                 ojAlgo-QP             Solved                0.152958ms            664.82045             
HS52                  Gurobi                Solved                0.060125ms            5.326647564469947     
HS76                  Gurobi                Solved                0.080208ms            -4.681818181242489    
STCQP1                Gurobi                Solved                17.641792ms           155143.55474736833    
DUALC1                ojAlgo-QP             Solved                0.086167ms            6155.250829462582     
QPCBOEI2              COPT                  Solved                7.061375ms            8171962.244330406     
DUALC1                Clarabel              Solved                0.142625ms            6155.250871874518     
DUALC2                COPT                  Solved                2.671417ms            3551.3076926707517    
CVXQP3_L              Gurobi                Solved                4966.0695ms           1.1571110542203602E8  
CVXQP1_S              ojAlgo-QP             Solved                2.652708ms            11590.718119426749    
STCQP1                Clarabel              Solved                52.42875ms            155143.55470396916    
HUES-MOD              COPT                  Solved                26.0785ms             3.4824463854989916E7  
VALUES                Gurobi                FAILED                TIMEOUT               
HS53                  ojAlgo-QP             Solved                0.537167ms            4.093023255813956     
TAME                  COPT                  Solved                0.827916ms            0.0                   
CVXQP3_L              ojAlgo-QP             Solved                138992.427ms          1.1571110348156732E8  
POWELL20              Gurobi                Solved                291.212583ms          5.208958281250049E10  
HS118                 Gurobi                Solved                0.136625ms            664.8204500062724     
HS268                 Clarabel              Solved                0.064792ms            1.0827727501628553E-6 
STCQP1                ojAlgo-QP             Solved                14.632708ms           155143.55470403298    
S268                  COPT                  Solved                2.81175ms             1.5113906332890895E-10
DUAL1                 Gurobi                Solved                3.882708ms            0.03501296855864166   
DUALC8                Gurobi                Solved                0.143042ms            18309.358832820424    
HS21                  COPT                  Solved                1.205542ms            -99.95999999997561    
HS268                 ojAlgo-QP             Solved                0.022125ms            4.3151E-24            
HS53                  Clarabel              Solved                0.05125ms             4.093023255813974     
CVXQP1_L              COPT                  Solved                1089.150167ms         1.0870479973846214E8  
GENHS28               ojAlgo-QP             Solved                0.030166ms            0.9271736939195341    
GENHS28               Clarabel              Solved                0.029458ms            0.9271736937663944    
POWELL20              Clarabel              Solved                86.713459ms           5.208958281259555E10  
POWELL20              ojAlgo-QP             APPROXIMATE           UNSTABLE              
KSIP                  COPT                  Solved                66.390667ms           0.5757979412401049    
DUALC8                Clarabel              Solved                0.094042ms            18309.359650070946    
HS51                  Gurobi                Solved                0.053583ms            6.6E-27               
CVXQP3_S              Gurobi                Solved                2.369583ms            11943.432202879196    
QPTEST                Gurobi                Solved                0.056625ms            4.371875004581603     
QPCBOEI1              COPT                  Solved                9.285417ms            1.1503914009768227E7  
QPCSTAIR              COPT                  Solved                10.282209ms           6204387.476082529     
MOSARQP2              COPT                  Solved                11.32425ms            -1597.4821175229827   
HS35                  Gurobi                Solved                0.052875ms            0.11111111111710445   
STCQP2                Clarabel              Solved                52.226583ms           22327.313272420346    
DUAL1                 Clarabel              Solved                3.1625ms              0.03501298755196928   
HS76                  ojAlgo-QP             Solved                0.023708ms            -4.681818181818182    
LASER                 Gurobi                Solved                16.051958ms           2409601.345596804     
HS52                  ojAlgo-QP             Solved                0.014ms               5.326647576871785     
CVXQP3_S              Clarabel              Solved                1.130334ms            11943.432202316648    
GENHS28               Gurobi                Solved                0.0765ms              0.9271736937664032    
STCQP2                ojAlgo-QP             Solved                20.299458ms           22327.313272417538    
VALUES                COPT                  FAILED                UNSTABLE              
DUAL1                 ojAlgo-QP             Solved                3.35925ms             0.03501296573347623   
DUALC8                ojAlgo-QP             Solved                0.048875ms            18309.35883273631     
HS52                  Clarabel              Solved                0.023041ms            5.326647564469917     
HS76                  Clarabel              Solved                0.034083ms            -4.681818181738655    
HS268                 Gurobi                Solved                0.0765ms              7.921358603821931E-6  
CVXQP1_M              COPT                  Solved                39.615167ms           1087511.567838513     
CVXQP3_L              Clarabel              Solved                11571.904583ms        1.1571110449425064E8  

Iteration 2 with 185 model/solver pairs remaining 2026-09-30T07:00:47.047246Z
-----------------------------------------------------------------------------

Iteration 3 with 185 model/solver pairs remaining 2026-09-30T07:04:31.264760Z
-----------------------------------------------------------------------------
HS118                 COPT                  Time stable           0.960583ms            664.8204500001063     
QPCBLEND              Gurobi                Time stable           0.723666ms            -0.007842542774396959 
CVXQP2_S              COPT                  Time stable           3.103209ms            8120.940477251733     
LASER                 ojAlgo-QP             Time stable           4.152334ms            2409601.3445665766    
POWELL20              COPT                  Time stable           33.700958ms           5.208958281242757E10  
MOSARQP1              COPT                  Time stable           18.35475ms            -952.8754430312603    
DUAL4                 COPT                  Time stable           4.774709ms            0.746090841813025     
LASER                 Clarabel              Time stable           6.41875ms             2409601.3455973454    
CVXQP3_S              ojAlgo-QP             Time stable           1.400042ms            11943.432202309972    
QPCSTAIR              Clarabel              Time stable           9.393375ms            6204387.476095291     
AUG3DCQP              COPT                  Time stable           12.6575ms             993.3621465257148     
CVXQP2_M              ojAlgo-QP             Time stable           29.614875ms           820155.4310868877     
DUALC2                Gurobi                Time stable           0.094958ms            3551.3076928595256    
S268                  Clarabel              Time stable           0.050083ms            1.0827727501628553E-6 
CONT-050              COPT                  Time stable           14.584208ms           -4.563850904340323    
CVXQP2_M              Clarabel              Time stable           24.504625ms           820155.4310161147     
QPCSTAIR              ojAlgo-QP             Time stable           256.813917ms          6204387.476082535     
HS51                  COPT                  Time stable           0.612125ms            0.0                   
DUAL3                 Gurobi                Time stable           6.710666ms            0.13575584229390808   
HS35                  COPT                  Time stable           1.787417ms            0.11111111111356      
QPTEST                COPT                  Time stable           1.223625ms            4.371875000000043     
CONT-050              Gurobi                Time stable           22.271125ms           -4.563850904321097    
HS21                  Gurobi                Time stable           0.040791ms            -99.95999999993074    
STCQP2                Gurobi                Time stable           53.759833ms           22327.31329314305     
AUG3DC                Gurobi                Time stable           9.485583ms            771.2624386889588     
QPCBOEI2              ojAlgo-QP             Time stable           42.21375ms            8171962.244330393     
DUALC5                COPT                  Time stable           1.870792ms            427.23232677646814    
CVXQP1_S              Gurobi                Time stable           1.281875ms            11590.718120011501    
QPCBOEI2              Clarabel              Time stable           2.7975ms              8171962.244346138     
S268                  ojAlgo-QP             Time stable           0.02175ms             4.3151E-24            
CVXQP3_M              Gurobi                Time stable           82.838541ms           1362828.7870555902    
DUAL3                 COPT                  Time stable           8.0955ms              0.13575583687665527   
DUALC1                Gurobi                Time stable           0.187542ms            6155.25082955423      
AUG3DC                COPT                  Time stable           8.885084ms            771.2624386889589     
HUESTIS               COPT                  Time stable           28.325666ms           3.482446385499014E11  
CVXQP1_L              Gurobi                Time stable           1008.092417ms         1.0870489466073301E8  
DUAL2                 Gurobi                Time stable           4.292958ms            0.033733676122793724  
CVXQP2_L              Clarabel              Time stable           8292.716375ms         8.18424582629042E7    
CVXQP2_L              COPT                  Time stable           663.379333ms          8.184245826284127E7   
DUALC5                Clarabel              Time stable           0.071042ms            427.23232755418167    
HS35MOD               Gurobi                Time stable           0.057333ms            0.2500000067466616    
VALUES                Clarabel              Time stable           2.849833ms            -1.3966211433271045   
DUALC5                ojAlgo-QP             Time stable           0.046834ms            427.23232677638896    
AUG3DCQP              Gurobi                Time stable           21.129708ms           993.3621471456556     
QPCBOEI1              ojAlgo-QP             Time stable           495.579333ms          1.1503914009825118E7  
KSIP                  Clarabel              Time stable           9.857083ms            0.5757979412419589    
MOSARQP2              Clarabel              Time stable           6.751791ms            -1597.4821175167976   
AUG3DCQP              Clarabel              Time stable           25.606625ms           993.3621465254229     
GENHS28               COPT                  Time stable           0.308375ms            0.9271736937663944    
CVXQP2_S              Gurobi                Time stable           0.794917ms            8120.940477270524     
AUG3DCQP              ojAlgo-QP             Time stable           62.057416ms           993.3621465050519     
QPCBOEI1              Clarabel              Time stable           6.8195ms              1.1503914009770427E7  
DUAL2                 COPT                  Time stable           4.734125ms            0.03373367612271657   
HS21                  ojAlgo-QP             Time stable           0.011208ms            -99.96                
STCQP2                COPT                  Time stable           47.275042ms           22327.31327242951     
DUAL4                 Clarabel              Time stable           2.115416ms            0.7460908637621803    
HS53                  COPT                  Time stable           1.012209ms            4.0930232558139314    
CVXQP2_S              Clarabel              Time stable           0.69775ms             8120.940477251413     
TAME                  Clarabel              Time stable           0.028ms               0.0                   
HS35MOD               Clarabel              Time stable           0.040667ms            0.25000000119037485   
MOSARQP1              Gurobi                Time stable           9.087208ms            -952.8754425226556    
QPCBOEI1              Gurobi                Time stable           4.049958ms            1.150391400976825E7   
DUAL4                 ojAlgo-QP             Time stable           2.341458ms            0.7460908418021085    
HUESTIS               Gurobi                Time stable           14.314ms              3.4824463873345074E11 
YAO                   Gurobi                Time stable           13.316292ms           197.70425593574183    
TAME                  ojAlgo-QP             Time stable           0.010583ms            0.0                   
HS35MOD               ojAlgo-QP             Time stable           0.010833ms            0.25                  
MOSARQP2              ojAlgo-QP             Time stable           40.520625ms           -1597.4821174957456   
CVXQP2_M              COPT                  Time stable           30.300916ms           820155.4310207053     
HS21                  Clarabel              Time stable           0.033833ms            -99.95999999999633    
KSIP                  ojAlgo-QP             Time stable           19.22075ms            0.5757979412401084    
CVXQP1_M              Gurobi                Time stable           49.147833ms           1087511.5684757375    
TAME                  Gurobi                Time stable           0.049375ms            0.0                   
CVXQP3_S              COPT                  Time stable           3.655625ms            11943.432202307842    
DUAL1                 COPT                  Time stable           4.3965ms              0.03501296573658537   
LASER                 COPT                  Time stable           23.3565ms             2409601.345596795     
HS268                 COPT                  Time stable           3.090292ms            1.5113906332890895E-10
CONT-050              Clarabel              Time stable           46.331417ms           -4.563850904324673    
CVXQP2_S              ojAlgo-QP             Time stable           4.346917ms            8120.940477250699     
QPCBLEND              COPT                  Time stable           2.628333ms            -0.007842542877205832 
KSIP                  Gurobi                Time stable           11.2135ms             0.5757979412405373    
STCQP1                COPT                  Time stable           27.671333ms           155143.55470395705    
CVXQP2_L              ojAlgo-QP             Time stable           10902.837375ms        8.184245826451105E7   
CVXQP1_M              ojAlgo-QP             Time stable           54.164083ms           1087511.56731044      
HS52                  COPT                  Time stable           0.401ms               5.326647564469917     
HUES-MOD              ojAlgo-QP             Time stable           61.382375ms           3.482444393273373E7   
MOSARQP2              Gurobi                Time stable           7.890459ms            -1597.4821173216978   
CVXQP1_M              Clarabel              Time stable           38.354459ms           1087511.5673276735    
HS76                  COPT                  Time stable           1.3685ms              -4.681818181679441    
QPCSTAIR              Gurobi                Time stable           8.632084ms            6204387.476086542     
VALUES                ojAlgo-QP             Time stable           9.192167ms            -1.3966211447135068   
DUAL4                 Gurobi                Time stable           2.545417ms            0.7460908477143318    
YAO                   COPT                  Time stable           14.974167ms           197.7042559402473     
S268                  Gurobi                Time stable           0.074083ms            7.921358603821931E-6  
QPCBLEND              Clarabel              Time stable           0.791833ms            -0.007842542798814777 
DUALC8                COPT                  Time stable           1.416167ms            18309.358832735277    
QPTEST                ojAlgo-QP             Time stable           0.008083ms            4.371875              
CVXQP2_M              Gurobi                Time stable           24.629208ms           820155.4310147046     
QPCBLEND              ojAlgo-QP             Time stable           5.319209ms            -0.007842543074190106 
HS35                  Clarabel              Time stable           0.02875ms             0.11111111118286      
DUAL2                 Clarabel              Time stable           3.358959ms            0.03373368031007675   
HS35MOD               COPT                  Time stable           2.225666ms            0.250000000000537     
CONT-050              ojAlgo-QP             Time stable           1448.12425ms          -4.563850903450709    
DUAL2                 ojAlgo-QP             Time stable           4.726375ms            0.03373367612271817   
QPTEST                Clarabel              Time stable           0.034083ms            4.371875001943586     
HS35                  ojAlgo-QP             Time stable           0.008625ms            0.11111111111111334   
CVXQP1_L              Clarabel              Time stable           11389.375375ms        1.0870479991559933E8  
HS51                  Clarabel              Time stable           0.020917ms            0.0                   
HS51                  ojAlgo-QP             Time stable           0.013167ms            4.13106175527E-17     
HUES-MOD              Gurobi                Time stable           15.168334ms           3.48244638733452E7    
CVXQP3_L              COPT                  Time stable           1612.406375ms         1.157111044830693E8   
CVXQP2_L              Gurobi                Time stable           614.212666ms          8.184245827771086E7   
HS53                  Gurobi                Time stable           0.068083ms            4.093023255813933     
DUALC2                ojAlgo-QP             Time stable           0.058041ms            3551.307692670851     
MOSARQP1              Clarabel              Time stable           10.354292ms           -952.8754430307338    
AUG3DC                ojAlgo-QP             Time stable           28.446291ms           771.2624386889596     
DUALC1                COPT                  Time stable           1.754625ms            6155.2508300025265    
DUALC2                Clarabel              Time stable           0.070917ms            3551.307695741058     
AUG3DC                Clarabel              Time stable           4.614208ms            771.2624386889584     
CVXQP3_M              ojAlgo-QP             Time stable           492.950417ms          1362828.7415021106    
CVXQP1_S              Clarabel              Time stable           0.828875ms            11590.7181194325      
CVXQP3_M              Clarabel              Time stable           57.037084ms           1362828.7416041286    
DUAL3                 Clarabel              Time stable           4.745708ms            0.1357558965708443    
DUAL3                 ojAlgo-QP             Time stable           6.719166ms            0.13575583686602247   
QPCBOEI2              Gurobi                Time stable           1.645292ms            8171962.244330432     
CVXQP1_S              COPT                  Time stable           3.197959ms            11590.71811942291     
HS118                 Clarabel              Time stable           0.1165ms              664.8204500023853     
HUESTIS               ojAlgo-QP             Time stable           64.810625ms           3.482444393273373E11  
DUALC5                Gurobi                Time stable           0.083875ms            427.2323284666975     
MOSARQP1              ojAlgo-QP             Time stable           249.736708ms          -952.8754427805984    
CVXQP3_M              COPT                  Time stable           51.791916ms           1362828.741604744     
HS118                 ojAlgo-QP             Time stable           0.093375ms            664.82045             
HS52                  Gurobi                Time stable           0.054416ms            5.326647564469947     
HS76                  Gurobi                Time stable           0.059916ms            -4.681818181242489    
STCQP1                Gurobi                Time stable           13.697584ms           155143.55474736833    
DUALC1                ojAlgo-QP             Time stable           0.046875ms            6155.250829462582     
QPCBOEI2              COPT                  Time stable           5.033917ms            8171962.244330406     
DUALC1                Clarabel              Time stable           0.103167ms            6155.250871874518     
DUALC2                COPT                  Time stable           2.134917ms            3551.3076926707517    
CVXQP3_L              Gurobi                Time stable           4632.763416ms         1.1571110542203602E8  
CVXQP1_S              ojAlgo-QP             Time stable           2.375375ms            11590.718119426749    
STCQP1                Clarabel              Time stable           52.42875ms            155143.55470396916    
HUES-MOD              COPT                  Time stable           26.0785ms             3.4824463854989916E7  
CVXQP1_L              ojAlgo-QP             Time stable           29837.182292ms        1.0870479976878767E8  
HS53                  ojAlgo-QP             Time stable           0.013083ms            4.093023255813956     
TAME                  COPT                  Time stable           0.67875ms             0.0                   
CVXQP3_L              Clarabel              Time stable           11516.383416ms        1.1571110449425064E8  
POWELL20              Gurobi                Time stable           290.058125ms          5.208958281250049E10  
HS118                 Gurobi                Time stable           0.130584ms            664.8204500062724     
HS268                 Clarabel              Time stable           0.049875ms            1.0827727501628553E-6 
STCQP1                ojAlgo-QP             Time stable           14.330917ms           155143.55470403298    
S268                  COPT                  Time stable           2.81175ms             1.5113906332890895E-10
DUAL1                 Gurobi                Time stable           3.837667ms            0.03501296855864166   
DUALC8                Gurobi                Time stable           0.142875ms            18309.358832820424    
HS21                  COPT                  Time stable           1.102084ms            -99.95999999997561    
HS268                 ojAlgo-QP             Time stable           0.013667ms            4.3151E-24            
HS53                  Clarabel              Time stable           0.03575ms             4.093023255813974     
CVXQP1_L              COPT                  Time stable           1052.192166ms         1.0870479973846214E8  
GENHS28               ojAlgo-QP             Time stable           0.02175ms             0.9271736939195341    
GENHS28               Clarabel              Time stable           0.025875ms            0.9271736937663944    
POWELL20              Clarabel              Time stable           85.50575ms            5.208958281259555E10  
KSIP                  COPT                  Time stable           62.958416ms           0.5757979412401049    
DUALC8                Clarabel              Time stable           0.087084ms            18309.359650070946    
HS51                  Gurobi                Time stable           0.052292ms            6.6E-27               
CVXQP3_S              Gurobi                Time stable           2.195125ms            11943.432202879196    
QPTEST                Gurobi                Time stable           0.053708ms            4.371875004581603     
QPCBOEI1              COPT                  Time stable           9.059792ms            1.1503914009768227E7  
QPCSTAIR              COPT                  Time stable           10.075209ms           6204387.476082529     
MOSARQP2              COPT                  Time stable           11.127875ms           -1597.4821175229827   
HS35                  Gurobi                Time stable           0.051875ms            0.11111111111710445   
STCQP2                Clarabel              Time stable           51.496625ms           22327.313272420346    
DUAL1                 Clarabel              Time stable           2.979416ms            0.03501298755196928   
HS76                  ojAlgo-QP             Time stable           0.011125ms            -4.681818181818182    
LASER                 Gurobi                Time stable           16.051958ms           2409601.345596804     
HS52                  ojAlgo-QP             Time stable           0.012084ms            5.326647576871785     
CVXQP3_S              Clarabel              Time stable           0.98125ms             11943.432202316648    
GENHS28               Gurobi                Time stable           0.074917ms            0.9271736937664032    
STCQP2                ojAlgo-QP             Time stable           16.706792ms           22327.313272417538    
DUAL1                 ojAlgo-QP             Time stable           3.162666ms            0.03501296573347623   
DUALC8                ojAlgo-QP             Time stable           0.040167ms            18309.35883273631     
HS52                  Clarabel              Time stable           0.018042ms            5.326647564469917     
HS76                  Clarabel              Time stable           0.030917ms            -4.681818181738655    
HS268                 Gurobi                Time stable           0.074458ms            7.921358603821931E-6  
CVXQP1_M              COPT                  Time stable           39.2775ms             1087511.567838513     
CVXQP3_L              ojAlgo-QP             Time stable           126705.635666ms       1.1571110348156732E8  

Final Results
=====================================================================
AUG3DC                COPT                  OPTIMAL               8.885084ms            
AUG3DC                Clarabel              OPTIMAL               4.614208ms            
AUG3DC                Gurobi                OPTIMAL               9.485583ms            
AUG3DC                ojAlgo-QP             OPTIMAL               28.446291ms           
AUG3DCQP              COPT                  OPTIMAL               12.6575ms             
AUG3DCQP              Clarabel              OPTIMAL               25.606625ms           
AUG3DCQP              Gurobi                OPTIMAL               21.129708ms           
AUG3DCQP              ojAlgo-QP             OPTIMAL               62.057416ms           
CONT-050              COPT                  OPTIMAL               14.584208ms           
CONT-050              Clarabel              OPTIMAL               46.331417ms           
CONT-050              Gurobi                OPTIMAL               22.271125ms           
CONT-050              ojAlgo-QP             OPTIMAL               1448.12425ms          
CVXQP1_L              COPT                  OPTIMAL               1052.192166ms         
CVXQP1_L              Clarabel              OPTIMAL               11389.375375ms        
CVXQP1_L              Gurobi                OPTIMAL               1008.092417ms         
CVXQP1_L              ojAlgo-QP             OPTIMAL               29837.182292ms        
CVXQP1_M              COPT                  OPTIMAL               39.2775ms             
CVXQP1_M              Clarabel              OPTIMAL               38.354459ms           
CVXQP1_M              Gurobi                OPTIMAL               49.147833ms           
CVXQP1_M              ojAlgo-QP             OPTIMAL               54.164083ms           
CVXQP1_S              COPT                  OPTIMAL               3.197959ms            
CVXQP1_S              Clarabel              OPTIMAL               0.828875ms            
CVXQP1_S              Gurobi                OPTIMAL               1.281875ms            
CVXQP1_S              ojAlgo-QP             OPTIMAL               2.375375ms            
CVXQP2_L              COPT                  OPTIMAL               663.379333ms          
CVXQP2_L              Clarabel              OPTIMAL               8292.716375ms         
CVXQP2_L              Gurobi                OPTIMAL               614.212666ms          
CVXQP2_L              ojAlgo-QP             OPTIMAL               10902.837375ms        
CVXQP2_M              COPT                  OPTIMAL               30.300916ms           
CVXQP2_M              Clarabel              OPTIMAL               24.504625ms           
CVXQP2_M              Gurobi                OPTIMAL               24.629208ms           
CVXQP2_M              ojAlgo-QP             OPTIMAL               29.614875ms           
CVXQP2_S              COPT                  OPTIMAL               3.103209ms            
CVXQP2_S              Clarabel              OPTIMAL               0.69775ms             
CVXQP2_S              Gurobi                OPTIMAL               0.794917ms            
CVXQP2_S              ojAlgo-QP             OPTIMAL               4.346917ms            
CVXQP3_L              COPT                  OPTIMAL               1612.406375ms         
CVXQP3_L              Clarabel              OPTIMAL               11516.383416ms        
CVXQP3_L              Gurobi                OPTIMAL               4632.763416ms         
CVXQP3_L              ojAlgo-QP             OPTIMAL               126705.635666ms       
CVXQP3_M              COPT                  OPTIMAL               51.791916ms           
CVXQP3_M              Clarabel              OPTIMAL               57.037084ms           
CVXQP3_M              Gurobi                OPTIMAL               82.838541ms           
CVXQP3_M              ojAlgo-QP             OPTIMAL               492.950417ms          
CVXQP3_S              COPT                  OPTIMAL               3.655625ms            
CVXQP3_S              Clarabel              OPTIMAL               0.98125ms             
CVXQP3_S              Gurobi                OPTIMAL               2.195125ms            
CVXQP3_S              ojAlgo-QP             OPTIMAL               1.400042ms            
DUAL1                 COPT                  OPTIMAL               4.3965ms              
DUAL1                 Clarabel              OPTIMAL               2.979416ms            
DUAL1                 Gurobi                OPTIMAL               3.837667ms            
DUAL1                 ojAlgo-QP             OPTIMAL               3.162666ms            
DUAL2                 COPT                  OPTIMAL               4.734125ms            
DUAL2                 Clarabel              OPTIMAL               3.358959ms            
DUAL2                 Gurobi                OPTIMAL               4.292958ms            
DUAL2                 ojAlgo-QP             OPTIMAL               4.726375ms            
DUAL3                 COPT                  OPTIMAL               8.0955ms              
DUAL3                 Clarabel              OPTIMAL               4.745708ms            
DUAL3                 Gurobi                OPTIMAL               6.710666ms            
DUAL3                 ojAlgo-QP             OPTIMAL               6.719166ms            
DUAL4                 COPT                  OPTIMAL               4.774709ms            
DUAL4                 Clarabel              OPTIMAL               2.115416ms            
DUAL4                 Gurobi                OPTIMAL               2.545417ms            
DUAL4                 ojAlgo-QP             OPTIMAL               2.341458ms            
DUALC1                COPT                  OPTIMAL               1.754625ms            
DUALC1                Clarabel              OPTIMAL               0.103167ms            
DUALC1                Gurobi                OPTIMAL               0.187542ms            
DUALC1                ojAlgo-QP             OPTIMAL               0.046875ms            
DUALC2                COPT                  OPTIMAL               2.134917ms            
DUALC2                Clarabel              OPTIMAL               0.070917ms            
DUALC2                Gurobi                OPTIMAL               0.094958ms            
DUALC2                ojAlgo-QP             OPTIMAL               0.058041ms            
DUALC5                COPT                  OPTIMAL               1.870792ms            
DUALC5                Clarabel              OPTIMAL               0.071042ms            
DUALC5                Gurobi                OPTIMAL               0.083875ms            
DUALC5                ojAlgo-QP             OPTIMAL               0.046834ms            
DUALC8                COPT                  OPTIMAL               1.416167ms            
DUALC8                Clarabel              OPTIMAL               0.087084ms            
DUALC8                Gurobi                OPTIMAL               0.142875ms            
DUALC8                ojAlgo-QP             OPTIMAL               0.040167ms            
GENHS28               COPT                  OPTIMAL               0.308375ms            
GENHS28               Clarabel              OPTIMAL               0.025875ms            
GENHS28               Gurobi                OPTIMAL               0.074917ms            
GENHS28               ojAlgo-QP             OPTIMAL               0.02175ms             
HS118                 COPT                  OPTIMAL               0.960583ms            
HS118                 Clarabel              OPTIMAL               0.1165ms              
HS118                 Gurobi                OPTIMAL               0.130584ms            
HS118                 ojAlgo-QP             OPTIMAL               0.093375ms            
HS21                  COPT                  OPTIMAL               1.102084ms            
HS21                  Clarabel              OPTIMAL               0.033833ms            
HS21                  Gurobi                OPTIMAL               0.040791ms            
HS21                  ojAlgo-QP             OPTIMAL               0.011208ms            
HS268                 COPT                  OPTIMAL               3.090292ms            
HS268                 Clarabel              OPTIMAL               0.049875ms            
HS268                 Gurobi                OPTIMAL               0.074458ms            
HS268                 ojAlgo-QP             OPTIMAL               0.013667ms            
HS35                  COPT                  OPTIMAL               1.787417ms            
HS35                  Clarabel              OPTIMAL               0.02875ms             
HS35                  Gurobi                OPTIMAL               0.051875ms            
HS35                  ojAlgo-QP             OPTIMAL               0.008625ms            
HS35MOD               COPT                  OPTIMAL               2.225666ms            
HS35MOD               Clarabel              OPTIMAL               0.040667ms            
HS35MOD               Gurobi                OPTIMAL               0.057333ms            
HS35MOD               ojAlgo-QP             OPTIMAL               0.010833ms            
HS51                  COPT                  OPTIMAL               0.612125ms            
HS51                  Clarabel              OPTIMAL               0.020917ms            
HS51                  Gurobi                OPTIMAL               0.052292ms            
HS51                  ojAlgo-QP             OPTIMAL               0.013167ms            
HS52                  COPT                  OPTIMAL               0.401ms               
HS52                  Clarabel              OPTIMAL               0.018042ms            
HS52                  Gurobi                OPTIMAL               0.054416ms            
HS52                  ojAlgo-QP             OPTIMAL               0.012084ms            
HS53                  COPT                  OPTIMAL               1.012209ms            
HS53                  Clarabel              OPTIMAL               0.03575ms             
HS53                  Gurobi                OPTIMAL               0.068083ms            
HS53                  ojAlgo-QP             OPTIMAL               0.013083ms            
HS76                  COPT                  OPTIMAL               1.3685ms              
HS76                  Clarabel              OPTIMAL               0.030917ms            
HS76                  Gurobi                OPTIMAL               0.059916ms            
HS76                  ojAlgo-QP             OPTIMAL               0.011125ms            
HUES-MOD              COPT                  OPTIMAL               26.0785ms             
HUES-MOD              Clarabel              FAILED                UNSTABLE              
HUES-MOD              Gurobi                OPTIMAL               15.168334ms           
HUES-MOD              ojAlgo-QP             OPTIMAL               61.382375ms           
HUESTIS               COPT                  OPTIMAL               28.325666ms           
HUESTIS               Clarabel              FAILED                UNSTABLE              
HUESTIS               Gurobi                OPTIMAL               14.314ms              
HUESTIS               ojAlgo-QP             OPTIMAL               64.810625ms           
KSIP                  COPT                  OPTIMAL               62.958416ms           
KSIP                  Clarabel              OPTIMAL               9.857083ms            
KSIP                  Gurobi                OPTIMAL               11.2135ms             
KSIP                  ojAlgo-QP             OPTIMAL               19.22075ms            
LASER                 COPT                  OPTIMAL               23.3565ms             
LASER                 Clarabel              OPTIMAL               6.41875ms             
LASER                 Gurobi                OPTIMAL               16.051958ms           
LASER                 ojAlgo-QP             OPTIMAL               4.152334ms            
MOSARQP1              COPT                  OPTIMAL               18.35475ms            
MOSARQP1              Clarabel              OPTIMAL               10.354292ms           
MOSARQP1              Gurobi                OPTIMAL               9.087208ms            
MOSARQP1              ojAlgo-QP             OPTIMAL               249.736708ms          
MOSARQP2              COPT                  OPTIMAL               11.127875ms           
MOSARQP2              Clarabel              OPTIMAL               6.751791ms            
MOSARQP2              Gurobi                OPTIMAL               7.890459ms            
MOSARQP2              ojAlgo-QP             OPTIMAL               40.520625ms           
POWELL20              COPT                  OPTIMAL               33.700958ms           
POWELL20              Clarabel              OPTIMAL               85.50575ms            
POWELL20              Gurobi                OPTIMAL               290.058125ms          
POWELL20              ojAlgo-QP             FAILED                UNSTABLE              
QPCBLEND              COPT                  OPTIMAL               2.628333ms            
QPCBLEND              Clarabel              OPTIMAL               0.791833ms            
QPCBLEND              Gurobi                OPTIMAL               0.723666ms            
QPCBLEND              ojAlgo-QP             OPTIMAL               5.319209ms            
QPCBOEI1              COPT                  OPTIMAL               9.059792ms            
QPCBOEI1              Clarabel              OPTIMAL               6.8195ms              
QPCBOEI1              Gurobi                OPTIMAL               4.049958ms            
QPCBOEI1              ojAlgo-QP             OPTIMAL               495.579333ms          
QPCBOEI2              COPT                  OPTIMAL               5.033917ms            
QPCBOEI2              Clarabel              OPTIMAL               2.7975ms              
QPCBOEI2              Gurobi                OPTIMAL               1.645292ms            
QPCBOEI2              ojAlgo-QP             OPTIMAL               42.21375ms            
QPCSTAIR              COPT                  OPTIMAL               10.075209ms           
QPCSTAIR              Clarabel              OPTIMAL               9.393375ms            
QPCSTAIR              Gurobi                OPTIMAL               8.632084ms            
QPCSTAIR              ojAlgo-QP             OPTIMAL               256.813917ms          
QPTEST                COPT                  OPTIMAL               1.223625ms            
QPTEST                Clarabel              OPTIMAL               0.034083ms            
QPTEST                Gurobi                OPTIMAL               0.053708ms            
QPTEST                ojAlgo-QP             OPTIMAL               0.008083ms            
S268                  COPT                  OPTIMAL               2.81175ms             
S268                  Clarabel              OPTIMAL               0.050083ms            
S268                  Gurobi                OPTIMAL               0.074083ms            
S268                  ojAlgo-QP             OPTIMAL               0.02175ms             
STCQP1                COPT                  OPTIMAL               27.671333ms           
STCQP1                Clarabel              OPTIMAL               52.42875ms            
STCQP1                Gurobi                OPTIMAL               13.697584ms           
STCQP1                ojAlgo-QP             OPTIMAL               14.330917ms           
STCQP2                COPT                  OPTIMAL               47.275042ms           
STCQP2                Clarabel              OPTIMAL               51.496625ms           
STCQP2                Gurobi                OPTIMAL               53.759833ms           
STCQP2                ojAlgo-QP             OPTIMAL               16.706792ms           
TAME                  COPT                  OPTIMAL               0.67875ms             
TAME                  Clarabel              OPTIMAL               0.028ms               
TAME                  Gurobi                OPTIMAL               0.049375ms            
TAME                  ojAlgo-QP             OPTIMAL               0.010583ms            
VALUES                COPT                  FAILED                UNSTABLE              
VALUES                Clarabel              OPTIMAL               2.849833ms            
VALUES                Gurobi                FAILED                TIMEOUT               
VALUES                ojAlgo-QP             OPTIMAL               9.192167ms            
YAO                   COPT                  OPTIMAL               14.974167ms           
YAO                   Clarabel              FAILED                UNSTABLE              
YAO                   Gurobi                OPTIMAL               13.316292ms           
YAO                   ojAlgo-QP             FAILED                UNSTABLE              

Models Solved
=====================================================================
COPT                  47 / 48               98%                   
Clarabel              45 / 48               94%                   
Gurobi                47 / 48               98%                   
ojAlgo-QP             46 / 48               96%                   
