WARNING: Unknown module: ojalgo specified to --patch-module
WARNING: Unknown module: ojalgo specified to --add-reads

Environment: 12GB/18threads aarch64 [48GB/18threads, 2MB/18threads, 256kB/1thread, 64kB/1thread]
Workers: 4, threads per worker: 5


Iteration 1 with 110 model/solver pairs remaining 2026-09-29T11:50:15.467781Z
-----------------------------------------------------------------------------
QPCBLEND              Gurobi                Solved                2.365458ms            -0.007842542774396959 
HS118                 COPT                  Solved                1.743958ms            664.8204500001063     
CVXQP2_S              COPT                  Solved                4.4285ms              8120.940477251733     
DUAL4                 COPT                  Solved                6.596375ms            0.746090841813025     
HS51                  Xpress                Solved                1.247333ms            4.34171878279E-17     
HS118                 Xpress                Solved                4.005375ms            664.820878342394      
HS51                  COPT                  Solved                0.659542ms            0.0                   
S268                  Clarabel              Solved                0.988917ms            1.0827727501628553E-6 
DUAL4                 Xpress                Solved                8.927167ms            0.7460925953651782    
HS35                  COPT                  Solved                1.530584ms            0.11111111111356      
HS21                  Gurobi                Solved                0.147125ms            -99.95999999993074    
QPTEST                COPT                  Solved                1.665ms               4.371875000000043     
CVXQP3_S              ojAlgo-QP             Solved                16.760041ms           11943.432202309948    
DUAL3                 Gurobi                Solved                10.17775ms            0.13575583923254167   
CVXQP1_S              Gurobi                Solved                3.210875ms            11590.718120011501    
S268                  ojAlgo-QP             Solved                0.255958ms            1.9521E-23            
DUAL3                 COPT                  Solved                9.724917ms            0.13575583687665527   
QPCBOEI2              Clarabel              Solved                4.733333ms            8171962.244346138     
DUAL3                 Xpress                Solved                13.964917ms           0.13575588959788962   
HS35                  Xpress                Solved                2.555708ms            0.11111207173613191   
HS35MOD               Gurobi                Solved                0.175916ms            0.2500000067466616    
QPTEST                Xpress                Solved                2.789125ms            4.37187502275651      
GENHS28               COPT                  Solved                0.6945ms              0.9271736937663944    
HS53                  Xpress                Solved                3.59875ms             4.093023255802367     
CVXQP2_S              Gurobi                Solved                1.305417ms            8120.940477270524     
GENHS28               Xpress                Solved                1.272291ms            0.9271736937980285    
DUAL2                 Gurobi                Solved                6.844209ms            0.033733676122793724  
HS21                  ojAlgo-QP             Solved                0.122834ms            -99.96                
HS268                 Xpress                WRONG                 0.020475996894656522  != 0                  
HS53                  COPT                  Solved                1.030084ms            4.0930232558139314    
DUAL2                 COPT                  Solved                7.503875ms            0.03373367612271657   
DUAL4                 Clarabel              Solved                3.825291ms            0.7460908637621803    
TAME                  Clarabel              Solved                0.458541ms            0.0                   
HS35MOD               Clarabel              Solved                0.428167ms            0.25000000119037485   
DUAL2                 Xpress                Solved                7.668334ms            0.033734096949747036  
TAME                  ojAlgo-QP             Solved                0.349708ms            0.0                   
HS35MOD               ojAlgo-QP             Solved                0.217458ms            0.25                  
CVXQP2_S              Clarabel              Solved                1.849584ms            8120.940477251413     
HS21                  Clarabel              Solved                0.441417ms            -99.95999999999633    
CVXQP1_S              Xpress                Solved                3.500292ms            11590.723334282804    
TAME                  Gurobi                Solved                0.112708ms            0.0                   
HS52                  Xpress                Solved                1.307958ms            5.326647564469914     
QPCBLEND              Xpress                Solved                5.224167ms            -0.00784224190908887  
CVXQP3_S              COPT                  Solved                4.827042ms            11943.432202307842    
HS76                  Xpress                Solved                1.681291ms            -4.68180993482498     
HS268                 COPT                  Solved                1.894459ms            1.5113906332890895E-10
DUAL4                 ojAlgo-QP             Solved                2.22025ms             0.7460908418021085    
DUAL1                 COPT                  Solved                6.245375ms            0.03501296573658537   
HS52                  COPT                  Solved                0.708ms               5.326647564469917     
QPCBLEND              COPT                  Solved                3.962708ms            -0.007842542877205832 
HS76                  COPT                  Solved                1.142334ms            -4.681818181679441    
DUAL4                 Gurobi                Solved                3.848917ms            0.7460908477143318    
S268                  Gurobi                Solved                0.164791ms            7.921358603821931E-6  
QPCBLEND              Clarabel              Solved                1.475ms               -0.007842542798814777 
QPTEST                ojAlgo-QP             Solved                0.081916ms            4.371875              
DUAL1                 Xpress                Solved                6.611459ms            0.03501312388325834   
HS35                  Clarabel              Solved                0.448375ms            0.11111111118286      
DUAL2                 Clarabel              Solved                5.236917ms            0.03373368031007675   
HS35MOD               COPT                  Solved                0.99475ms             0.250000000000537     
QPCBLEND              ojAlgo-QP             Solved                59.202166ms           -0.007842543074214593 
QPTEST                Clarabel              Solved                0.15775ms             4.371875001943586     
HS35                  ojAlgo-QP             Solved                0.054541ms            0.11111111111111334   
HS51                  Clarabel              Solved                0.127917ms            0.0                   
CVXQP3_S              Xpress                Solved                3.595792ms            11943.492488238868    
HS51                  ojAlgo-QP             Solved                0.0595ms              4.13106175527E-17     
HS53                  Gurobi                Solved                0.102333ms            4.093023255813933     
HS35MOD               Xpress                Solved                1.217916ms            0.2500286296819027    
CVXQP1_S              Clarabel              Solved                1.342917ms            11590.7181194325      
DUAL3                 Clarabel              Solved                5.5625ms              0.1357558965708443    
DUAL2                 ojAlgo-QP             Solved                3.78775ms             0.03373367612271745   
QPCBOEI2              Gurobi                Solved                2.962125ms            8171962.244330432     
S268                  Xpress                WRONG                 0.020475996894656522  != 5.7310705E-7       
CVXQP1_S              COPT                  Solved                2.971542ms            11590.71811942291     
HS118                 Clarabel              Solved                0.662208ms            664.8204500023853     
HS118                 ojAlgo-QP             Solved                0.935416ms            664.8204500000802     
HS52                  Gurobi                Solved                0.103375ms            5.326647564469947     
HS76                  Gurobi                Solved                0.10775ms             -4.681818181242489    
HS21                  Xpress                Solved                1.25175ms             -99.95999955727831    
DUAL3                 ojAlgo-QP             Solved                3.004291ms            0.13575583686602102   
QPCBOEI2              COPT                  Solved                4.948375ms            8171962.244330406     
CVXQP2_S              ojAlgo-QP             Solved                104.231833ms          8120.940477250763     
TAME                  Xpress                Solved                1.251875ms            4.413210624E-19       
HS53                  ojAlgo-QP             Solved                0.136583ms            4.093023255813954     
TAME                  COPT                  Solved                0.523291ms            0.0                   
HS118                 Gurobi                Solved                0.229541ms            664.8204500062724     
HS268                 Clarabel              Solved                0.210625ms            1.0827727501628553E-6 
S268                  COPT                  Solved                1.758083ms            1.5113906332890895E-10
DUAL1                 Gurobi                Solved                5.311ms               0.03501296855864166   
HS21                  COPT                  Solved                0.918458ms            -99.95999999997561    
HS268                 ojAlgo-QP             Solved                0.063042ms            1.9521E-23            
HS53                  Clarabel              Solved                0.1545ms              4.093023255813974     
GENHS28               ojAlgo-QP             Solved                0.096ms               0.9271736939195341    
GENHS28               Clarabel              Solved                0.14625ms             0.9271736937663944    
HS51                  Gurobi                Solved                0.081083ms            6.6E-27               
CVXQP3_S              Gurobi                Solved                2.883041ms            11943.432202879196    
QPTEST                Gurobi                Solved                0.073834ms            4.371875004581603     
HS35                  Gurobi                Solved                0.072792ms            0.11111111111710445   
DUAL1                 Clarabel              Solved                3.700541ms            0.03501298755196928   
HS76                  ojAlgo-QP             Solved                0.059291ms            -4.681818181818182    
HS52                  ojAlgo-QP             Solved                0.039542ms            5.326647576871785     
CVXQP3_S              Clarabel              Solved                1.848709ms            11943.432202316648    
GENHS28               Gurobi                Solved                0.106958ms            0.9271736937664032    
DUAL1                 ojAlgo-QP             Solved                1.847375ms            0.0350129657334766    
HS52                  Clarabel              Solved                0.071625ms            5.326647564469917     
CVXQP2_S              Xpress                Solved                2.640875ms            8120.941786428831     
HS76                  Clarabel              Solved                0.102792ms            -4.681818181738655    
HS268                 Gurobi                Solved                0.090584ms            7.921358603821931E-6  
CVXQP1_S              ojAlgo-QP             Solved                222.805417ms          11590.71811942676     
QPCBOEI2              ojAlgo-QP             Solved                602.477125ms          8171962.495059085     
QPCBOEI2              Xpress                FAILED                TIMEOUT               

Iteration 2 with 107 model/solver pairs remaining 2026-09-29T11:55:16.598934Z
-----------------------------------------------------------------------------

Iteration 3 with 107 model/solver pairs remaining 2026-09-29T11:55:18.852093Z
-----------------------------------------------------------------------------
HS118                 COPT                  Time stable           1.130542ms            664.8204500001063     
HS51                  Xpress                Time stable           1.247333ms            4.34171878279E-17     
QPCBLEND              Gurobi                Time stable           1.875583ms            -0.007842542774396959 
CVXQP2_S              COPT                  Time stable           3.606917ms            8120.940477251733     
S268                  Clarabel              Time stable           0.112666ms            1.0827727501628553E-6 
HS118                 Xpress                Time stable           2.722ms               664.820878342394      
DUAL4                 COPT                  Time stable           4.971209ms            0.746090841813025     
HS51                  COPT                  Time stable           0.659542ms            0.0                   
HS35                  COPT                  Time stable           1.019333ms            0.11111111111356      
CVXQP3_S              ojAlgo-QP             Time stable           8.905875ms            11943.432202309948    
QPTEST                COPT                  Time stable           1.074667ms            4.371875000000043     
HS21                  Gurobi                Time stable           0.055083ms            -99.95999999993074    
CVXQP1_S              Gurobi                Time stable           1.664ms               11590.718120011501    
DUAL4                 Xpress                Time stable           5.721917ms            0.7460925953651782    
S268                  ojAlgo-QP             Time stable           0.051334ms            1.9521E-23            
QPCBOEI2              Clarabel              Time stable           3.852667ms            8171962.244346138     
DUAL3                 Gurobi                Time stable           9.222333ms            0.13575583923254167   
DUAL3                 COPT                  Time stable           9.267083ms            0.13575583687665527   
HS35                  Xpress                Time stable           2.334375ms            0.11111207173613191   
QPTEST                Xpress                Time stable           1.914291ms            4.37187502275651      
HS35MOD               Gurobi                Time stable           0.09825ms             0.2500000067466616    
HS53                  Xpress                Time stable           3.297083ms            4.093023255802367     
DUAL3                 Xpress                Time stable           8.432041ms            0.13575588959788962   
GENHS28               COPT                  Time stable           0.451667ms            0.9271736937663944    
DUAL2                 Gurobi                Time stable           5.708375ms            0.033733676122793724  
GENHS28               Xpress                Time stable           0.964083ms            0.9271736937980285    
CVXQP2_S              Gurobi                Time stable           1.075334ms            8120.940477270524     
HS21                  ojAlgo-QP             Time stable           0.076083ms            -99.96                
HS53                  COPT                  Time stable           0.825458ms            4.0930232558139314    
DUAL4                 Clarabel              Time stable           2.725417ms            0.7460908637621803    
CVXQP2_S              Clarabel              Time stable           1.671ms               8120.940477251413     
DUAL2                 COPT                  Time stable           6.079666ms            0.03373367612271657   
HS35MOD               Clarabel              Time stable           0.116166ms            0.25000000119037485   
TAME                  Clarabel              Time stable           0.190833ms            0.0                   
TAME                  ojAlgo-QP             Time stable           0.065167ms            0.0                   
HS35MOD               ojAlgo-QP             Time stable           0.090375ms            0.25                  
DUAL2                 Xpress                Time stable           6.709667ms            0.033734096949747036  
HS21                  Clarabel              Time stable           0.07775ms             -99.95999999999633    
CVXQP1_S              Xpress                Time stable           3.199042ms            11590.723334282804    
QPCBLEND              Xpress                Time stable           4.315583ms            -0.00784224190908887  
TAME                  Gurobi                Time stable           0.09275ms             0.0                   
HS52                  Xpress                Time stable           1.038917ms            5.326647564469914     
HS76                  Xpress                Time stable           1.333708ms            -4.68180993482498     
CVXQP3_S              COPT                  Time stable           4.047291ms            11943.432202307842    
HS268                 COPT                  Time stable           1.822917ms            1.5113906332890895E-10
DUAL1                 COPT                  Time stable           4.855625ms            0.03501296573658537   
QPCBLEND              COPT                  Time stable           2.423875ms            -0.007842542877205832 
DUAL4                 ojAlgo-QP             Time stable           1.49375ms             0.7460908418021085    
HS52                  COPT                  Time stable           0.459958ms            5.326647564469917     
HS76                  COPT                  Time stable           1.1125ms              -4.681818181679441    
DUAL4                 Gurobi                Time stable           2.903583ms            0.7460908477143318    
S268                  Gurobi                Time stable           0.112417ms            7.921358603821931E-6  
DUAL1                 Xpress                Time stable           6.499542ms            0.03501312388325834   
QPCBLEND              Clarabel              Time stable           0.992166ms            -0.007842542798814777 
QPTEST                ojAlgo-QP             Time stable           0.044083ms            4.371875              
HS35                  Clarabel              Time stable           0.070666ms            0.11111111118286      
DUAL2                 Clarabel              Time stable           4.801666ms            0.03373368031007675   
HS35MOD               COPT                  Time stable           0.99475ms             0.250000000000537     
QPCBLEND              ojAlgo-QP             Time stable           55.299ms              -0.007842543074214593 
QPTEST                Clarabel              Time stable           0.060875ms            4.371875001943586     
HS35                  ojAlgo-QP             Time stable           0.019542ms            0.11111111111111334   
HS51                  Clarabel              Time stable           0.043042ms            0.0                   
CVXQP3_S              Xpress                Time stable           2.65575ms             11943.492488238868    
HS51                  ojAlgo-QP             Time stable           0.027584ms            4.13106175527E-17     
HS53                  Gurobi                Time stable           0.092959ms            4.093023255813933     
HS35MOD               Xpress                Time stable           1.119416ms            0.2500286296819027    
CVXQP1_S              Clarabel              Time stable           1.068083ms            11590.7181194325      
DUAL2                 ojAlgo-QP             Time stable           1.977125ms            0.03373367612271745   
DUAL3                 Clarabel              Time stable           5.5625ms              0.1357558965708443    
QPCBOEI2              Gurobi                Time stable           1.923042ms            8171962.244330432     
CVXQP1_S              COPT                  Time stable           2.971542ms            11590.71811942291     
HS118                 Clarabel              Time stable           0.140708ms            664.8204500023853     
HS118                 ojAlgo-QP             Time stable           0.206125ms            664.8204500000802     
HS52                  Gurobi                Time stable           0.073792ms            5.326647564469947     
HS76                  Gurobi                Time stable           0.069042ms            -4.681818181242489    
HS21                  Xpress                Time stable           0.841959ms            -99.95999955727831    
QPCBOEI2              COPT                  Time stable           4.277417ms            8171962.244330406     
DUAL3                 ojAlgo-QP             Time stable           2.467084ms            0.13575583686602102   
TAME                  Xpress                Time stable           1.029958ms            4.413210624E-19       
HS53                  ojAlgo-QP             Time stable           0.044042ms            4.093023255813954     
TAME                  COPT                  Time stable           0.246041ms            0.0                   
HS118                 Gurobi                Time stable           0.154292ms            664.8204500062724     
HS268                 Clarabel              Time stable           0.070292ms            1.0827727501628553E-6 
S268                  COPT                  Time stable           1.350167ms            1.5113906332890895E-10
DUAL1                 Gurobi                Time stable           4.397125ms            0.03501296855864166   
HS21                  COPT                  Time stable           0.50975ms             -99.95999999997561    
HS268                 ojAlgo-QP             Time stable           0.0325ms              1.9521E-23            
HS53                  Clarabel              Time stable           0.059958ms            4.093023255813974     
GENHS28               ojAlgo-QP             Time stable           0.034958ms            0.9271736939195341    
GENHS28               Clarabel              Time stable           0.050667ms            0.9271736937663944    
HS51                  Gurobi                Time stable           0.065167ms            6.6E-27               
CVXQP3_S              Gurobi                Time stable           2.505583ms            11943.432202879196    
QPTEST                Gurobi                Time stable           0.06175ms             4.371875004581603     
HS35                  Gurobi                Time stable           0.069791ms            0.11111111111710445   
DUAL1                 Clarabel              Time stable           3.124541ms            0.03501298755196928   
HS76                  ojAlgo-QP             Time stable           0.03125ms             -4.681818181818182    
HS52                  ojAlgo-QP             Time stable           0.024042ms            5.326647576871785     
CVXQP3_S              Clarabel              Time stable           1.21325ms             11943.432202316648    
GENHS28               Gurobi                Time stable           0.087333ms            0.9271736937664032    
DUAL1                 ojAlgo-QP             Time stable           1.543208ms            0.0350129657334766    
HS52                  Clarabel              Time stable           0.037417ms            5.326647564469917     
CVXQP2_S              Xpress                Time stable           1.855208ms            8120.941786428831     
HS76                  Clarabel              Time stable           0.05ms                -4.681818181738655    
HS268                 Gurobi                Time stable           0.086583ms            7.921358603821931E-6  
CVXQP1_S              ojAlgo-QP             Time stable           122.795209ms          11590.71811942676     
CVXQP2_S              ojAlgo-QP             Time stable           102.018417ms          8120.940477250763     
QPCBOEI2              ojAlgo-QP             Time stable           555.985709ms          8171962.495059085     

Final Results
=====================================================================
CVXQP1_S              COPT                  OPTIMAL               2.971542ms            
CVXQP1_S              Clarabel              OPTIMAL               1.068083ms            
CVXQP1_S              Gurobi                OPTIMAL               1.664ms               
CVXQP1_S              Xpress                OPTIMAL               3.199042ms            
CVXQP1_S              ojAlgo-QP             OPTIMAL               122.795209ms          
CVXQP2_S              COPT                  OPTIMAL               3.606917ms            
CVXQP2_S              Clarabel              OPTIMAL               1.671ms               
CVXQP2_S              Gurobi                OPTIMAL               1.075334ms            
CVXQP2_S              Xpress                OPTIMAL               1.855208ms            
CVXQP2_S              ojAlgo-QP             OPTIMAL               102.018417ms          
CVXQP3_S              COPT                  OPTIMAL               4.047291ms            
CVXQP3_S              Clarabel              OPTIMAL               1.21325ms             
CVXQP3_S              Gurobi                OPTIMAL               2.505583ms            
CVXQP3_S              Xpress                OPTIMAL               2.65575ms             
CVXQP3_S              ojAlgo-QP             OPTIMAL               8.905875ms            
DUAL1                 COPT                  OPTIMAL               4.855625ms            
DUAL1                 Clarabel              OPTIMAL               3.124541ms            
DUAL1                 Gurobi                OPTIMAL               4.397125ms            
DUAL1                 Xpress                OPTIMAL               6.499542ms            
DUAL1                 ojAlgo-QP             OPTIMAL               1.543208ms            
DUAL2                 COPT                  OPTIMAL               6.079666ms            
DUAL2                 Clarabel              OPTIMAL               4.801666ms            
DUAL2                 Gurobi                OPTIMAL               5.708375ms            
DUAL2                 Xpress                OPTIMAL               6.709667ms            
DUAL2                 ojAlgo-QP             OPTIMAL               1.977125ms            
DUAL3                 COPT                  OPTIMAL               9.267083ms            
DUAL3                 Clarabel              OPTIMAL               5.5625ms              
DUAL3                 Gurobi                OPTIMAL               9.222333ms            
DUAL3                 Xpress                OPTIMAL               8.432041ms            
DUAL3                 ojAlgo-QP             OPTIMAL               2.467084ms            
DUAL4                 COPT                  OPTIMAL               4.971209ms            
DUAL4                 Clarabel              OPTIMAL               2.725417ms            
DUAL4                 Gurobi                OPTIMAL               2.903583ms            
DUAL4                 Xpress                OPTIMAL               5.721917ms            
DUAL4                 ojAlgo-QP             OPTIMAL               1.49375ms             
GENHS28               COPT                  OPTIMAL               0.451667ms            
GENHS28               Clarabel              OPTIMAL               0.050667ms            
GENHS28               Gurobi                OPTIMAL               0.087333ms            
GENHS28               Xpress                OPTIMAL               0.964083ms            
GENHS28               ojAlgo-QP             OPTIMAL               0.034958ms            
HS118                 COPT                  OPTIMAL               1.130542ms            
HS118                 Clarabel              OPTIMAL               0.140708ms            
HS118                 Gurobi                OPTIMAL               0.154292ms            
HS118                 Xpress                OPTIMAL               2.722ms               
HS118                 ojAlgo-QP             OPTIMAL               0.206125ms            
HS21                  COPT                  OPTIMAL               0.50975ms             
HS21                  Clarabel              OPTIMAL               0.07775ms             
HS21                  Gurobi                OPTIMAL               0.055083ms            
HS21                  Xpress                OPTIMAL               0.841959ms            
HS21                  ojAlgo-QP             OPTIMAL               0.076083ms            
HS268                 COPT                  OPTIMAL               1.822917ms            
HS268                 Clarabel              OPTIMAL               0.070292ms            
HS268                 Gurobi                OPTIMAL               0.086583ms            
HS268                 Xpress                FAILED                WRONG                 
HS268                 ojAlgo-QP             OPTIMAL               0.0325ms              
HS35                  COPT                  OPTIMAL               1.019333ms            
HS35                  Clarabel              OPTIMAL               0.070666ms            
HS35                  Gurobi                OPTIMAL               0.069791ms            
HS35                  Xpress                OPTIMAL               2.334375ms            
HS35                  ojAlgo-QP             OPTIMAL               0.019542ms            
HS35MOD               COPT                  OPTIMAL               0.99475ms             
HS35MOD               Clarabel              OPTIMAL               0.116166ms            
HS35MOD               Gurobi                OPTIMAL               0.09825ms             
HS35MOD               Xpress                OPTIMAL               1.119416ms            
HS35MOD               ojAlgo-QP             OPTIMAL               0.090375ms            
HS51                  COPT                  OPTIMAL               0.659542ms            
HS51                  Clarabel              OPTIMAL               0.043042ms            
HS51                  Gurobi                OPTIMAL               0.065167ms            
HS51                  Xpress                OPTIMAL               1.247333ms            
HS51                  ojAlgo-QP             OPTIMAL               0.027584ms            
HS52                  COPT                  OPTIMAL               0.459958ms            
HS52                  Clarabel              OPTIMAL               0.037417ms            
HS52                  Gurobi                OPTIMAL               0.073792ms            
HS52                  Xpress                OPTIMAL               1.038917ms            
HS52                  ojAlgo-QP             OPTIMAL               0.024042ms            
HS53                  COPT                  OPTIMAL               0.825458ms            
HS53                  Clarabel              OPTIMAL               0.059958ms            
HS53                  Gurobi                OPTIMAL               0.092959ms            
HS53                  Xpress                OPTIMAL               3.297083ms            
HS53                  ojAlgo-QP             OPTIMAL               0.044042ms            
HS76                  COPT                  OPTIMAL               1.1125ms              
HS76                  Clarabel              OPTIMAL               0.05ms                
HS76                  Gurobi                OPTIMAL               0.069042ms            
HS76                  Xpress                OPTIMAL               1.333708ms            
HS76                  ojAlgo-QP             OPTIMAL               0.03125ms             
QPCBLEND              COPT                  OPTIMAL               2.423875ms            
QPCBLEND              Clarabel              OPTIMAL               0.992166ms            
QPCBLEND              Gurobi                OPTIMAL               1.875583ms            
QPCBLEND              Xpress                OPTIMAL               4.315583ms            
QPCBLEND              ojAlgo-QP             OPTIMAL               55.299ms              
QPCBOEI2              COPT                  OPTIMAL               4.277417ms            
QPCBOEI2              Clarabel              OPTIMAL               3.852667ms            
QPCBOEI2              Gurobi                OPTIMAL               1.923042ms            
QPCBOEI2              Xpress                FAILED                TIMEOUT               
QPCBOEI2              ojAlgo-QP             OPTIMAL               555.985709ms          
QPTEST                COPT                  OPTIMAL               1.074667ms            
QPTEST                Clarabel              OPTIMAL               0.060875ms            
QPTEST                Gurobi                OPTIMAL               0.06175ms             
QPTEST                Xpress                OPTIMAL               1.914291ms            
QPTEST                ojAlgo-QP             OPTIMAL               0.044083ms            
S268                  COPT                  OPTIMAL               1.350167ms            
S268                  Clarabel              OPTIMAL               0.112666ms            
S268                  Gurobi                OPTIMAL               0.112417ms            
S268                  Xpress                FAILED                WRONG                 
S268                  ojAlgo-QP             OPTIMAL               0.051334ms            
TAME                  COPT                  OPTIMAL               0.246041ms            
TAME                  Clarabel              OPTIMAL               0.190833ms            
TAME                  Gurobi                OPTIMAL               0.09275ms             
TAME                  Xpress                OPTIMAL               1.029958ms            
TAME                  ojAlgo-QP             OPTIMAL               0.065167ms            

Models Solved
=====================================================================
COPT                  22 / 22               100%                  
Clarabel              22 / 22               100%                  
Gurobi                22 / 22               100%                  
Xpress                19 / 22               86%                   
ojAlgo-QP             22 / 22               100%                  
