WARNING: A restricted method in java.lang.System has been called
WARNING: java.lang.System::loadLibrary has been called by com.google.ortools.Loader in an unnamed module (file:/Users/apete/.m2/repository/com/google/ortools/ortools-java/9.15.6755/ortools-java-9.15.6755.jar)
WARNING: Use --enable-native-access=ALL-UNNAMED to avoid a warning for callers in this module
WARNING: Restricted methods will be blocked in a future release unless native access is enabled

Skipping model diameterc-mstc-v20a190d5i (Unsupported MPS section: LAZYCONS)
Skipping model diameterc-msts-v40a100d5i (Unsupported MPS section: LAZYCONS)

Environment: 12GB/18threads aarch64 [48GB/18threads, 2MB/18threads, 256kB/1thread, 64kB/1thread]


Iteration 1 with 84 model/solver pairs remaining 2026-07-16T19:59:56.130893Z
-----------------------------------------------------------------------------
neos5                 markshare_4_0         HiGHS                 HiGHS                 FAILED                FAILED                TIMEOUT               TIMEOUT               

gen-ip054             CPLEX                 FAILED                TIMEOUT               
b-ball                OR-Tools              FAILED                TIMEOUT               
gen-ip021             HiGHS                 FAILED                TIMEOUT               
ej                    HiGHS                 FAILED                TIMEOUT               
markshare1            OR-Tools              FAILED                TIMEOUT               
markshare_5_0         HiGHS                 FAILED                TIMEOUT               
gen-ip016             OR-Tools              FAILED                TIMEOUT               
markshare2            HiGHS                 FAILED                TIMEOUT               
gen-ip054             HiGHS                 FAILED                TIMEOUT               
gen-ip002             HiGHS                 FAILED                TIMEOUT               
markshare1            CPLEX                 FAILED                TIMEOUT               
markshare2            OR-Tools              FAILED                TIMEOUT               
gen-ip021             OR-Tools              FAILED                TIMEOUT               
neos5                 OR-Tools              FAILED                TIMEOUT               
gen-ip016             CPLEX                 FAILED                TIMEOUT               
markshare1            HiGHS                 FAILED                TIMEOUT               
markshare2            CPLEX                 FAILED                TIMEOUT               
markshare_5_0         OR-Tools              FAILED                TIMEOUT               
gen-ip002             OR-Tools              FAILED                TIMEOUT               
gen-ip054             OR-Tools              FAILED                TIMEOUT               
ej                    CPLEX                 FAILED                TIMEOUT               
gen-ip016             HiGHS                 FAILED                TIMEOUT               

Iteration 2 with 60 model/solver pairs remaining 2026-07-16T20:24:27.985854Z
-----------------------------------------------------------------------------
gen-ip002             CPLEX                 FAILED                TIMEOUT               
gen-ip036             OR-Tools              FAILED                TIMEOUT               

Iteration 3 with 58 model/solver pairs remaining 2026-07-16T20:36:42.276323Z
-----------------------------------------------------------------------------
gr4x6                 OR-Tools              Time stable           2.812208ms            202.35000000000002    
misc01                OR-Tools              Time stable           242.378625ms          563.5                 
enigma                CPLEX                 Time stable           7941.021417ms         0.0                   
p0040                 CPLEX                 Time stable           1.906708ms            62027.0               
stein9                OR-Tools              Time stable           4.751292ms            5.0                   
gen-ip036             CPLEX                 FAILED                TIMEOUT               
gen-ip036             HiGHS                 FAILED                TIMEOUT               

Iteration 4 with 51 model/solver pairs remaining 2026-07-16T20:47:36.938955Z
-----------------------------------------------------------------------------
lseu                  HiGHS                 Time stable           108.045208ms          1120.0                
b-ball                CPLEX                 Time stable           2.138125ms            -1.5                  
pipex                 OR-Tools              Time stable           49.120375ms           788.263               
stein9                HiGHS                 Time stable           8.082708ms            5.0                   
enigma                OR-Tools              Time stable           98.460458ms           0.0                   
sample2               OR-Tools              Time stable           2.033333ms            375.0                 
markshare_4_0         CPLEX                 Time stable           1639.530458ms         1.0                   
misc02                CPLEX                 Time stable           168.306083ms          1690.0                
p0033                 CPLEX                 Time stable           1078.515083ms         3089.0                
stein15               HiGHS                 Time stable           18.6745ms             9.0                   
p0033                 OR-Tools              Time stable           6.1255ms              3089.0                
lseu                  CPLEX                 Time stable           14974.006041ms        1120.0                
misc01                CPLEX                 Time stable           87.354417ms           563.5                 

Iteration 5 with 38 model/solver pairs remaining 2026-07-16T20:56:14.288746Z
-----------------------------------------------------------------------------
ej                    OR-Tools              Time stable           15094.325916ms        25508.0               
bm23                  HiGHS                 Time stable           80.440625ms           34.0                  
pk1                   HiGHS                 Time stable           191086.251667ms       10.9999990000002      

Iteration 6 with 35 model/solver pairs remaining 2026-07-16T21:02:20.519177Z
-----------------------------------------------------------------------------
pipex                 HiGHS                 Time stable           71.10825ms            788.2629999997624     
stein15               OR-Tools              Time stable           16.488167ms           9.0                   
bm23                  OR-Tools              Time stable           107.275917ms          34.0                  
p0040                 OR-Tools              Time stable           1.36775ms             62027.0               

Iteration 7 with 31 model/solver pairs remaining 2026-07-16T21:05:50.421650Z
-----------------------------------------------------------------------------
sample2               HiGHS                 Time stable           10.268834ms           375.0                 
b-ball                HiGHS                 Time stable           81.802791ms           -1.500001             
flugpl                HiGHS                 Time stable           43.561917ms           1201500.0             
misc02                OR-Tools              Time stable           144.404833ms          1690.0                
mod013                CPLEX                 Time stable           23.900291ms           280.9500000019        
neos5                 CPLEX                 Time stable           8075.372417ms         15.0                  

Iteration 8 with 25 model/solver pairs remaining 2026-07-16T21:09:37.193921Z
-----------------------------------------------------------------------------
misc01                HiGHS                 Time stable           121.80825ms           563.4999999999993     
mod013                HiGHS                 Time stable           127.876125ms          280.95000000000016    
flugpl                OR-Tools              Time stable           28.284125ms           1201500.0             
p0033                 HiGHS                 Time stable           6.0015ms              3088.9999999999977    
flugpl                CPLEX                 Time stable           6.858166ms            1201500.0             
lseu                  OR-Tools              Time stable           268.066167ms          1120.0                
sentoy                CPLEX                 Time stable           147.673667ms          -7772.0               
pk1                   OR-Tools              Time stable           43434.867333ms        10.99999999999994     
markshare_4_0         OR-Tools              Time stable           58115.208042ms        1.00000000000001      

Iteration 9 with 16 model/solver pairs remaining 2026-07-16T21:13:12.379801Z
-----------------------------------------------------------------------------
enigma                HiGHS                 Time stable           97.273708ms           0.0                   
gen-ip021             CPLEX                 Time stable           27124.279958ms        2361.4541951916       

Iteration 10 with 14 model/solver pairs remaining 2026-07-16T21:15:54.410637Z
-----------------------------------------------------------------------------
mod013                OR-Tools              Time stable           449.414208ms          280.95                
sentoy                HiGHS                 Time stable           282.091291ms          -7772.0               
gr4x6                 CPLEX                 Time stable           28.889625ms           202.35                
pk1                   CPLEX                 Time stable           3053.667208ms         11.0                  

Iteration 11 with 10 model/solver pairs remaining 2026-07-16T21:17:52.999139Z
-----------------------------------------------------------------------------
p0040                 HiGHS                 Time stable           2.575708ms            62027.0               
sentoy                OR-Tools              Time stable           159.805084ms          -7772.0               

Iteration 12 with 8 model/solver pairs remaining 2026-07-16T21:19:37.707992Z
-----------------------------------------------------------------------------
stein15               CPLEX                 Time stable           13.628166ms           9.0                   
markshare_5_0         CPLEX                 Time stable           2847.454125ms         1.0                   

Iteration 13 with 6 model/solver pairs remaining 2026-07-16T21:21:16.389605Z
-----------------------------------------------------------------------------

Iteration 14 with 6 model/solver pairs remaining 2026-07-16T21:21:56.594895Z
-----------------------------------------------------------------------------
gr4x6                 HiGHS                 Time stable           7.395709ms            202.35                
stein9                CPLEX                 Time stable           84.474542ms           5.0                   

Iteration 15 with 4 model/solver pairs remaining 2026-07-16T21:22:33.554123Z
-----------------------------------------------------------------------------

Iteration 16 with 4 model/solver pairs remaining 2026-07-16T21:23:07.521345Z
-----------------------------------------------------------------------------

Iteration 17 with 4 model/solver pairs remaining 2026-07-16T21:23:40.900414Z
-----------------------------------------------------------------------------
pipex                 CPLEX                 Time stable           26.089375ms           788.263               
bm23                  CPLEX                 Time stable           25.979458ms           34.0                  

Iteration 18 with 2 model/solver pairs remaining 2026-07-16T21:24:14.677976Z
-----------------------------------------------------------------------------

Iteration 19 with 2 model/solver pairs remaining 2026-07-16T21:24:14.763174Z
-----------------------------------------------------------------------------
misc02                HiGHS                 Time stable           23.667042ms           1690.0                

Iteration 20 with 1 model/solver pairs remaining 2026-07-16T21:24:14.890865Z
-----------------------------------------------------------------------------
sample2               CPLEX                 Time stable           13.698041ms           375.0                 

Final Results
=====================================================================
b-ball                CPLEX                 OPTIMAL               2.138125ms            
b-ball                HiGHS                 OPTIMAL               81.802791ms           
b-ball                OR-Tools              FAILED                TIMEOUT               
bm23                  CPLEX                 OPTIMAL               25.979458ms           
bm23                  HiGHS                 OPTIMAL               80.440625ms           
bm23                  OR-Tools              OPTIMAL               107.275917ms          
ej                    CPLEX                 FAILED                TIMEOUT               
ej                    HiGHS                 FAILED                TIMEOUT               
ej                    OR-Tools              OPTIMAL               15094.325916ms        
enigma                CPLEX                 OPTIMAL               7941.021417ms         
enigma                HiGHS                 OPTIMAL               97.273708ms           
enigma                OR-Tools              OPTIMAL               98.460458ms           
flugpl                CPLEX                 OPTIMAL               6.858166ms            
flugpl                HiGHS                 OPTIMAL               43.561917ms           
flugpl                OR-Tools              OPTIMAL               28.284125ms           
gen-ip002             CPLEX                 FAILED                TIMEOUT               
gen-ip002             HiGHS                 FAILED                TIMEOUT               
gen-ip002             OR-Tools              FAILED                TIMEOUT               
gen-ip016             CPLEX                 FAILED                TIMEOUT               
gen-ip016             HiGHS                 FAILED                TIMEOUT               
gen-ip016             OR-Tools              FAILED                TIMEOUT               
gen-ip021             CPLEX                 OPTIMAL               27124.279958ms        
gen-ip021             HiGHS                 FAILED                TIMEOUT               
gen-ip021             OR-Tools              FAILED                TIMEOUT               
gen-ip036             CPLEX                 FAILED                TIMEOUT               
gen-ip036             HiGHS                 FAILED                TIMEOUT               
gen-ip036             OR-Tools              FAILED                TIMEOUT               
gen-ip054             CPLEX                 FAILED                TIMEOUT               
gen-ip054             HiGHS                 FAILED                TIMEOUT               
gen-ip054             OR-Tools              FAILED                TIMEOUT               
gr4x6                 CPLEX                 OPTIMAL               28.889625ms           
gr4x6                 HiGHS                 OPTIMAL               7.395709ms            
gr4x6                 OR-Tools              OPTIMAL               2.812208ms            
lseu                  CPLEX                 OPTIMAL               14974.006041ms        
lseu                  HiGHS                 OPTIMAL               108.045208ms          
lseu                  OR-Tools              OPTIMAL               268.066167ms          
markshare1            CPLEX                 FAILED                TIMEOUT               
markshare1            HiGHS                 FAILED                TIMEOUT               
markshare1            OR-Tools              FAILED                TIMEOUT               
markshare2            CPLEX                 FAILED                TIMEOUT               
markshare2            HiGHS                 FAILED                TIMEOUT               
markshare2            OR-Tools              FAILED                TIMEOUT               
markshare_4_0         CPLEX                 OPTIMAL               1639.530458ms         
markshare_4_0         HiGHS                 FAILED                TIMEOUT               
markshare_4_0         OR-Tools              OPTIMAL               58115.208042ms        
markshare_5_0         CPLEX                 OPTIMAL               2847.454125ms         
markshare_5_0         HiGHS                 FAILED                TIMEOUT               
markshare_5_0         OR-Tools              FAILED                TIMEOUT               
misc01                CPLEX                 OPTIMAL               87.354417ms           
misc01                HiGHS                 OPTIMAL               121.80825ms           
misc01                OR-Tools              OPTIMAL               242.378625ms          
misc02                CPLEX                 OPTIMAL               168.306083ms          
misc02                HiGHS                 OPTIMAL               23.667042ms           
misc02                OR-Tools              OPTIMAL               144.404833ms          
mod013                CPLEX                 OPTIMAL               23.900291ms           
mod013                HiGHS                 OPTIMAL               127.876125ms          
mod013                OR-Tools              OPTIMAL               449.414208ms          
neos5                 CPLEX                 OPTIMAL               8075.372417ms         
neos5                 HiGHS                 FAILED                TIMEOUT               
neos5                 OR-Tools              FAILED                TIMEOUT               
p0033                 CPLEX                 OPTIMAL               1078.515083ms         
p0033                 HiGHS                 OPTIMAL               6.0015ms              
p0033                 OR-Tools              OPTIMAL               6.1255ms              
p0040                 CPLEX                 OPTIMAL               1.906708ms            
p0040                 HiGHS                 OPTIMAL               2.575708ms            
p0040                 OR-Tools              OPTIMAL               1.36775ms             
pipex                 CPLEX                 OPTIMAL               26.089375ms           
pipex                 HiGHS                 OPTIMAL               71.10825ms            
pipex                 OR-Tools              OPTIMAL               49.120375ms           
pk1                   CPLEX                 OPTIMAL               3053.667208ms         
pk1                   HiGHS                 OPTIMAL               191086.251667ms       
pk1                   OR-Tools              OPTIMAL               43434.867333ms        
sample2               CPLEX                 OPTIMAL               13.698041ms           
sample2               HiGHS                 OPTIMAL               10.268834ms           
sample2               OR-Tools              OPTIMAL               2.033333ms            
sentoy                CPLEX                 OPTIMAL               147.673667ms          
sentoy                HiGHS                 OPTIMAL               282.091291ms          
sentoy                OR-Tools              OPTIMAL               159.805084ms          
stein15               CPLEX                 OPTIMAL               13.628166ms           
stein15               HiGHS                 OPTIMAL               18.6745ms             
stein15               OR-Tools              OPTIMAL               16.488167ms           
stein9                CPLEX                 OPTIMAL               84.474542ms           
stein9                HiGHS                 OPTIMAL               8.082708ms            
stein9                OR-Tools              OPTIMAL               4.751292ms            
