WARNING: A restricted method in java.lang.System has been called
WARNING: java.lang.System::loadLibrary has been called by com.google.ortools.Loader in an unnamed module (file:/Users/apete/.m2/repository/com/google/ortools/ortools-java/9.15.6755/ortools-java-9.15.6755.jar)
WARNING: Use --enable-native-access=ALL-UNNAMED to avoid a warning for callers in this module
WARNING: Restricted methods will be blocked in a future release unless native access is enabled


Environment: 12GB/18threads aarch64 [48GB/18threads, 2MB/18threads, 256kB/1thread, 64kB/1thread]


Iteration 1 with 64 model/solver pairs remaining 2026-07-30T07:12:01.215359Z
-----------------------------------------------------------------------------
pk1                   SSC-LP                FAILED                TIMEOUT               
lseu                  SSC-LP                FAILED                TIMEOUT               

Iteration 2 with 62 model/solver pairs remaining 2026-07-30T07:18:23.378969Z
-----------------------------------------------------------------------------
sample2               ojAlgo-MIP            INVALID               UNSTABLE              

Iteration 3 with 61 model/solver pairs remaining 2026-07-30T07:22:06.264376Z
-----------------------------------------------------------------------------
misc01                ojAlgo-MIP            Time stable           12.534875ms           563.4999999999998     
misc01                HiGHS                 Time stable           101.446042ms          563.5000000000003     
p0040                 HiGHS                 Time stable           2.559459ms            62027.0               
pipex                 SCIP                  Time stable           26.576041ms           788.263               
sample2               SSC-LP                Time stable           34.50825ms            375.0                 
misc02                HiGHS                 Time stable           25.0885ms             1690.0                
enigma                SSC-LP                Time stable           2203.094708ms         0.0                   
enigma                HiGHS                 Time stable           149.141041ms          0.0                   
stein15               SSC-LP                Time stable           42.029208ms           9.0                   
sentoy                SCIP                  Time stable           151.190375ms          -7772.0               
misc02                SSC-LP                Time stable           13.118292ms           1690.0                
pipex                 SSC-LP                Time stable           165.259667ms          788.263               
bm23                  SSC-LP                Time stable           89.574ms              34.0                  
bm23                  SCIP                  Time stable           96.945625ms           34.0                  
misc02                SCIP                  Time stable           91.171ms              1690.0                
gr4x6                 SSC-LP                Time stable           5.115333ms            202.35                
stein15               SCIP                  Time stable           16.544084ms           9.0                   
flugpl                SSC-LP                Time stable           17.668833ms           1201500.0             
sentoy                HiGHS                 Time stable           79.425833ms           -7772.0               
p0033                 SCIP                  Time stable           5.696333ms            3089.0                
misc02                ojAlgo-MIP            Time stable           2.811333ms            1689.999999999999     
lseu                  SCIP                  Time stable           212.307166ms          1120.0                
pk1                   ojAlgo-MIP            Time stable           1953.281084ms         10.99999999999969     
pk1                   HiGHS                 Time stable           128793.947875ms       10.99999999997779     
pk1                   SCIP                  Time stable           46259.158417ms        11.00000000000011     

Iteration 4 with 36 model/solver pairs remaining 2026-07-30T07:24:34.945111Z
-----------------------------------------------------------------------------
gr4x6                 HiGHS                 Time stable           6.289334ms            202.35                
pipex                 HiGHS                 Time stable           30.628375ms           788.2629999997624     
enigma                SCIP                  Time stable           76.037292ms           0.0                   
sample2               SCIP                  Time stable           1.945792ms            375.00000000000006    
mod013                ojAlgo-MIP            Time stable           10.714667ms           280.95                
sample2               HiGHS                 Time stable           15.931459ms           375.0                 
pipex                 ojAlgo-MIP            Time stable           11.066208ms           788.263               
flugpl                SCIP                  Time stable           15.440375ms           1201500.0             
mod013                SSC-LP                Time stable           238.975791ms          280.95                
stein9                SSC-LP                Time stable           0.649292ms            5.0                   
p0040                 SSC-LP                Time stable           8.90475ms             62027.0               
mod013                HiGHS                 Time stable           114.229667ms          280.95000000000016    
p0033                 SSC-LP                Time stable           62.379ms              3089.0                
lseu                  HiGHS                 Time stable           85.905083ms           1120.0                
misc01                SCIP                  Time stable           204.031583ms          563.5                 
gr4x6                 SCIP                  Time stable           2.182042ms            202.35000000000002    
gr4x6                 ojAlgo-MIP            Time stable           0.873667ms            202.35                
p0040                 ojAlgo-MIP            Time stable           1.158875ms            62027.0               
p0033                 HiGHS                 Time stable           7.177291ms            3088.9999999999977    
stein9                HiGHS                 Time stable           7.186042ms            5.0                   
p0040                 SCIP                  Time stable           1.1035ms              62027.0               
sentoy                ojAlgo-MIP            Time stable           4.666ms               -7772.0               
stein15               ojAlgo-MIP            Time stable           1.529292ms            9.0                   
misc01                SSC-LP                Time stable           993.402125ms          563.4999999999999     
enigma                ojAlgo-MIP            INVALID               UNSTABLE              

Iteration 5 with 11 model/solver pairs remaining 2026-07-30T07:25:37.056015Z
-----------------------------------------------------------------------------
stein15               HiGHS                 Time stable           13.658292ms           9.0                   
flugpl                HiGHS                 Time stable           36.872625ms           1201500.0             
bm23                  HiGHS                 Time stable           77.921584ms           34.0                  
mod013                SCIP                  Time stable           425.918083ms          280.95                
sentoy                SSC-LP                Time stable           897.160291ms          -7772.0               

Iteration 6 with 6 model/solver pairs remaining 2026-07-30T07:25:40.575559Z
-----------------------------------------------------------------------------
stein9                SCIP                  Time stable           4.277ms               5.0                   
flugpl                ojAlgo-MIP            Time stable           5.715959ms            1201500.0             

Iteration 7 with 4 model/solver pairs remaining 2026-07-30T07:25:41.677669Z
-----------------------------------------------------------------------------
stein9                ojAlgo-MIP            Time stable           0.240542ms            5.0                   

Iteration 8 with 3 model/solver pairs remaining 2026-07-30T07:25:42.203442Z
-----------------------------------------------------------------------------
p0033                 ojAlgo-MIP            Time stable           3.283958ms            3089.0                
bm23                  ojAlgo-MIP            INVALID               UNSTABLE              

Iteration 9 with 1 model/solver pairs remaining 2026-07-30T07:25:42.741498Z
-----------------------------------------------------------------------------

Iteration 10 with 1 model/solver pairs remaining 2026-07-30T07:25:43.001699Z
-----------------------------------------------------------------------------

Iteration 11 with 1 model/solver pairs remaining 2026-07-30T07:25:43.234969Z
-----------------------------------------------------------------------------

Iteration 12 with 1 model/solver pairs remaining 2026-07-30T07:25:43.628061Z
-----------------------------------------------------------------------------

Iteration 13 with 1 model/solver pairs remaining 2026-07-30T07:25:43.937243Z
-----------------------------------------------------------------------------

Iteration 14 with 1 model/solver pairs remaining 2026-07-30T07:25:44.217179Z
-----------------------------------------------------------------------------
lseu                  ojAlgo-MIP            Time stable           37.126666ms           1120.0                

Final Results
=====================================================================
bm23                  HiGHS                 OPTIMAL               77.921584ms           
bm23                  SCIP                  OPTIMAL               96.945625ms           
bm23                  SSC-LP                OPTIMAL               89.574ms              
bm23                  ojAlgo-MIP            FAILED                UNSTABLE              
enigma                HiGHS                 OPTIMAL               149.141041ms          
enigma                SCIP                  OPTIMAL               76.037292ms           
enigma                SSC-LP                OPTIMAL               2203.094708ms         
enigma                ojAlgo-MIP            FAILED                UNSTABLE              
flugpl                HiGHS                 OPTIMAL               36.872625ms           
flugpl                SCIP                  OPTIMAL               15.440375ms           
flugpl                SSC-LP                OPTIMAL               17.668833ms           
flugpl                ojAlgo-MIP            OPTIMAL               5.715959ms            
gr4x6                 HiGHS                 OPTIMAL               6.289334ms            
gr4x6                 SCIP                  OPTIMAL               2.182042ms            
gr4x6                 SSC-LP                OPTIMAL               5.115333ms            
gr4x6                 ojAlgo-MIP            OPTIMAL               0.873667ms            
lseu                  HiGHS                 OPTIMAL               85.905083ms           
lseu                  SCIP                  OPTIMAL               212.307166ms          
lseu                  SSC-LP                FAILED                TIMEOUT               
lseu                  ojAlgo-MIP            OPTIMAL               37.126666ms           
misc01                HiGHS                 OPTIMAL               101.446042ms          
misc01                SCIP                  OPTIMAL               204.031583ms          
misc01                SSC-LP                OPTIMAL               993.402125ms          
misc01                ojAlgo-MIP            OPTIMAL               12.534875ms           
misc02                HiGHS                 OPTIMAL               25.0885ms             
misc02                SCIP                  OPTIMAL               91.171ms              
misc02                SSC-LP                OPTIMAL               13.118292ms           
misc02                ojAlgo-MIP            OPTIMAL               2.811333ms            
mod013                HiGHS                 OPTIMAL               114.229667ms          
mod013                SCIP                  OPTIMAL               425.918083ms          
mod013                SSC-LP                OPTIMAL               238.975791ms          
mod013                ojAlgo-MIP            OPTIMAL               10.714667ms           
p0033                 HiGHS                 OPTIMAL               7.177291ms            
p0033                 SCIP                  OPTIMAL               5.696333ms            
p0033                 SSC-LP                OPTIMAL               62.379ms              
p0033                 ojAlgo-MIP            OPTIMAL               3.283958ms            
p0040                 HiGHS                 OPTIMAL               2.559459ms            
p0040                 SCIP                  OPTIMAL               1.1035ms              
p0040                 SSC-LP                OPTIMAL               8.90475ms             
p0040                 ojAlgo-MIP            OPTIMAL               1.158875ms            
pipex                 HiGHS                 OPTIMAL               30.628375ms           
pipex                 SCIP                  OPTIMAL               26.576041ms           
pipex                 SSC-LP                OPTIMAL               165.259667ms          
pipex                 ojAlgo-MIP            OPTIMAL               11.066208ms           
pk1                   HiGHS                 OPTIMAL               128793.947875ms       
pk1                   SCIP                  OPTIMAL               46259.158417ms        
pk1                   SSC-LP                FAILED                TIMEOUT               
pk1                   ojAlgo-MIP            OPTIMAL               1953.281084ms         
sample2               HiGHS                 OPTIMAL               15.931459ms           
sample2               SCIP                  OPTIMAL               1.945792ms            
sample2               SSC-LP                OPTIMAL               34.50825ms            
sample2               ojAlgo-MIP            FAILED                UNSTABLE              
sentoy                HiGHS                 OPTIMAL               79.425833ms           
sentoy                SCIP                  OPTIMAL               151.190375ms          
sentoy                SSC-LP                OPTIMAL               897.160291ms          
sentoy                ojAlgo-MIP            OPTIMAL               4.666ms               
stein15               HiGHS                 OPTIMAL               13.658292ms           
stein15               SCIP                  OPTIMAL               16.544084ms           
stein15               SSC-LP                OPTIMAL               42.029208ms           
stein15               ojAlgo-MIP            OPTIMAL               1.529292ms            
stein9                HiGHS                 OPTIMAL               7.186042ms            
stein9                SCIP                  OPTIMAL               4.277ms               
stein9                SSC-LP                OPTIMAL               0.649292ms            
stein9                ojAlgo-MIP            OPTIMAL               0.240542ms            
