
Environment: 12GB/18threads aarch64 [48GB/18threads, 2MB/18threads, 256kB/1thread, 64kB/1thread]
Workers: 2, threads per worker: 9


Iteration 1 with 206 model/solver pairs remaining 2026-09-26T09:31:22.600492Z
-----------------------------------------------------------------------------
pk1                   ojAlgo-MIP            Solved                2942.69325ms          11.00000000000001     
mod013                SCIP                  Solved                525.779875ms          280.95                
r50x360               SCIP                  Solved                21423.231417ms        1653.0000000000032    
supportcase16         SCIP                  Solved                66.451042ms           288.0                 
r50x360               ojAlgo-MIP            FAILED                TIMEOUT               
ran16x16              ojAlgo-MIP            FAILED                TIMEOUT               
gen-ip021             ojAlgo-MIP            Solved                23701.464709ms        2361.4541951916       
ran16x16              SCIP                  Solved                35447.269875ms        3823.0                
neos-3610051-istra    ojAlgo-MIP            FAILED                TIMEOUT               
mod013                ojAlgo-MIP            Solved                34.198417ms           280.95                
neos-911880           SCIP                  Solved                15528.645792ms        54.76                 
neos-3610051-istra    SCIP                  Solved                1179.14275ms          49.0                  
supportcase16         ojAlgo-MIP            Solved                59.763417ms           288.0                 
mik-250-1-100-1       ojAlgo-MIP            FAILED                TIMEOUT               
22433                 SCIP                  Solved                960.276459ms          21477.0               
neos-911880           ojAlgo-MIP            FAILED                TIMEOUT               
22433                 ojAlgo-MIP            Solved                116.213292ms          21477.0               
gen-ip021             SCIP                  Solved                203315.850042ms       2361.4541951916       
p0040                 ojAlgo-MIP            Solved                4.157208ms            62027.0               
bell3a                SCIP                  Solved                626.389375ms          878430.316            
pk1                   SCIP                  Solved                64539.8845ms          10.99999999999982     
p0282                 ojAlgo-MIP            Solved                174.0415ms            258411.0              
graphdraw-gemcutter   ojAlgo-MIP            Solved                162546.404333ms       7118.5                
pigeon-08             ojAlgo-MIP            Solved                29711.321459ms        -7000.0               
supportcase14         SCIP                  Solved                215.911125ms          288.0                 
sp150x300d            ojAlgo-MIP            FAILED                TIMEOUT               
sentoy                ojAlgo-MIP            Solved                18.497292ms           -7772.0               
neos-3611689-kaihu    SCIP                  Solved                491.031042ms          119.0                 
dfn-gwin-UUM          ojAlgo-MIP            FAILED                TIMEOUT               
stein27               SCIP                  Solved                93.799166ms           18.0                  
stein15               SCIP                  Solved                15.438709ms           9.0                   
bell3b                SCIP                  Solved                1579.109584ms         1.1786160618E7        
neos17                ojAlgo-MIP            FAILED                TIMEOUT               
air01                 SCIP                  Solved                37.531291ms           6796.0                
p0033                 SCIP                  Solved                6.664125ms            3089.0                
misc07                SCIP                  Solved                1605.355042ms         2810.0                
fixnet6               SCIP                  Solved                3330.891875ms         3983.0                
mik-250-1-100-1       SCIP                  Solved                47204.105708ms        -66729.00000000003    
exp-1-500-5-5         SCIP                  Solved                1359.158917ms         65887.0               
gen                   ojAlgo-MIP            Solved                170.727916ms          112313.36271800548    
neos-3611447-jijia    SCIP                  Solved                457.2195ms            107.0                 
nexp-50-20-1-1        SCIP                  Solved                102.432542ms          29.0                  
set1al                ojAlgo-MIP            Solved                76.952958ms           15869.75              
dcmulti               ojAlgo-MIP            Solved                284.851125ms          188186.4999998558     
neos-2624317-amur     ojAlgo-MIP            FAILED                TIMEOUT               
mik-250-20-75-1       ojAlgo-MIP            FAILED                TIMEOUT               
p0548                 ojAlgo-MIP            FAILED                TIMEOUT               
fixnet3               ojAlgo-MIP            FAILED                TIMEOUT               
vpm2                  ojAlgo-MIP            Solved                148468.703875ms       13.75                 
neos-1425699          SCIP                  Solved                2.746666ms            3.179698977E9         
gen-ip036             SCIP                  Solved                181078.75325ms        -4606.6796098376      
p0548                 SCIP                  Solved                47.319709ms           8691.0                
sample2               ojAlgo-MIP            Solved                32.889667ms           375.0                 
modglob               ojAlgo-MIP            FAILED                TIMEOUT               
gt2                   SCIP                  Solved                18.70025ms            21166.0               
ran12x21              ojAlgo-MIP            FAILED                TIMEOUT               
pipex                 SCIP                  Solved                36.912666ms           788.263               
aflow30a              ojAlgo-MIP            FAILED                TIMEOUT               
gr4x6                 SCIP                  Solved                5.993042ms            202.35000000000002    
misc05                SCIP                  Solved                432.50425ms           2984.5                
fixnet4               ojAlgo-MIP            FAILED                TIMEOUT               
neos-3610173-itata    SCIP                  Solved                598.978ms             148.0                 
vpm1                  ojAlgo-MIP            Solved                56064.962166ms        20.0                  
bell5                 SCIP                  Solved                90.130791ms           8966406.49152         
neos-5192052-neckar   ojAlgo-MIP            Solved                4.835875ms            -1.167000000000001E7  
neos-3610173-itata    ojAlgo-MIP            Solved                40298.855542ms        147.9999999999131     
timtab1               SCIP                  Solved                27538.27675ms         764771.9999997802     
dfn-gwin-UUM          SCIP                  Solved                38749.263875ms        38752.0               
pigeon-08             SCIP                  Solved                336.38075ms           -7000.0               
sp150x300d            SCIP                  Solved                223.706625ms          69.0                  
ran13x13              ojAlgo-MIP            Solved                224636.504833ms       3252.0                
misc02                SCIP                  Solved                147.634042ms          1690.0                
enlight_hard          SCIP                  Solved                3.091084ms            37.0                  
mik-250-20-75-3       ojAlgo-MIP            FAILED                TIMEOUT               
markshare_4_0         SCIP                  Solved                51239.5595ms          0.99999999999996      
enlight8              SCIP                  Solved                3.653209ms            27.0                  
neos-3611689-kaihu    ojAlgo-MIP            Solved                38017.442709ms        118.9999999998461     
bell4                 SCIP                  Solved                318.754834ms          1.8541484198E7        
p0033                 ojAlgo-MIP            Solved                12.890875ms           3089.0                
noswot                SCIP                  Solved                8995.455834ms         -41.0                 
pp08a                 ojAlgo-MIP            Solved                58494.269958ms        7349.9999999976       
mik-250-20-75-2       ojAlgo-MIP            FAILED                TIMEOUT               
misc03                SCIP                  Solved                942.977958ms          3360.0                
fixnet6               ojAlgo-MIP            FAILED                TIMEOUT               
graphdraw-gemcutter   SCIP                  Solved                52220.382791ms        7118.5                
blend2                SCIP                  Solved                427.896875ms          7.598985              
opt1217               SCIP                  Solved                58.398084ms           -16.0                 
prod1                 SCIP                  Solved                7735.752792ms         -56.0                 
pp08aCUTS             SCIP                  Solved                858.327125ms          7350.0                
cracpb1               SCIP                  Solved                73.951125ms           22199.0               
ic97_tension          SCIP                  Solved                5599.320417ms         3941.9999999999936    
mik-250-20-75-5       SCIP                  Solved                2445.459833ms         -51532.00000000056    
set1cl                ojAlgo-MIP            Solved                38.454708ms           6484.25               
misc01                ojAlgo-MIP            Solved                19.76275ms            563.4999999999999     
cracpb1               ojAlgo-MIP            Solved                28.874459ms           22199.0               
prod1                 ojAlgo-MIP            FAILED                TIMEOUT               
stein45               ojAlgo-MIP            Solved                3221.265625ms         30.0                  
egout                 SCIP                  Solved                2.914125ms            568.1007              
neos5                 ojAlgo-MIP            Solved                196588.050708ms       15.00000000000005     
rgn                   ojAlgo-MIP            Solved                81.351917ms           82.19999923995996     
prod2                 ojAlgo-MIP            FAILED                TIMEOUT               
bienst1               ojAlgo-MIP            Solved                18955.160083ms        46.75                 
pp08aCUTS             ojAlgo-MIP            Solved                42698.397416ms        7349.999999992398     
stein45               SCIP                  Solved                7907.115292ms         30.0                  
bienst1               SCIP                  Solved                56655.814709ms        46.74999999999999     
ic97_tension          ojAlgo-MIP            FAILED                TIMEOUT               
egout                 ojAlgo-MIP            Solved                205.272917ms          568.1007              
rgn                   SCIP                  Solved                129.698458ms          82.19999924           
mik-250-20-75-4       SCIP                  Solved                8009.290875ms         -52301.00000000004    
flugpl                SCIP                  Solved                16.656125ms           1201500.0             
bm23                  ojAlgo-MIP            Solved                4.334958ms            34.0                  
neos5                 SCIP                  Solved                190729.803708ms       15.0                  
mod008                SCIP                  Solved                138.262917ms          307.0                 
mik-250-20-75-4       ojAlgo-MIP            FAILED                TIMEOUT               
blend2                ojAlgo-MIP            Solved                1234.150792ms         7.598985              
misc01                SCIP                  Solved                150.449458ms          563.5                 
timtab1CUTS           SCIP                  Solved                64078.031917ms        764771.99999988       
mod008                ojAlgo-MIP            Solved                107.506125ms          307.0                 
flugpl                ojAlgo-MIP            Solved                2.396791ms            1201500.0             
mik-250-20-75-5       ojAlgo-MIP            FAILED                TIMEOUT               
neos-3610040-iskar    ojAlgo-MIP            Solved                150789.183166ms       36.99999999994446     
misc03                ojAlgo-MIP            Solved                91.454458ms           3359.999999999999     
mas76                 ojAlgo-MIP            Solved                3567.331958ms         40005.054142          
lseu                  ojAlgo-MIP            Solved                87.867834ms           1120.0                
mik-250-20-75-3       SCIP                  Solved                1878.836583ms         -52242.00000000032    
23588                 ojAlgo-MIP            Solved                258.287917ms          8089.999999999995     
timtab1CUTS           ojAlgo-MIP            FAILED                TIMEOUT               
enlight8              ojAlgo-MIP            Solved                1000.001583ms         27.0                  
bm23                  SCIP                  Solved                120.349666ms          34.0                  
bell5                 ojAlgo-MIP            Solved                4121.006958ms         8966406.49152         
enlight_hard          ojAlgo-MIP            Solved                21322.420958ms        37.0                  
neos-911970           ojAlgo-MIP            FAILED                TIMEOUT               
timtab1               ojAlgo-MIP            FAILED                TIMEOUT               
beavma                SCIP                  Solved                190.003334ms          383285.0              
ran13x13              SCIP                  Solved                16667.121917ms        3252.0000000000095    
aflow30a              SCIP                  Solved                9886.592292ms         1158.0                
mik-250-20-75-2       SCIP                  Solved                3366.183167ms         -50768.00000000006    
set1ch                SCIP                  Solved                131.161541ms          54537.75              
prod2                 SCIP                  Solved                77358.782625ms        -62.0                 
neos-1430701          SCIP                  Solved                2627.491333ms         -77.0                 
neos-3611447-jijia    ojAlgo-MIP            Solved                79587.788167ms        106.9999999999067     
misc02                ojAlgo-MIP            Solved                10.96725ms            1689.999999999999     
stein9                SCIP                  Solved                8.030375ms            5.0                   
p0291                 SCIP                  Solved                10.939417ms           5223.749              
neos-5192052-neckar   SCIP                  Solved                13.240458ms           -1.167E7              
bell4                 ojAlgo-MIP            FAILED                TIMEOUT               
pp08a                 SCIP                  Solved                614.740584ms          7350.000000000019     
noswot                ojAlgo-MIP            FAILED                TIMEOUT               
f2gap40400            ojAlgo-MIP            Solved                210.127375ms          20772.0               
vpm1                  SCIP                  Solved                14.140125ms           20.0                  
mik-250-20-75-1       SCIP                  Solved                1985.509625ms         -49716.00000000016    
bienst2               ojAlgo-MIP            Solved                250303.887833ms       54.59999999999999     
misc05                ojAlgo-MIP            Solved                376.149417ms          2984.499999999999     
bppc8-02              ojAlgo-MIP            Solved                1334.420709ms         507.0                 
enigma                ojAlgo-MIP            Solved                23.533417ms           0.0                   
enlight13             SCIP                  Solved                7.068708ms            71.0                  
neos-1425699          ojAlgo-MIP            Solved                1.931375ms            3.179698977E9         
gt2                   ojAlgo-MIP            Solved                27.991083ms           21166.0               
enigma                SCIP                  Solved                132.347416ms          0.0                   
ran12x21              SCIP                  Solved                32673.385417ms        3663.9999999999995    
nexp-50-20-1-1        ojAlgo-MIP            FAILED                TIMEOUT               
dcmulti               SCIP                  Solved                1488.540083ms         188182.0              
sample2               SCIP                  Solved                3.543416ms            375.00000000000006    
markshare_4_0         ojAlgo-MIP            Solved                4597.618125ms         0.99999999999991      
set1al                SCIP                  Solved                50.431583ms           15869.75              
fixnet3               SCIP                  Solved                21.242209ms           51973.0               
gen-ip036             ojAlgo-MIP            Solved                32331.798792ms        -4606.6796098376      
modglob               SCIP                  Solved                99.383917ms           2.0740508086308237E7  
vpm2                  SCIP                  Solved                1266.119833ms         13.75                 
p0201                 SCIP                  Solved                453.943625ms          7615.0                
pipex                 ojAlgo-MIP            Solved                46.937834ms           788.263               
p0201                 ojAlgo-MIP            Solved                149.329666ms          7615.0                
neos17                SCIP                  Solved                3019.033792ms         0.15000257742257736   
enlight13             ojAlgo-MIP            FAILED                TIMEOUT               
fixnet4               SCIP                  Solved                314.686875ms          8936.000000000004     
gr4x6                 ojAlgo-MIP            Solved                10.203125ms           202.35                
rout                  SCIP                  Solved                5440.022708ms         1077.56               
rout                  ojAlgo-MIP            FAILED                TIMEOUT               
gen                   SCIP                  Solved                14.029792ms           112313.362718         
neos-911970           SCIP                  Solved                20780.990084ms        54.76000000000014     
23588                 SCIP                  Solved                2531.321833ms         8090.0                
exp-1-500-5-5         ojAlgo-MIP            FAILED                TIMEOUT               
sentoy                SCIP                  Solved                189.749791ms          -7772.0               
misc07                ojAlgo-MIP            Solved                4221.764584ms         2809.999999999978     
p0040                 SCIP                  Solved                1.526417ms            62027.0               
p0282                 SCIP                  Solved                89.3855ms             258411.0              
mas76                 SCIP                  Solved                27475.835875ms        40005.054142          
neos-3610040-iskar    SCIP                  Solved                703.627417ms          37.0                  
bell3a                ojAlgo-MIP            Solved                630.21475ms           878430.316            
beavma                ojAlgo-MIP            FAILED                TIMEOUT               
stein27               ojAlgo-MIP            Solved                76.052ms              18.0                  
stein15               ojAlgo-MIP            Solved                1.817375ms            9.0                   
f2gap40400            SCIP                  Solved                31.04675ms            20772.0               
p0291                 ojAlgo-MIP            Solved                32.923833ms           5223.749              
set1cl                SCIP                  Solved                14.168458ms           6484.25               
stein9                ojAlgo-MIP            Solved                0.752041ms            5.0                   
lseu                  SCIP                  Solved                278.391125ms          1120.0                
bppc8-02              SCIP                  Solved                140.216666ms          506.9999999999999     
neos-1430701          ojAlgo-MIP            FAILED                TIMEOUT               
neos-2624317-amur     SCIP                  Solved                25370.706584ms        3.5223968             
bienst2               SCIP                  Solved                175371.690917ms       54.6                  
supportcase14         ojAlgo-MIP            Solved                51.811167ms           288.0                 
bell3b                ojAlgo-MIP            Solved                791.239625ms          1.1786160618E7        
set1ch                ojAlgo-MIP            FAILED                TIMEOUT               
air01                 ojAlgo-MIP            Solved                29.058209ms           6796.0                
opt1217               ojAlgo-MIP            FAILED                UNSTABLE              

Iteration 2 with 169 model/solver pairs remaining 2026-09-26T11:48:03.661569Z
-----------------------------------------------------------------------------
pp08aCUTS             ojAlgo-MIP            FAILED                TIMEOUT               
bienst2               ojAlgo-MIP            FAILED                TIMEOUT               

Iteration 3 with 167 model/solver pairs remaining 2026-09-26T12:33:51.256877Z
-----------------------------------------------------------------------------
mod013                SCIP                  Time stable           519.419ms             280.95                
supportcase16         SCIP                  Time stable           54.735542ms           288.0                 
r50x360               SCIP                  Time stable           20822.796542ms        1653.0000000000032    
gen-ip021             ojAlgo-MIP            Time stable           20422.435208ms        2361.4541951916       
neos-911880           SCIP                  Time stable           12003.60475ms         54.76                 
neos-3610051-istra    SCIP                  Time stable           938.88075ms           49.0                  
22433                 SCIP                  Time stable           771.008584ms          21477.0               
ran16x16              SCIP                  Time stable           28973.386042ms        3823.0                
22433                 ojAlgo-MIP            Time stable           94.73675ms            21477.0               
pk1                   SCIP                  Time stable           52879.031833ms        10.99999999999982     
bell3a                SCIP                  Time stable           626.389375ms          878430.316            
gen-ip021             SCIP                  Time stable           173740.057041ms       2361.4541951916       
p0282                 ojAlgo-MIP            Time stable           77.618166ms           258411.0              
pigeon-08             ojAlgo-MIP            Time stable           29711.321459ms        -7000.0               
supportcase14         SCIP                  Time stable           215.835833ms          288.0                 
neos-3611689-kaihu    SCIP                  Time stable           491.031042ms          119.0                 
stein27               SCIP                  Time stable           93.799166ms           18.0                  
stein15               SCIP                  Time stable           15.438709ms           9.0                   
bell3b                SCIP                  Time stable           1579.109584ms         1.1786160618E7        
graphdraw-gemcutter   ojAlgo-MIP            Time stable           150792.3035ms         7118.5                
air01                 SCIP                  Time stable           35.426917ms           6796.0                
p0033                 SCIP                  Time stable           6.00375ms             3089.0                
misc07                SCIP                  Time stable           1605.355042ms         2810.0                
fixnet6               SCIP                  Time stable           3317.268ms            3983.0                
exp-1-500-5-5         SCIP                  Time stable           1218.700334ms         65887.0               
neos-3611447-jijia    SCIP                  Time stable           407.276125ms          107.0                 
nexp-50-20-1-1        SCIP                  Time stable           94.779875ms           29.0                  
mik-250-1-100-1       SCIP                  Time stable           44345.94375ms         -66729.00000000003    
gen-ip036             SCIP                  Time stable           165160.521542ms       -4606.6796098376      
neos-1425699          SCIP                  Time stable           2.746666ms            3.179698977E9         
p0548                 SCIP                  Time stable           46.910291ms           8691.0                
gt2                   SCIP                  Time stable           16.311375ms           21166.0               
pipex                 SCIP                  Time stable           33.819791ms           788.263               
gr4x6                 SCIP                  Time stable           3.324708ms            202.35000000000002    
misc05                SCIP                  Time stable           432.50425ms           2984.5                
vpm2                  ojAlgo-MIP            Time stable           148468.703875ms       13.75                 
neos-3610173-itata    SCIP                  Time stable           598.978ms             148.0                 
bell5                 SCIP                  Time stable           90.130791ms           8966406.49152         
vpm1                  ojAlgo-MIP            Time stable           28718.452792ms        20.0                  
dfn-gwin-UUM          SCIP                  Time stable           38749.263875ms        38752.0               
pigeon-08             SCIP                  Time stable           274.123416ms          -7000.0               
sp150x300d            SCIP                  Time stable           176.998541ms          69.0                  
timtab1               SCIP                  Time stable           27538.27675ms         764771.9999997802     
misc02                SCIP                  Time stable           143.608084ms          1690.0                
enlight_hard          SCIP                  Time stable           2.7165ms              37.0                  
enlight8              SCIP                  Time stable           1.734ms               27.0                  
bell4                 SCIP                  Time stable           318.754834ms          1.8541484198E7        
noswot                SCIP                  Time stable           7407.538042ms         -41.0                 
p0033                 ojAlgo-MIP            Time stable           2.071334ms            3089.0                
markshare_4_0         SCIP                  Time stable           46636.385584ms        0.99999999999996      
misc03                SCIP                  Time stable           942.977958ms          3360.0                
pp08a                 ojAlgo-MIP            Time stable           48666.7015ms          7350.000000007643     
blend2                SCIP                  Time stable           423.725792ms          7.598985              
opt1217               SCIP                  Time stable           56.397625ms           -16.0                 
prod1                 SCIP                  Time stable           7700.170833ms         -56.0                 
pp08aCUTS             SCIP                  Time stable           845.602125ms          7350.0                
cracpb1               SCIP                  Time stable           73.439917ms           22199.0               
ic97_tension          SCIP                  Time stable           5562.441708ms         3941.9999999999936    
mik-250-20-75-5       SCIP                  Time stable           2422.27825ms          -51532.00000000056    
cracpb1               ojAlgo-MIP            Time stable           24.244916ms           22199.0               
stein45               ojAlgo-MIP            Time stable           3221.265625ms         30.0                  
egout                 SCIP                  Time stable           2.664791ms            568.1007              
graphdraw-gemcutter   SCIP                  Time stable           52220.382791ms        7118.5                
rgn                   ojAlgo-MIP            Time stable           68.336625ms           82.19999923996212     
stein45               SCIP                  Time stable           7907.115292ms         30.0                  
bienst1               SCIP                  Time stable           52382.361208ms        46.74999999999999     
egout                 ojAlgo-MIP            Time stable           205.272917ms          568.1007              
rgn                   SCIP                  Time stable           129.145125ms          82.19999924           
mik-250-20-75-4       SCIP                  Time stable           7984.840125ms         -52301.00000000004    
flugpl                SCIP                  Time stable           16.135583ms           1201500.0             
mod008                SCIP                  Time stable           113.853958ms          307.0                 
blend2                ojAlgo-MIP            Time stable           809.330959ms          7.598985              
misc01                SCIP                  Time stable           121.19675ms           563.5                 
neos5                 SCIP                  Time stable           166609.800459ms       15.0                  
flugpl                ojAlgo-MIP            Time stable           0.890958ms            1201500.0             
timtab1CUTS           SCIP                  Time stable           51907.75925ms         764771.99999988       
misc03                ojAlgo-MIP            Time stable           91.454458ms           3359.999999999999     
mik-250-20-75-3       SCIP                  Time stable           1878.836583ms         -52242.00000000032    
23588                 ojAlgo-MIP            Time stable           243.005209ms          8089.999999999995     
bm23                  SCIP                  Time stable           120.222417ms          34.0                  
neos-3610040-iskar    ojAlgo-MIP            Time stable           150789.183166ms       36.99999999994446     
set1ch                SCIP                  Time stable           128.461917ms          54537.75              
neos-1430701          SCIP                  Time stable           2092.143958ms         -77.0                 
misc05                ojAlgo-MIP            Time stable           250.624375ms          2984.499999999999     
bppc8-02              ojAlgo-MIP            Time stable           1010.523208ms         507.0                 
neos-1425699          ojAlgo-MIP            Time stable           0.903541ms            3.179698977E9         
prod2                 SCIP                  Time stable           71434.224625ms        -62.0                 
dcmulti               SCIP                  Time stable           1206.466667ms         188182.0              
sample2               SCIP                  Time stable           1.975542ms            375.00000000000006    
markshare_4_0         ojAlgo-MIP            Time stable           4515.611916ms         1.0                   
set1al                SCIP                  Time stable           39.090541ms           15869.75              
fixnet3               SCIP                  Time stable           14.771916ms           51973.0               
ran12x21              SCIP                  Time stable           26050.950666ms        3663.9999999999995    
modglob               SCIP                  Time stable           80.514083ms           2.0740508086308237E7  
pipex                 ojAlgo-MIP            Time stable           13.047959ms           788.263               
p0201                 ojAlgo-MIP            Time stable           144.873666ms          7615.0                
gen-ip036             ojAlgo-MIP            Time stable           24367.990375ms        -4606.6796098376      
23588                 SCIP                  Time stable           2152.237041ms         8090.0                
misc07                ojAlgo-MIP            Time stable           3887.376041ms         2809.99999999991      
sentoy                SCIP                  Time stable           159.259167ms          -7772.0               
neos-911970           SCIP                  Time stable           17175.032583ms        54.76000000000014     
p0040                 SCIP                  Time stable           1.267583ms            62027.0               
p0282                 SCIP                  Time stable           89.3855ms             258411.0              
neos-3610040-iskar    SCIP                  Time stable           628.956583ms          37.0                  
bell3a                ojAlgo-MIP            Time stable           527.8915ms            878430.316            
stein27               ojAlgo-MIP            Time stable           71.579042ms           18.0                  
stein15               ojAlgo-MIP            Time stable           1.089166ms            9.0                   
f2gap40400            SCIP                  Time stable           23.1935ms             20772.0               
p0291                 ojAlgo-MIP            Time stable           20.580334ms           5223.749              
set1cl                SCIP                  Time stable           8.988833ms            6484.25               
lseu                  SCIP                  Time stable           233.545375ms          1120.0                
bppc8-02              SCIP                  Time stable           115.189ms             506.9999999999999     
mas76                 SCIP                  Time stable           24339.782667ms        40005.054142          
neos-2624317-amur     SCIP                  Time stable           21980.974167ms        3.5223968             
supportcase14         ojAlgo-MIP            Time stable           23.22275ms            288.0                 
bienst2               SCIP                  Time stable           154317.506625ms       54.6                  

Iteration 4 with 51 model/solver pairs remaining 2026-09-26T13:14:43.786070Z
-----------------------------------------------------------------------------
pk1                   ojAlgo-MIP            Time stable           2942.69325ms          11.00000000000001     
ran13x13              ojAlgo-MIP            Time stable           127235.68775ms        3252.0000000000005    
bm23                  ojAlgo-MIP            Time stable           2.649916ms            34.0                  
lseu                  ojAlgo-MIP            Time stable           35.58625ms            1120.0                
enlight8              ojAlgo-MIP            Time stable           990.35125ms           27.0                  
misc02                ojAlgo-MIP            Time stable           5.596333ms            1689.999999999999     
p0291                 SCIP                  Time stable           6.731958ms            5223.749              
f2gap40400            ojAlgo-MIP            Time stable           146.642958ms          20772.0               
enlight13             SCIP                  Time stable           3.859667ms            71.0                  
vpm2                  SCIP                  Time stable           1039.904291ms         13.75                 
p0201                 SCIP                  Time stable           375.195333ms          7615.0                
neos17                SCIP                  Time stable           2462.155291ms         0.15000257742257736   
fixnet4               SCIP                  Time stable           253.109792ms          8936.000000000004     
gr4x6                 ojAlgo-MIP            Time stable           1.027125ms            202.35                
rout                  SCIP                  Time stable           4403.1595ms           1077.56               
gen                   SCIP                  Time stable           10.477708ms           112313.362718         

Iteration 5 with 35 model/solver pairs remaining 2026-09-26T13:26:23.208009Z
-----------------------------------------------------------------------------
set1al                ojAlgo-MIP            Time stable           70.994125ms           15869.75              
neos-5192052-neckar   ojAlgo-MIP            Time stable           2.055917ms            -1.167000000000001E7  
set1cl                ojAlgo-MIP            Time stable           20.394084ms           6484.25               
misc01                ojAlgo-MIP            Time stable           9.644834ms            563.4999999999998     
bienst1               ojAlgo-MIP            Time stable           18955.160083ms        46.75                 
mod008                ojAlgo-MIP            Time stable           72.825291ms           307.0                 
neos5                 ojAlgo-MIP            FAILED                TIMEOUT               
neos-5192052-neckar   SCIP                  Time stable           8.176625ms            -1.167E7              
pp08a                 SCIP                  Time stable           516.069208ms          7350.000000000019     
vpm1                  SCIP                  Time stable           9.649833ms            20.0                  
mik-250-20-75-1       SCIP                  Time stable           1559.142375ms         -49716.00000000016    
gt2                   ojAlgo-MIP            Time stable           13.826875ms           21166.0               
enigma                SCIP                  Time stable           107.776917ms          0.0                   
air01                 ojAlgo-MIP            Time stable           7.657375ms            6796.0                

Iteration 6 with 21 model/solver pairs remaining 2026-09-26T13:37:01.538199Z
-----------------------------------------------------------------------------
p0040                 ojAlgo-MIP            Time stable           0.611959ms            62027.0               
neos-3611689-kaihu    ojAlgo-MIP            Time stable           35967.751417ms        118.9999999999627     
mas76                 ojAlgo-MIP            Time stable           3567.331958ms         40005.054142          
ran13x13              SCIP                  Time stable           16562.015625ms        3252.0000000000095    
beavma                SCIP                  Time stable           188.746333ms          383285.0              
aflow30a              SCIP                  Time stable           9886.592292ms         1158.0                
mik-250-20-75-2       SCIP                  Time stable           3366.183167ms         -50768.00000000006    

Iteration 7 with 14 model/solver pairs remaining 2026-09-26T13:44:51.030458Z
-----------------------------------------------------------------------------
sentoy                ojAlgo-MIP            Time stable           7.849667ms            -7772.0               
gen                   ojAlgo-MIP            Time stable           115.2105ms            112313.36271799794    
dcmulti               ojAlgo-MIP            Time stable           219.163875ms          188186.4999999158     

Iteration 8 with 11 model/solver pairs remaining 2026-09-26T13:50:22.795874Z
-----------------------------------------------------------------------------
mod013                ojAlgo-MIP            Time stable           10.832125ms           280.95                
stein9                ojAlgo-MIP            Time stable           0.262833ms            5.0                   

Iteration 9 with 9 model/solver pairs remaining 2026-09-26T13:54:23.846577Z
-----------------------------------------------------------------------------
neos-3611447-jijia    ojAlgo-MIP            Time stable           37178.839167ms        106.9999999999088     

Iteration 10 with 8 model/solver pairs remaining 2026-09-26T13:59:46.344533Z
-----------------------------------------------------------------------------
enlight_hard          ojAlgo-MIP            Time stable           13896.550209ms        37.0                  

Iteration 11 with 7 model/solver pairs remaining 2026-09-26T14:03:48.551029Z
-----------------------------------------------------------------------------

Iteration 12 with 7 model/solver pairs remaining 2026-09-26T14:06:07.395366Z
-----------------------------------------------------------------------------

Iteration 13 with 7 model/solver pairs remaining 2026-09-26T14:08:12.959544Z
-----------------------------------------------------------------------------
sample2               ojAlgo-MIP            Time stable           3.714833ms            375.0                 
supportcase16         ojAlgo-MIP            Time stable           24.635ms              288.0                 
stein9                SCIP                  Time stable           5.183542ms            5.0                   

Iteration 14 with 4 model/solver pairs remaining 2026-09-26T14:10:49.392182Z
-----------------------------------------------------------------------------
bell5                 ojAlgo-MIP            Time stable           2181.930792ms         8966406.49152         
enigma                ojAlgo-MIP            INVALID               UNSTABLE              

Iteration 15 with 2 model/solver pairs remaining 2026-09-26T14:13:49.521049Z
-----------------------------------------------------------------------------

Iteration 16 with 2 model/solver pairs remaining 2026-09-26T14:15:10.494180Z
-----------------------------------------------------------------------------

Iteration 17 with 2 model/solver pairs remaining 2026-09-26T14:17:02.597482Z
-----------------------------------------------------------------------------
bell3b                ojAlgo-MIP            Time stable           559.405708ms          1.1786160618E7        

Iteration 18 with 1 model/solver pairs remaining 2026-09-26T14:19:08.883382Z
-----------------------------------------------------------------------------
neos-3610173-itata    ojAlgo-MIP            Time stable           29953.523667ms        147.9999999999534     

Final Results
=====================================================================
22433                 SCIP                  OPTIMAL               771.008584ms          
22433                 ojAlgo-MIP            OPTIMAL               94.73675ms            
23588                 SCIP                  OPTIMAL               2152.237041ms         
23588                 ojAlgo-MIP            OPTIMAL               243.005209ms          
aflow30a              SCIP                  OPTIMAL               9886.592292ms         
aflow30a              ojAlgo-MIP            FAILED                TIMEOUT               
air01                 SCIP                  OPTIMAL               35.426917ms           
air01                 ojAlgo-MIP            OPTIMAL               7.657375ms            
beavma                SCIP                  OPTIMAL               188.746333ms          
beavma                ojAlgo-MIP            FAILED                TIMEOUT               
bell3a                SCIP                  OPTIMAL               626.389375ms          
bell3a                ojAlgo-MIP            OPTIMAL               527.8915ms            
bell3b                SCIP                  OPTIMAL               1579.109584ms         
bell3b                ojAlgo-MIP            OPTIMAL               559.405708ms          
bell4                 SCIP                  OPTIMAL               318.754834ms          
bell4                 ojAlgo-MIP            FAILED                TIMEOUT               
bell5                 SCIP                  OPTIMAL               90.130791ms           
bell5                 ojAlgo-MIP            OPTIMAL               2181.930792ms         
bienst1               SCIP                  OPTIMAL               52382.361208ms        
bienst1               ojAlgo-MIP            OPTIMAL               18955.160083ms        
bienst2               SCIP                  OPTIMAL               154317.506625ms       
bienst2               ojAlgo-MIP            FAILED                TIMEOUT               
blend2                SCIP                  OPTIMAL               423.725792ms          
blend2                ojAlgo-MIP            OPTIMAL               809.330959ms          
bm23                  SCIP                  OPTIMAL               120.222417ms          
bm23                  ojAlgo-MIP            OPTIMAL               2.649916ms            
bppc8-02              SCIP                  OPTIMAL               115.189ms             
bppc8-02              ojAlgo-MIP            OPTIMAL               1010.523208ms         
cracpb1               SCIP                  OPTIMAL               73.439917ms           
cracpb1               ojAlgo-MIP            OPTIMAL               24.244916ms           
dcmulti               SCIP                  OPTIMAL               1206.466667ms         
dcmulti               ojAlgo-MIP            OPTIMAL               219.163875ms          
dfn-gwin-UUM          SCIP                  OPTIMAL               38749.263875ms        
dfn-gwin-UUM          ojAlgo-MIP            FAILED                TIMEOUT               
egout                 SCIP                  OPTIMAL               2.664791ms            
egout                 ojAlgo-MIP            OPTIMAL               205.272917ms          
enigma                SCIP                  OPTIMAL               107.776917ms          
enigma                ojAlgo-MIP            FAILED                UNSTABLE              
enlight13             SCIP                  OPTIMAL               3.859667ms            
enlight13             ojAlgo-MIP            FAILED                TIMEOUT               
enlight8              SCIP                  OPTIMAL               1.734ms               
enlight8              ojAlgo-MIP            OPTIMAL               990.35125ms           
enlight_hard          SCIP                  OPTIMAL               2.7165ms              
enlight_hard          ojAlgo-MIP            OPTIMAL               13896.550209ms        
exp-1-500-5-5         SCIP                  OPTIMAL               1218.700334ms         
exp-1-500-5-5         ojAlgo-MIP            FAILED                TIMEOUT               
f2gap40400            SCIP                  OPTIMAL               23.1935ms             
f2gap40400            ojAlgo-MIP            OPTIMAL               146.642958ms          
fixnet3               SCIP                  OPTIMAL               14.771916ms           
fixnet3               ojAlgo-MIP            FAILED                TIMEOUT               
fixnet4               SCIP                  OPTIMAL               253.109792ms          
fixnet4               ojAlgo-MIP            FAILED                TIMEOUT               
fixnet6               SCIP                  OPTIMAL               3317.268ms            
fixnet6               ojAlgo-MIP            FAILED                TIMEOUT               
flugpl                SCIP                  OPTIMAL               16.135583ms           
flugpl                ojAlgo-MIP            OPTIMAL               0.890958ms            
gen                   SCIP                  OPTIMAL               10.477708ms           
gen                   ojAlgo-MIP            OPTIMAL               115.2105ms            
gen-ip021             SCIP                  OPTIMAL               173740.057041ms       
gen-ip021             ojAlgo-MIP            OPTIMAL               20422.435208ms        
gen-ip036             SCIP                  OPTIMAL               165160.521542ms       
gen-ip036             ojAlgo-MIP            OPTIMAL               24367.990375ms        
gr4x6                 SCIP                  OPTIMAL               3.324708ms            
gr4x6                 ojAlgo-MIP            OPTIMAL               1.027125ms            
graphdraw-gemcutter   SCIP                  OPTIMAL               52220.382791ms        
graphdraw-gemcutter   ojAlgo-MIP            OPTIMAL               150792.3035ms         
gt2                   SCIP                  OPTIMAL               16.311375ms           
gt2                   ojAlgo-MIP            OPTIMAL               13.826875ms           
ic97_tension          SCIP                  OPTIMAL               5562.441708ms         
ic97_tension          ojAlgo-MIP            FAILED                TIMEOUT               
lseu                  SCIP                  OPTIMAL               233.545375ms          
lseu                  ojAlgo-MIP            OPTIMAL               35.58625ms            
markshare_4_0         SCIP                  OPTIMAL               46636.385584ms        
markshare_4_0         ojAlgo-MIP            OPTIMAL               4515.611916ms         
mas76                 SCIP                  OPTIMAL               24339.782667ms        
mas76                 ojAlgo-MIP            OPTIMAL               3567.331958ms         
mik-250-1-100-1       SCIP                  OPTIMAL               44345.94375ms         
mik-250-1-100-1       ojAlgo-MIP            FAILED                TIMEOUT               
mik-250-20-75-1       SCIP                  OPTIMAL               1559.142375ms         
mik-250-20-75-1       ojAlgo-MIP            FAILED                TIMEOUT               
mik-250-20-75-2       SCIP                  OPTIMAL               3366.183167ms         
mik-250-20-75-2       ojAlgo-MIP            FAILED                TIMEOUT               
mik-250-20-75-3       SCIP                  OPTIMAL               1878.836583ms         
mik-250-20-75-3       ojAlgo-MIP            FAILED                TIMEOUT               
mik-250-20-75-4       SCIP                  OPTIMAL               7984.840125ms         
mik-250-20-75-4       ojAlgo-MIP            FAILED                TIMEOUT               
mik-250-20-75-5       SCIP                  OPTIMAL               2422.27825ms          
mik-250-20-75-5       ojAlgo-MIP            FAILED                TIMEOUT               
misc01                SCIP                  OPTIMAL               121.19675ms           
misc01                ojAlgo-MIP            OPTIMAL               9.644834ms            
misc02                SCIP                  OPTIMAL               143.608084ms          
misc02                ojAlgo-MIP            OPTIMAL               5.596333ms            
misc03                SCIP                  OPTIMAL               942.977958ms          
misc03                ojAlgo-MIP            OPTIMAL               91.454458ms           
misc05                SCIP                  OPTIMAL               432.50425ms           
misc05                ojAlgo-MIP            OPTIMAL               250.624375ms          
misc07                SCIP                  OPTIMAL               1605.355042ms         
misc07                ojAlgo-MIP            OPTIMAL               3887.376041ms         
mod008                SCIP                  OPTIMAL               113.853958ms          
mod008                ojAlgo-MIP            OPTIMAL               72.825291ms           
mod013                SCIP                  OPTIMAL               519.419ms             
mod013                ojAlgo-MIP            OPTIMAL               10.832125ms           
modglob               SCIP                  OPTIMAL               80.514083ms           
modglob               ojAlgo-MIP            FAILED                TIMEOUT               
neos-1425699          SCIP                  OPTIMAL               2.746666ms            
neos-1425699          ojAlgo-MIP            OPTIMAL               0.903541ms            
neos-1430701          SCIP                  OPTIMAL               2092.143958ms         
neos-1430701          ojAlgo-MIP            FAILED                TIMEOUT               
neos-2624317-amur     SCIP                  OPTIMAL               21980.974167ms        
neos-2624317-amur     ojAlgo-MIP            FAILED                TIMEOUT               
neos-3610040-iskar    SCIP                  OPTIMAL               628.956583ms          
neos-3610040-iskar    ojAlgo-MIP            OPTIMAL               150789.183166ms       
neos-3610051-istra    SCIP                  OPTIMAL               938.88075ms           
neos-3610051-istra    ojAlgo-MIP            FAILED                TIMEOUT               
neos-3610173-itata    SCIP                  OPTIMAL               598.978ms             
neos-3610173-itata    ojAlgo-MIP            OPTIMAL               29953.523667ms        
neos-3611447-jijia    SCIP                  OPTIMAL               407.276125ms          
neos-3611447-jijia    ojAlgo-MIP            OPTIMAL               37178.839167ms        
neos-3611689-kaihu    SCIP                  OPTIMAL               491.031042ms          
neos-3611689-kaihu    ojAlgo-MIP            OPTIMAL               35967.751417ms        
neos-5192052-neckar   SCIP                  OPTIMAL               8.176625ms            
neos-5192052-neckar   ojAlgo-MIP            OPTIMAL               2.055917ms            
neos-911880           SCIP                  OPTIMAL               12003.60475ms         
neos-911880           ojAlgo-MIP            FAILED                TIMEOUT               
neos-911970           SCIP                  OPTIMAL               17175.032583ms        
neos-911970           ojAlgo-MIP            FAILED                TIMEOUT               
neos17                SCIP                  OPTIMAL               2462.155291ms         
neos17                ojAlgo-MIP            FAILED                TIMEOUT               
neos5                 SCIP                  OPTIMAL               166609.800459ms       
neos5                 ojAlgo-MIP            FAILED                TIMEOUT               
nexp-50-20-1-1        SCIP                  OPTIMAL               94.779875ms           
nexp-50-20-1-1        ojAlgo-MIP            FAILED                TIMEOUT               
noswot                SCIP                  OPTIMAL               7407.538042ms         
noswot                ojAlgo-MIP            FAILED                TIMEOUT               
opt1217               SCIP                  OPTIMAL               56.397625ms           
opt1217               ojAlgo-MIP            FAILED                UNSTABLE              
p0033                 SCIP                  OPTIMAL               6.00375ms             
p0033                 ojAlgo-MIP            OPTIMAL               2.071334ms            
p0040                 SCIP                  OPTIMAL               1.267583ms            
p0040                 ojAlgo-MIP            OPTIMAL               0.611959ms            
p0201                 SCIP                  OPTIMAL               375.195333ms          
p0201                 ojAlgo-MIP            OPTIMAL               144.873666ms          
p0282                 SCIP                  OPTIMAL               89.3855ms             
p0282                 ojAlgo-MIP            OPTIMAL               77.618166ms           
p0291                 SCIP                  OPTIMAL               6.731958ms            
p0291                 ojAlgo-MIP            OPTIMAL               20.580334ms           
p0548                 SCIP                  OPTIMAL               46.910291ms           
p0548                 ojAlgo-MIP            FAILED                TIMEOUT               
pigeon-08             SCIP                  OPTIMAL               274.123416ms          
pigeon-08             ojAlgo-MIP            OPTIMAL               29711.321459ms        
pipex                 SCIP                  OPTIMAL               33.819791ms           
pipex                 ojAlgo-MIP            OPTIMAL               13.047959ms           
pk1                   SCIP                  OPTIMAL               52879.031833ms        
pk1                   ojAlgo-MIP            OPTIMAL               2942.69325ms          
pp08a                 SCIP                  OPTIMAL               516.069208ms          
pp08a                 ojAlgo-MIP            OPTIMAL               48666.7015ms          
pp08aCUTS             SCIP                  OPTIMAL               845.602125ms          
pp08aCUTS             ojAlgo-MIP            FAILED                TIMEOUT               
prod1                 SCIP                  OPTIMAL               7700.170833ms         
prod1                 ojAlgo-MIP            FAILED                TIMEOUT               
prod2                 SCIP                  OPTIMAL               71434.224625ms        
prod2                 ojAlgo-MIP            FAILED                TIMEOUT               
r50x360               SCIP                  OPTIMAL               20822.796542ms        
r50x360               ojAlgo-MIP            FAILED                TIMEOUT               
ran12x21              SCIP                  OPTIMAL               26050.950666ms        
ran12x21              ojAlgo-MIP            FAILED                TIMEOUT               
ran13x13              SCIP                  OPTIMAL               16562.015625ms        
ran13x13              ojAlgo-MIP            OPTIMAL               127235.68775ms        
ran16x16              SCIP                  OPTIMAL               28973.386042ms        
ran16x16              ojAlgo-MIP            FAILED                TIMEOUT               
rgn                   SCIP                  OPTIMAL               129.145125ms          
rgn                   ojAlgo-MIP            OPTIMAL               68.336625ms           
rout                  SCIP                  OPTIMAL               4403.1595ms           
rout                  ojAlgo-MIP            FAILED                TIMEOUT               
sample2               SCIP                  OPTIMAL               1.975542ms            
sample2               ojAlgo-MIP            OPTIMAL               3.714833ms            
sentoy                SCIP                  OPTIMAL               159.259167ms          
sentoy                ojAlgo-MIP            OPTIMAL               7.849667ms            
set1al                SCIP                  OPTIMAL               39.090541ms           
set1al                ojAlgo-MIP            OPTIMAL               70.994125ms           
set1ch                SCIP                  OPTIMAL               128.461917ms          
set1ch                ojAlgo-MIP            FAILED                TIMEOUT               
set1cl                SCIP                  OPTIMAL               8.988833ms            
set1cl                ojAlgo-MIP            OPTIMAL               20.394084ms           
sp150x300d            SCIP                  OPTIMAL               176.998541ms          
sp150x300d            ojAlgo-MIP            FAILED                TIMEOUT               
stein15               SCIP                  OPTIMAL               15.438709ms           
stein15               ojAlgo-MIP            OPTIMAL               1.089166ms            
stein27               SCIP                  OPTIMAL               93.799166ms           
stein27               ojAlgo-MIP            OPTIMAL               71.579042ms           
stein45               SCIP                  OPTIMAL               7907.115292ms         
stein45               ojAlgo-MIP            OPTIMAL               3221.265625ms         
stein9                SCIP                  OPTIMAL               5.183542ms            
stein9                ojAlgo-MIP            OPTIMAL               0.262833ms            
supportcase14         SCIP                  OPTIMAL               215.835833ms          
supportcase14         ojAlgo-MIP            OPTIMAL               23.22275ms            
supportcase16         SCIP                  OPTIMAL               54.735542ms           
supportcase16         ojAlgo-MIP            OPTIMAL               24.635ms              
timtab1               SCIP                  OPTIMAL               27538.27675ms         
timtab1               ojAlgo-MIP            FAILED                TIMEOUT               
timtab1CUTS           SCIP                  OPTIMAL               51907.75925ms         
timtab1CUTS           ojAlgo-MIP            FAILED                TIMEOUT               
vpm1                  SCIP                  OPTIMAL               9.649833ms            
vpm1                  ojAlgo-MIP            OPTIMAL               28718.452792ms        
vpm2                  SCIP                  OPTIMAL               1039.904291ms         
vpm2                  ojAlgo-MIP            OPTIMAL               148468.703875ms       

Models Solved
=====================================================================
SCIP                  103 / 103             100%                  
ojAlgo-MIP            62 / 103              60%                   
