WARNING: Unknown module: ojalgo specified to --patch-module
WARNING: Unknown module: ojalgo specified to --add-reads
WARNING: A restricted method in java.lang.System has been called
WARNING: java.lang.System::loadLibrary has been called by com.google.ortools.Loader in an unnamed module (file:/Users/apete/.m2/repository/com/google/ortools/ortools-java/9.15.6755/ortools-java-9.15.6755.jar)
WARNING: Use --enable-native-access=ALL-UNNAMED to avoid a warning for callers in this module
WARNING: Restricted methods will be blocked in a future release unless native access is enabled


Environment: 8GB/10threads aarch64 [32GB/10threads, 2MB/10threads, 256kB/1thread, 64kB/1thread]


Iteration 1 with 129 model/solver pairs remaining 2026-03-28T10:40:05.009520Z
-----------------------------------------------------------------------------
PILOT-JA              ojAlgo-LP-dual-D      INFEASIBLE            UNSTABLE              
QAP8                  ojAlgo-LP-dual-S      INFEASIBLE            UNSTABLE              
QAP8                  ojAlgo-LP-dual-D      INFEASIBLE            UNSTABLE              
CRE-A                 ojAlgo-LP-dual-S      INFEASIBLE            UNSTABLE              
WOOD1P                ojAlgo-LP-dual-S      INFEASIBLE            UNSTABLE              
PILOT-JA              ojAlgo-LP-dual-S      INFEASIBLE            UNSTABLE              
CRE-C                 ojAlgo-LP-dual-S      INFEASIBLE            UNSTABLE              
PILOT87               ojAlgo-LP-dual-S      FAILED                TIMEOUT               
PILOT                 ojAlgo-LP-dual-S      UNBOUNDED             UNSTABLE              

Iteration 2 with 120 model/solver pairs remaining 2026-03-28T10:56:51.878047Z
-----------------------------------------------------------------------------

Iteration 3 with 120 model/solver pairs remaining 2026-03-28T11:07:30.575479Z
-----------------------------------------------------------------------------
SHIP04S               ojAlgo-LP-dual-S      Time stable           20.772958ms           1798714.7004453917    
STANDATA              ojAlgo-LP-dual-D      Time stable           2.184958ms            1257.6994999999997    
SHIP08S               ojAlgo-LP-dual-S      Time stable           34.238791ms           1920098.2105346194    
SCSD6                 ojAlgo-LP-dual-S      Time stable           19.566542ms           50.5000000771471      
CRE-A                 ORTools               Time stable           121.090333ms          2.359540706097161E7   
MODSZK1               ojAlgo-LP-dual-S      Time stable           223.748541ms          320.6197290659631     
MAROS                 ojAlgo-LP-dual-S      Time stable           604.396625ms          -58063.74370113055    
STANDATA              ojAlgo-LP-dual-S      Time stable           3.506ms               1257.6994999999997    
SHIP04S               ojAlgo-LP-dual-D      Time stable           6.147791ms            1798714.7004453917    
SCSD6                 ojAlgo-LP-dual-D      Time stable           16.933083ms           50.50000007714448     
SHIP08S               ojAlgo-LP-dual-D      Time stable           10.763708ms           1920098.2105346194    
CYCLE                 ojAlgo-LP-dual-D      Time stable           4759.99125ms          13507.162244116309    
25FV47                ORTools               Time stable           101.4325ms            5501.84588828675      
MODSZK1               ojAlgo-LP-dual-D      Time stable           314.737334ms          320.6197290577285     
WOOD1P                ORTools               Time stable           44.101542ms           1.44290241157341      
SCSD6                 ORTools               Time stable           7.068125ms            50.50000007714429     
CYCLE                 ojAlgo-LP-dual-S      Time stable           13605.1925ms          -5.226393024894195    
SCRS8                 ojAlgo-LP-dual-D      Time stable           38.496625ms           904.2969538007895     
CRE-C                 ojAlgo-LP-dual-D      Time stable           547.894708ms          2.527511614088023E7   
GFRD-PNC              ojAlgo-LP-dual-D      Time stable           33.734375ms           6902235.999548807     
PILOT-JA              ORTools               Time stable           109.405708ms          -6113.1364655813495   
SHIP12S               ojAlgo-LP-dual-S      Time stable           51.604417ms           1489236.1344061291    
SHIP12S               ojAlgo-LP-dual-D      Time stable           14.115625ms           1489236.1344061291    
SIERRA                ORTools               Time stable           13.937291ms           1.539436218363193E7   
DEGEN3                ojAlgo-LP-dual-S      Time stable           5999.062875ms         -987.2940000000044    
SHIP12S               ORTools               Time stable           9.083584ms            1489236.1344061291    
SHELL                 ojAlgo-LP-dual-S      Time stable           48.480125ms           1.208825346E9         
PILOT-WE              ojAlgo-LP-dual-D      Time stable           1276.276625ms         -2720111.385240721    
DEGEN3                ORTools               Time stable           189.215125ms          -987.2940000000001    
SCSD8                 ojAlgo-LP-dual-S      Time stable           299.003875ms          904.9999999256288     
STANDMPS              ORTools               Time stable           5.228167ms            1406.0175             
SHELL                 ojAlgo-LP-dual-D      Time stable           12.597541ms           1.208825346E9         
SCFXM3                ojAlgo-LP-dual-D      Time stable           121.635125ms          54901.254549751306    
CZPROB                ojAlgo-LP-dual-D      Time stable           104.880708ms          2185196.698856572     
SCSD8                 ojAlgo-LP-dual-D      Time stable           239.057333ms          904.9999999255087     
SCRS8                 ojAlgo-LP-dual-S      Time stable           94.901167ms           904.2969538011463     
SHIP04S               ORTools               Time stable           4.881208ms            1798714.7004453924    
CYCLE                 ORTools               Time stable           39.807458ms           -5.2263930248941      
STOCFOR2              ORTools               Time stable           24.647042ms           -39024.40853788204    
GFRD-PNC              ojAlgo-LP-dual-S      Time stable           80.615375ms           6902235.99954881      
SEBA                  ojAlgo-LP-dual-S      Time stable           123.66ms              15711.600000000006    
KEN-07                ORTools               Time stable           24.833125ms           -6.79520443381687E8   
GANGES                ORTools               Time stable           13.516084ms           -109585.7361292784    
STANDGUB              ojAlgo-LP-dual-D      Time stable           2.092958ms            1257.6994999999997    
CZPROB                ojAlgo-LP-dual-S      Time stable           284.6915ms            2185196.6988566434    
FIT1P                 ojAlgo-LP-dual-D      Time stable           568.122667ms          9146.378092420959     
SHIP08L               ORTools               Time stable           16.536458ms           1909055.2113891316    
PILOT4                ojAlgo-LP-dual-S      Time stable           617.990333ms          -2581.139258883893    
NESM                  ORTools               Time stable           64.137875ms           1.4076036487562722E7  
SHIP04L               ORTools               Time stable           7.098708ms            1793324.5379703557    
PEROLD                ojAlgo-LP-dual-D      Time stable           595.095291ms          -9380.7719634293      
SEBA                  ojAlgo-LP-dual-D      Time stable           31.335ms              15711.599999999886    
PILOT-WE              ojAlgo-LP-dual-S      Time stable           6315.037167ms         -2720107.532844942    
FIT1P                 ojAlgo-LP-dual-S      Time stable           324.5235ms            9146.378092420948     
FIT1D                 ORTools               Time stable           20.676292ms           -9146.37809242093     
MAROS                 ojAlgo-LP-dual-D      Time stable           194.613458ms          -58063.74370113237    
BNL1                  ORTools               Time stable           36.368709ms           1977.629561522887     
PILOT4                ojAlgo-LP-dual-D      Time stable           121.771209ms          -2581.1392589365596   
SCTAP2                ORTools               Time stable           9.688ms               1724.807142857143     
PEROLD                ojAlgo-LP-dual-S      Time stable           2901.308875ms         -9380.755278235165    
PILOTNOV              ojAlgo-LP-dual-D      Time stable           2309.716917ms         -4.870909947743083E17 
FIT1D                 ojAlgo-LP-dual-S      Time stable           44.013917ms           -9146.378092420917    
BNL2                  ORTools               Time stable           90.847042ms           1811.2365403585452    
SCTAP3                ojAlgo-LP-dual-S      Time stable           708.033791ms          1424.0000000000066    
GANGES                ojAlgo-LP-dual-S      Time stable           601.675042ms          -109585.736129278     
PILOT                 ORTools               Time stable           779.508625ms          -557.4897292730852    
SCFXM3                ORTools               Time stable           26.354958ms           54901.254549751444    
PILOTNOV              ojAlgo-LP-dual-S      Time stable           8838.808334ms         -4497.276188218871    
CZPROB                ORTools               Time stable           25.33025ms            2185196.6988565777    
SCTAP3                ORTools               Time stable           16.828625ms           1424.0000000000002    
SCFXM3                ojAlgo-LP-dual-S      Time stable           623.745208ms          54901.25454975146     
SIERRA                ojAlgo-LP-dual-S      Time stable           208.714416ms          1.5394362183631929E7  
PILOTNOV              ORTools               Time stable           60.551042ms           -4497.27618821887     
PILOT87               ORTools               Time stable           2311.634375ms         301.7103473330999     
SCTAP2                ojAlgo-LP-dual-D      Time stable           74.401834ms           1724.8071428571448    
25FV47                ojAlgo-LP-dual-S      Time stable           5828.734291ms         5501.8458882867635    
CRE-C                 ORTools               Time stable           109.019625ms          2.5275116140880212E7  
STANDATA              ORTools               Time stable           3.262542ms            1257.6995             
GFRD-PNC              ORTools               Time stable           9.521917ms            6902235.9995488105    
MODSZK1               ORTools               Time stable           18.97525ms            320.6197290631776     
SCRS8                 ORTools               Time stable           11.418833ms           904.2969538007912     
KEN-07                ojAlgo-LP-dual-S      Time stable           1574.558166ms         -6.79520443381687E8   
BNL2                  ojAlgo-LP-dual-S      Time stable           5725.452875ms         1811.236540358545     
STOCFOR2              ojAlgo-LP-dual-S      Time stable           1776.649166ms         -39024.40853788223    
25FV47                ojAlgo-LP-dual-D      Time stable           1588.68775ms          5501.845888301332     
SHIP04L               ojAlgo-LP-dual-S      Time stable           34.28825ms            1793324.5379703557    
SHIP08L               ojAlgo-LP-dual-S      Time stable           91.5685ms             1909055.2113891314    
WOOD1P                ojAlgo-LP-dual-D      Time stable           421.727209ms          0.0                   
BNL1                  ojAlgo-LP-dual-D      Time stable           124.120834ms          1977.6295614993098    
QAP8                  ORTools               Time stable           179.712292ms          203.50000000000878    
SCSD8                 ORTools               Time stable           24.848291ms           904.9999999254643     
FIT1P                 ORTools               Time stable           19.655083ms           9146.378092420928     
GANGES                ojAlgo-LP-dual-D      Time stable           110.455916ms          -109585.73612927813   
KEN-07                ojAlgo-LP-dual-D      Time stable           166.963459ms          -6.79520443381687E8   
PEROLD                ORTools               Time stable           51.555ms              -9380.755278235429    
CRE-A                 ojAlgo-LP-dual-D      Time stable           952.536583ms          2.3595407060970798E7  
SHIP04L               ojAlgo-LP-dual-D      Time stable           10.220833ms           1793324.5379703555    
NESM                  ojAlgo-LP-dual-S      Time stable           1732.050041ms         1.407603648756269E7   
SHIP08L               ojAlgo-LP-dual-D      Time stable           26.752583ms           1909055.2113891311    
STANDMPS              ojAlgo-LP-dual-D      Time stable           4.682208ms            1406.017499999999     
SCTAP2                ojAlgo-LP-dual-S      Time stable           290.797583ms          1724.807142857151     
BNL1                  ojAlgo-LP-dual-S      Time stable           571.348542ms          1977.629561522887     
PILOT-WE              ORTools               Time stable           62.745292ms           -2720107.532844969    
SEBA                  ORTools               Time stable           2.586875ms            15711.6               
PILOT4                ORTools               Time stable           22.687625ms           -2581.1392588838853   
STANDMPS              ojAlgo-LP-dual-S      Time stable           13.02925ms            1406.017499999999     
MAROS                 ORTools               Time stable           25.345416ms           -58063.74370112621    
FIT1D                 ojAlgo-LP-dual-D      Time stable           24.412709ms           -9146.378092420955    
NESM                  ojAlgo-LP-dual-D      Time stable           1228.862917ms         1.4076036487562696E7  

Iteration 4 with 11 model/solver pairs remaining 2026-03-28T11:18:23.895960Z
-----------------------------------------------------------------------------
STANDGUB              ojAlgo-LP-dual-S      Time stable           3.306875ms            1257.6994999999997    
PILOT87               ojAlgo-LP-dual-D      Time stable           63845.269791ms        1.5949809506600495E7  
SIERRA                ojAlgo-LP-dual-D      Time stable           30.66425ms            1.539436218363193E7   
BNL2                  ojAlgo-LP-dual-D      Time stable           4352.3625ms           1811.2365403585488    
STANDGUB              ORTools               Time stable           3.357917ms            1257.6995             
STOCFOR2              ojAlgo-LP-dual-D      Time stable           2572.124459ms         -39024.40853788098    
SCTAP3                ojAlgo-LP-dual-D      Time stable           263.121083ms          1423.999999999987     
SHELL                 ORTools               Time stable           8.257541ms            1.208825346E9         

Iteration 5 with 3 model/solver pairs remaining 2026-03-28T11:21:53.563456Z
-----------------------------------------------------------------------------
DEGEN3                ojAlgo-LP-dual-D      Time stable           2447.053167ms         -987.294000000005     
SHIP08S               ORTools               Time stable           8.287167ms            1920098.2105346196    

Iteration 6 with 1 model/solver pairs remaining 2026-03-28T11:23:28.262997Z
-----------------------------------------------------------------------------
PILOT                 ojAlgo-LP-dual-D      Time stable           15352.174459ms        -2.3013487498634953E20

Final Results
=====================================================================
25FV47                ORTools               OPTIMAL               101.4325ms            
25FV47                ojAlgo-LP-dual-D      OPTIMAL               1588.68775ms          
25FV47                ojAlgo-LP-dual-S      OPTIMAL               5828.734291ms         
BNL1                  ORTools               OPTIMAL               36.368709ms           
BNL1                  ojAlgo-LP-dual-D      OPTIMAL               124.120834ms          
BNL1                  ojAlgo-LP-dual-S      OPTIMAL               571.348542ms          
BNL2                  ORTools               OPTIMAL               90.847042ms           
BNL2                  ojAlgo-LP-dual-D      OPTIMAL               4352.3625ms           
BNL2                  ojAlgo-LP-dual-S      OPTIMAL               5725.452875ms         
CRE-A                 ORTools               OPTIMAL               121.090333ms          
CRE-A                 ojAlgo-LP-dual-D      OPTIMAL               952.536583ms          
CRE-A                 ojAlgo-LP-dual-S      FAILED                UNSTABLE              
CRE-C                 ORTools               OPTIMAL               109.019625ms          
CRE-C                 ojAlgo-LP-dual-D      OPTIMAL               547.894708ms          
CRE-C                 ojAlgo-LP-dual-S      FAILED                UNSTABLE              
CYCLE                 ORTools               OPTIMAL               39.807458ms           
CYCLE                 ojAlgo-LP-dual-D      FAILED                WRONG                 
CYCLE                 ojAlgo-LP-dual-S      OPTIMAL               13605.1925ms          
CZPROB                ORTools               OPTIMAL               25.33025ms            
CZPROB                ojAlgo-LP-dual-D      OPTIMAL               104.880708ms          
CZPROB                ojAlgo-LP-dual-S      OPTIMAL               284.6915ms            
DEGEN3                ORTools               OPTIMAL               189.215125ms          
DEGEN3                ojAlgo-LP-dual-D      OPTIMAL               2447.053167ms         
DEGEN3                ojAlgo-LP-dual-S      OPTIMAL               5999.062875ms         
FIT1D                 ORTools               OPTIMAL               20.676292ms           
FIT1D                 ojAlgo-LP-dual-D      OPTIMAL               24.412709ms           
FIT1D                 ojAlgo-LP-dual-S      OPTIMAL               44.013917ms           
FIT1P                 ORTools               OPTIMAL               19.655083ms           
FIT1P                 ojAlgo-LP-dual-D      OPTIMAL               568.122667ms          
FIT1P                 ojAlgo-LP-dual-S      OPTIMAL               324.5235ms            
GANGES                ORTools               OPTIMAL               13.516084ms           
GANGES                ojAlgo-LP-dual-D      OPTIMAL               110.455916ms          
GANGES                ojAlgo-LP-dual-S      OPTIMAL               601.675042ms          
GFRD-PNC              ORTools               OPTIMAL               9.521917ms            
GFRD-PNC              ojAlgo-LP-dual-D      OPTIMAL               33.734375ms           
GFRD-PNC              ojAlgo-LP-dual-S      OPTIMAL               80.615375ms           
KEN-07                ORTools               OPTIMAL               24.833125ms           
KEN-07                ojAlgo-LP-dual-D      OPTIMAL               166.963459ms          
KEN-07                ojAlgo-LP-dual-S      OPTIMAL               1574.558166ms         
MAROS                 ORTools               OPTIMAL               25.345416ms           
MAROS                 ojAlgo-LP-dual-D      OPTIMAL               194.613458ms          
MAROS                 ojAlgo-LP-dual-S      OPTIMAL               604.396625ms          
MODSZK1               ORTools               OPTIMAL               18.97525ms            
MODSZK1               ojAlgo-LP-dual-D      OPTIMAL               314.737334ms          
MODSZK1               ojAlgo-LP-dual-S      OPTIMAL               223.748541ms          
NESM                  ORTools               OPTIMAL               64.137875ms           
NESM                  ojAlgo-LP-dual-D      OPTIMAL               1228.862917ms         
NESM                  ojAlgo-LP-dual-S      OPTIMAL               1732.050041ms         
PEROLD                ORTools               OPTIMAL               51.555ms              
PEROLD                ojAlgo-LP-dual-D      OPTIMAL               595.095291ms          
PEROLD                ojAlgo-LP-dual-S      OPTIMAL               2901.308875ms         
PILOT                 ORTools               OPTIMAL               779.508625ms          
PILOT                 ojAlgo-LP-dual-D      FAILED                WRONG                 
PILOT                 ojAlgo-LP-dual-S      FAILED                UNSTABLE              
PILOT-JA              ORTools               OPTIMAL               109.405708ms          
PILOT-JA              ojAlgo-LP-dual-D      FAILED                UNSTABLE              
PILOT-JA              ojAlgo-LP-dual-S      FAILED                UNSTABLE              
PILOT-WE              ORTools               OPTIMAL               62.745292ms           
PILOT-WE              ojAlgo-LP-dual-D      OPTIMAL               1276.276625ms         
PILOT-WE              ojAlgo-LP-dual-S      OPTIMAL               6315.037167ms         
PILOT4                ORTools               OPTIMAL               22.687625ms           
PILOT4                ojAlgo-LP-dual-D      OPTIMAL               121.771209ms          
PILOT4                ojAlgo-LP-dual-S      OPTIMAL               617.990333ms          
PILOT87               ORTools               OPTIMAL               2311.634375ms         
PILOT87               ojAlgo-LP-dual-D      FAILED                WRONG                 
PILOT87               ojAlgo-LP-dual-S      FAILED                TIMEOUT               
PILOTNOV              ORTools               OPTIMAL               60.551042ms           
PILOTNOV              ojAlgo-LP-dual-D      FAILED                WRONG                 
PILOTNOV              ojAlgo-LP-dual-S      OPTIMAL               8838.808334ms         
QAP8                  ORTools               OPTIMAL               179.712292ms          
QAP8                  ojAlgo-LP-dual-D      FAILED                UNSTABLE              
QAP8                  ojAlgo-LP-dual-S      FAILED                UNSTABLE              
SCFXM3                ORTools               OPTIMAL               26.354958ms           
SCFXM3                ojAlgo-LP-dual-D      OPTIMAL               121.635125ms          
SCFXM3                ojAlgo-LP-dual-S      OPTIMAL               623.745208ms          
SCRS8                 ORTools               OPTIMAL               11.418833ms           
SCRS8                 ojAlgo-LP-dual-D      OPTIMAL               38.496625ms           
SCRS8                 ojAlgo-LP-dual-S      OPTIMAL               94.901167ms           
SCSD6                 ORTools               OPTIMAL               7.068125ms            
SCSD6                 ojAlgo-LP-dual-D      OPTIMAL               16.933083ms           
SCSD6                 ojAlgo-LP-dual-S      OPTIMAL               19.566542ms           
SCSD8                 ORTools               OPTIMAL               24.848291ms           
SCSD8                 ojAlgo-LP-dual-D      OPTIMAL               239.057333ms          
SCSD8                 ojAlgo-LP-dual-S      OPTIMAL               299.003875ms          
SCTAP2                ORTools               OPTIMAL               9.688ms               
SCTAP2                ojAlgo-LP-dual-D      OPTIMAL               74.401834ms           
SCTAP2                ojAlgo-LP-dual-S      OPTIMAL               290.797583ms          
SCTAP3                ORTools               OPTIMAL               16.828625ms           
SCTAP3                ojAlgo-LP-dual-D      OPTIMAL               263.121083ms          
SCTAP3                ojAlgo-LP-dual-S      OPTIMAL               708.033791ms          
SEBA                  ORTools               OPTIMAL               2.586875ms            
SEBA                  ojAlgo-LP-dual-D      OPTIMAL               31.335ms              
SEBA                  ojAlgo-LP-dual-S      OPTIMAL               123.66ms              
SHELL                 ORTools               OPTIMAL               8.257541ms            
SHELL                 ojAlgo-LP-dual-D      OPTIMAL               12.597541ms           
SHELL                 ojAlgo-LP-dual-S      OPTIMAL               48.480125ms           
SHIP04L               ORTools               OPTIMAL               7.098708ms            
SHIP04L               ojAlgo-LP-dual-D      OPTIMAL               10.220833ms           
SHIP04L               ojAlgo-LP-dual-S      OPTIMAL               34.28825ms            
SHIP04S               ORTools               OPTIMAL               4.881208ms            
SHIP04S               ojAlgo-LP-dual-D      OPTIMAL               6.147791ms            
SHIP04S               ojAlgo-LP-dual-S      OPTIMAL               20.772958ms           
SHIP08L               ORTools               OPTIMAL               16.536458ms           
SHIP08L               ojAlgo-LP-dual-D      OPTIMAL               26.752583ms           
SHIP08L               ojAlgo-LP-dual-S      OPTIMAL               91.5685ms             
SHIP08S               ORTools               OPTIMAL               8.287167ms            
SHIP08S               ojAlgo-LP-dual-D      OPTIMAL               10.763708ms           
SHIP08S               ojAlgo-LP-dual-S      OPTIMAL               34.238791ms           
SHIP12S               ORTools               OPTIMAL               9.083584ms            
SHIP12S               ojAlgo-LP-dual-D      OPTIMAL               14.115625ms           
SHIP12S               ojAlgo-LP-dual-S      OPTIMAL               51.604417ms           
SIERRA                ORTools               OPTIMAL               13.937291ms           
SIERRA                ojAlgo-LP-dual-D      OPTIMAL               30.66425ms            
SIERRA                ojAlgo-LP-dual-S      OPTIMAL               208.714416ms          
STANDATA              ORTools               OPTIMAL               3.262542ms            
STANDATA              ojAlgo-LP-dual-D      OPTIMAL               2.184958ms            
STANDATA              ojAlgo-LP-dual-S      OPTIMAL               3.506ms               
STANDGUB              ORTools               OPTIMAL               3.357917ms            
STANDGUB              ojAlgo-LP-dual-D      OPTIMAL               2.092958ms            
STANDGUB              ojAlgo-LP-dual-S      OPTIMAL               3.306875ms            
STANDMPS              ORTools               OPTIMAL               5.228167ms            
STANDMPS              ojAlgo-LP-dual-D      OPTIMAL               4.682208ms            
STANDMPS              ojAlgo-LP-dual-S      OPTIMAL               13.02925ms            
STOCFOR2              ORTools               OPTIMAL               24.647042ms           
STOCFOR2              ojAlgo-LP-dual-D      OPTIMAL               2572.124459ms         
STOCFOR2              ojAlgo-LP-dual-S      OPTIMAL               1776.649166ms         
WOOD1P                ORTools               OPTIMAL               44.101542ms           
WOOD1P                ojAlgo-LP-dual-D      FAILED                WRONG                 
WOOD1P                ojAlgo-LP-dual-S      FAILED                UNSTABLE              
