WARNING: Unknown module: ojalgo specified to --patch-module
WARNING: Unknown module: ojalgo specified to --add-reads
WARNING: A restricted method in java.lang.System has been called
WARNING: java.lang.System::loadLibrary has been called by com.google.ortools.Loader in an unnamed module (file:/Users/apete/.m2/repository/com/google/ortools/ortools-java/9.15.6755/ortools-java-9.15.6755.jar)
WARNING: Use --enable-native-access=ALL-UNNAMED to avoid a warning for callers in this module
WARNING: Restricted methods will be blocked in a future release unless native access is enabled


Environment: 8GB/10threads aarch64 [32GB/10threads, 2MB/10threads, 256kB/1thread, 64kB/1thread]


Iteration 1 with 33 model/solver pairs remaining 2026-03-26T21:58:30.097995Z
-----------------------------------------------------------------------------
QAP12                 ojAlgo-LP-dual-D      INFEASIBLE            UNSTABLE              
D2Q06C                ojAlgo-LP-dual-D      INFEASIBLE            UNSTABLE              
D2Q06C                ojAlgo-LP-dual-S      INFEASIBLE            UNSTABLE              
GREENBEA              ojAlgo-LP-dual-D      UNBOUNDED             UNSTABLE              
GREENBEA              ojAlgo-LP-dual-S      FAILED                TIMEOUT               
GREENBEB              ojAlgo-LP-dual-S      UNBOUNDED             UNSTABLE              
MAROS-R7              ojAlgo-LP-dual-S      FAILED                TIMEOUT               
QAP12                 ojAlgo-LP-dual-S      INFEASIBLE            UNSTABLE              

Iteration 2 with 25 model/solver pairs remaining 2026-03-26T22:09:21.238625Z
-----------------------------------------------------------------------------

Iteration 3 with 25 model/solver pairs remaining 2026-03-26T22:13:46.918230Z
-----------------------------------------------------------------------------
TRUSS                 ORTools               Time stable           429.14175ms           458815.84718561685    
80BAU3B               ojAlgo-LP-dual-S      Time stable           26764.982208ms        987224.1924090908     
80BAU3B               ORTools               Time stable           259.894416ms          987224.1924090903     
PDS-02                ORTools               Time stable           64.208667ms           2.885786201E10        
QAP12                 ORTools               Time stable           24519.227458ms        522.8943505591718     
WOODW                 ojAlgo-LP-dual-S      Time stable           1550.354625ms         1.30447633226937      

Iteration 4 with 19 model/solver pairs remaining 2026-03-26T22:18:24.969417Z
-----------------------------------------------------------------------------
SHIP12L               ORTools               Time stable           27.422583ms           1470187.919329265     
MAROS-R7              ojAlgo-LP-dual-D      Time stable           93761.660292ms        1497185.166441149     

Iteration 5 with 17 model/solver pairs remaining 2026-03-26T22:22:18.298344Z
-----------------------------------------------------------------------------
SHIP12L               ojAlgo-LP-dual-D      Time stable           55.216209ms           1470187.9193292651    
PDS-02                ojAlgo-LP-dual-D      Time stable           439.9285ms            2.885786201E10        
WOODW                 ORTools               Time stable           94.68525ms            1.30447633308422      
GREENBEB              ojAlgo-LP-dual-D      Time stable           25503.077333ms        5.102516122950886E25  

Iteration 6 with 13 model/solver pairs remaining 2026-03-26T22:25:25.842515Z
-----------------------------------------------------------------------------
TRUSS                 ojAlgo-LP-dual-S      Time stable           7733.923208ms         4228460.681131166     

Iteration 7 with 12 model/solver pairs remaining 2026-03-26T22:27:49.793736Z
-----------------------------------------------------------------------------
80BAU3B               ojAlgo-LP-dual-D      Time stable           18996.727459ms        987224.1924090802     

Iteration 8 with 11 model/solver pairs remaining 2026-03-26T22:30:02.429786Z
-----------------------------------------------------------------------------
GREENBEB              ORTools               Time stable           238.073959ms          -4302260.261206587    
D6CUBE                ORTools               Time stable           601.98225ms           315.49166666667315    
D6CUBE                ojAlgo-LP-dual-D      Time stable           608.82275ms           315.49166666668094    
GREENBEA              ORTools               Time stable           429.402667ms          -7.255524812984598E7  
D2Q06C                ORTools               Time stable           699.14875ms           122784.21081418857    
WOODW                 ojAlgo-LP-dual-D      Time stable           2404.750333ms         1.30447633308422      
PDS-02                ojAlgo-LP-dual-S      Time stable           11701.202375ms        2.885786201E10        
TRUSS                 ojAlgo-LP-dual-D      Time stable           22008.588542ms        3026347.25918479      

Iteration 9 with 3 model/solver pairs remaining 2026-03-26T22:31:22.203867Z
-----------------------------------------------------------------------------

Iteration 10 with 3 model/solver pairs remaining 2026-03-26T22:31:24.868275Z
-----------------------------------------------------------------------------
D6CUBE                ojAlgo-LP-dual-S      Time stable           462.663584ms          315.4916666689285     
MAROS-R7              ORTools               Time stable           691.911542ms          1497185.1664800502    

Iteration 11 with 1 model/solver pairs remaining 2026-03-26T22:31:28.195499Z
-----------------------------------------------------------------------------

Iteration 12 with 1 model/solver pairs remaining 2026-03-26T22:31:28.958492Z
-----------------------------------------------------------------------------
SHIP12L               ojAlgo-LP-dual-S      Time stable           240.588ms             1470187.9193292647    

Final Results
=====================================================================
80BAU3B               ORTools               OPTIMAL               259.894416ms          
80BAU3B               ojAlgo-LP-dual-D      OPTIMAL               18996.727459ms        
80BAU3B               ojAlgo-LP-dual-S      OPTIMAL               26764.982208ms        
D2Q06C                ORTools               OPTIMAL               699.14875ms           
D2Q06C                ojAlgo-LP-dual-D      FAILED                UNSTABLE              
D2Q06C                ojAlgo-LP-dual-S      FAILED                UNSTABLE              
D6CUBE                ORTools               OPTIMAL               601.98225ms           
D6CUBE                ojAlgo-LP-dual-D      OPTIMAL               608.82275ms           
D6CUBE                ojAlgo-LP-dual-S      OPTIMAL               462.663584ms          
GREENBEA              ORTools               OPTIMAL               429.402667ms          
GREENBEA              ojAlgo-LP-dual-D      FAILED                UNSTABLE              
GREENBEA              ojAlgo-LP-dual-S      FAILED                TIMEOUT               
GREENBEB              ORTools               OPTIMAL               238.073959ms          
GREENBEB              ojAlgo-LP-dual-D      FAILED                WRONG                 
GREENBEB              ojAlgo-LP-dual-S      FAILED                UNSTABLE              
MAROS-R7              ORTools               OPTIMAL               691.911542ms          
MAROS-R7              ojAlgo-LP-dual-D      OPTIMAL               93761.660292ms        
MAROS-R7              ojAlgo-LP-dual-S      FAILED                TIMEOUT               
PDS-02                ORTools               OPTIMAL               64.208667ms           
PDS-02                ojAlgo-LP-dual-D      OPTIMAL               439.9285ms            
PDS-02                ojAlgo-LP-dual-S      OPTIMAL               11701.202375ms        
QAP12                 ORTools               OPTIMAL               24519.227458ms        
QAP12                 ojAlgo-LP-dual-D      FAILED                UNSTABLE              
QAP12                 ojAlgo-LP-dual-S      FAILED                UNSTABLE              
SHIP12L               ORTools               OPTIMAL               27.422583ms           
SHIP12L               ojAlgo-LP-dual-D      OPTIMAL               55.216209ms           
SHIP12L               ojAlgo-LP-dual-S      OPTIMAL               240.588ms             
TRUSS                 ORTools               OPTIMAL               429.14175ms           
TRUSS                 ojAlgo-LP-dual-D      FAILED                WRONG                 
TRUSS                 ojAlgo-LP-dual-S      FAILED                WRONG                 
WOODW                 ORTools               OPTIMAL               94.68525ms            
WOODW                 ojAlgo-LP-dual-D      OPTIMAL               2404.750333ms         
WOODW                 ojAlgo-LP-dual-S      OPTIMAL               1550.354625ms         
