WARNING: Unknown module: ojalgo specified to --patch-module
WARNING: Unknown module: ojalgo specified to --add-reads
WARNING: A restricted method in java.lang.System has been called
WARNING: java.lang.System::loadLibrary has been called by com.google.ortools.Loader in an unnamed module (file:/Users/apete/.m2/repository/com/google/ortools/ortools-java/9.15.6755/ortools-java-9.15.6755.jar)
WARNING: Use --enable-native-access=ALL-UNNAMED to avoid a warning for callers in this module
WARNING: Restricted methods will be blocked in a future release unless native access is enabled


Environment: 8GB/10threads aarch64 [32GB/10threads, 2MB/10threads, 256kB/1thread, 64kB/1thread]


Iteration 1 with 33 model/solver pairs remaining 2026-03-26T22:37:45.438879Z
-----------------------------------------------------------------------------
QAP12                 ojAlgo-LP-dual-D      INFEASIBLE            UNSTABLE              
D2Q06C                ojAlgo-LP-dual-D      INFEASIBLE            UNSTABLE              
GREENBEA              ojAlgo-LP-dual-D      UNBOUNDED             UNSTABLE              
GREENBEA              ojAlgo-LP-dual-S      FAILED                TIMEOUT               
D2Q06C                ojAlgo-LP-dual-S      FAILED                TIMEOUT               
MAROS-R7              ojAlgo-LP-dual-S      FAILED                TIMEOUT               
GREENBEB              ojAlgo-LP-dual-S      FAILED                TIMEOUT               
QAP12                 ojAlgo-LP-dual-S      INFEASIBLE            UNSTABLE              

Iteration 2 with 25 model/solver pairs remaining 2026-03-26T22:50:17.623519Z
-----------------------------------------------------------------------------

Iteration 3 with 25 model/solver pairs remaining 2026-03-26T22:54:26.294Z
-----------------------------------------------------------------------------
PDS-02                ojAlgo-LP-dual-D      Time stable           477.942584ms          2.885786201E10        
TRUSS                 ORTools               Time stable           390.162584ms          458815.84718561685    
QAP12                 ORTools               Time stable           24524.793625ms        522.8943505591718     
PDS-02                ORTools               Time stable           65.567708ms           2.885786201E10        
WOODW                 ojAlgo-LP-dual-S      Time stable           1564.025125ms         1.30447633307657      
MAROS-R7              ojAlgo-LP-dual-D      Time stable           69085.898209ms        1497185.166441149     
80BAU3B               ojAlgo-LP-dual-D      Time stable           22779.529875ms        987224.1924090802     

Iteration 4 with 18 model/solver pairs remaining 2026-03-26T22:58:53.506985Z
-----------------------------------------------------------------------------
GREENBEB              ORTools               Time stable           237.129583ms          -4302260.261206587    
D6CUBE                ORTools               Time stable           623.372459ms          315.49166666667315    
WOODW                 ojAlgo-LP-dual-D      Time stable           2424.210542ms         1.30447633308422      
SHIP12L               ojAlgo-LP-dual-D      Time stable           49.860584ms           1470187.9193292651    
D6CUBE                ojAlgo-LP-dual-D      Time stable           604.127833ms          315.49166666668094    
GREENBEA              ORTools               Time stable           394.486666ms          -7.255524812984598E7  
D2Q06C                ORTools               Time stable           665.741167ms          122784.21081418857    
SHIP12L               ojAlgo-LP-dual-S      Time stable           408.616708ms          1470187.919329265     
WOODW                 ORTools               Time stable           77.331125ms           1.30447633308422      
80BAU3B               ORTools               Time stable           281.368084ms          987224.1924090903     
PDS-02                ojAlgo-LP-dual-S      Time stable           10024.221542ms        2.885786201E10        
TRUSS                 ojAlgo-LP-dual-D      Time stable           22489.845834ms        3026347.25918479      
80BAU3B               ojAlgo-LP-dual-S      Time stable           20491.772458ms        987224.1924090902     
GREENBEB              ojAlgo-LP-dual-D      Time stable           25382.946791ms        5.102516122950886E25  

Iteration 5 with 4 model/solver pairs remaining 2026-03-26T23:02:19.230321Z
-----------------------------------------------------------------------------
D6CUBE                ojAlgo-LP-dual-S      Time stable           432.098125ms          315.491666668072      
TRUSS                 ojAlgo-LP-dual-S      Time stable           7303.05375ms          1.1727033852555085E7  

Iteration 6 with 2 model/solver pairs remaining 2026-03-26T23:03:41.681411Z
-----------------------------------------------------------------------------
MAROS-R7              ORTools               Time stable           700.491958ms          1497185.1664800502    

Iteration 7 with 1 model/solver pairs remaining 2026-03-26T23:03:44.166428Z
-----------------------------------------------------------------------------

Iteration 8 with 1 model/solver pairs remaining 2026-03-26T23:03:44.283518Z
-----------------------------------------------------------------------------
SHIP12L               ORTools               Time stable           21.771417ms           1470187.919329265     

Final Results
=====================================================================
80BAU3B               ORTools               OPTIMAL               281.368084ms          
80BAU3B               ojAlgo-LP-dual-D      OPTIMAL               22779.529875ms        
80BAU3B               ojAlgo-LP-dual-S      OPTIMAL               20491.772458ms        
D2Q06C                ORTools               OPTIMAL               665.741167ms          
D2Q06C                ojAlgo-LP-dual-D      FAILED                UNSTABLE              
D2Q06C                ojAlgo-LP-dual-S      FAILED                TIMEOUT               
D6CUBE                ORTools               OPTIMAL               623.372459ms          
D6CUBE                ojAlgo-LP-dual-D      OPTIMAL               604.127833ms          
D6CUBE                ojAlgo-LP-dual-S      OPTIMAL               432.098125ms          
GREENBEA              ORTools               OPTIMAL               394.486666ms          
GREENBEA              ojAlgo-LP-dual-D      FAILED                UNSTABLE              
GREENBEA              ojAlgo-LP-dual-S      FAILED                TIMEOUT               
GREENBEB              ORTools               OPTIMAL               237.129583ms          
GREENBEB              ojAlgo-LP-dual-D      FAILED                WRONG                 
GREENBEB              ojAlgo-LP-dual-S      FAILED                TIMEOUT               
MAROS-R7              ORTools               OPTIMAL               700.491958ms          
MAROS-R7              ojAlgo-LP-dual-D      OPTIMAL               69085.898209ms        
MAROS-R7              ojAlgo-LP-dual-S      FAILED                TIMEOUT               
PDS-02                ORTools               OPTIMAL               65.567708ms           
PDS-02                ojAlgo-LP-dual-D      OPTIMAL               477.942584ms          
PDS-02                ojAlgo-LP-dual-S      OPTIMAL               10024.221542ms        
QAP12                 ORTools               OPTIMAL               24524.793625ms        
QAP12                 ojAlgo-LP-dual-D      FAILED                UNSTABLE              
QAP12                 ojAlgo-LP-dual-S      FAILED                UNSTABLE              
SHIP12L               ORTools               OPTIMAL               21.771417ms           
SHIP12L               ojAlgo-LP-dual-D      OPTIMAL               49.860584ms           
SHIP12L               ojAlgo-LP-dual-S      OPTIMAL               408.616708ms          
TRUSS                 ORTools               OPTIMAL               390.162584ms          
TRUSS                 ojAlgo-LP-dual-D      FAILED                WRONG                 
TRUSS                 ojAlgo-LP-dual-S      FAILED                WRONG                 
WOODW                 ORTools               OPTIMAL               77.331125ms           
WOODW                 ojAlgo-LP-dual-D      OPTIMAL               2424.210542ms         
WOODW                 ojAlgo-LP-dual-S      OPTIMAL               1564.025125ms         
